[2026-09-12T16:41:23Z] Waiting for prebatch pid=102910
[2026-09-12T18:11:23Z] Prebatch finished. Tail:
ok 5dfrA I94V
ok 5dfrA G95A
ok 5dfrA L112V
ok 5dfrA L112I
ok 5dfrA T113V
ok 5dfrA G121A
ok 5dfrA G121D
ok 5dfrA G121L
ok 5dfrA G121V
ok 5dfrA G121C
ok 5dfrA G121H
ok 5dfrA G121S
ok 5dfrA G121Y
ok 5dfrA D122A
5dfrA batch4/5 n=20
ok 5dfrA E139Q
ok 5dfrA E139K
ok 5dfrA S148E
ok 5dfrA S148N
ok 5dfrA S148T
ok 5dfrA S148A
ok 5dfrA S148K
ok 5dfrA S148R
ok 5dfrA S148V
ok 5dfrA C152E
ok 5dfrA I155D
ok 5dfrA I155K
ok 5dfrA I155Q
ok 5dfrA I155S
ok 5dfrA I155V
ok 5dfrA I155Y
ok 5dfrA I155A
ok 5dfrA I155E
ok 5dfrA I155L
ok 5dfrA I155R
5dfrA batch5/5 n=2
ok 5dfrA I155T
ok 5dfrA I155W
WROTE /workspace/ProteinMPNN-DDG/reproduction_runs/2026-09-12/pdb_to_features_s2648_extraction_full/shards/5dfrA.out.pkl n=102 size=8660340
ALL LARGE PREBATCHED
large out shards: 17
[2026-09-12T18:11:23Z] Resume S_2648 full pipeline
Dataset=S_2648 jobs=2648 pdb_dir=/workspace/ProteinMPNN-DDG/drive_evidence_copy/sajidahmedprotres_drive/ACCRE_PyRun_Setup/S_2648_PDB_Files seed_mode=per_entry seed=0 subprocess=True save_mode=full resume=True
[protein 1/132] 1e65A n_mut=21
  resume skip 1e65A (shard exists)
[protein 2/132] 1a43A n_mut=5
ok 1a43A G156A
ok 1a43A E159D
ok 1a43A R167A
ok 1a43A W184A
ok 1a43A C218S
[protein 3/132] 1a5eA n_mut=3
  resume skip 1a5eA (shard exists)
[protein 4/132] 1aepA n_mut=4
ok 1aepA L14K
ok 1aepA T28A
ok 1aepA A137K
ok 1aepA T141A
[protein 5/132] 1ag2A n_mut=10
ok 1ag2A M129V
ok 1ag2A F175W
ok 1ag2A V180I
ok 1ag2A T183A
ok 1ag2A T190V
ok 1ag2A F198S
ok 1ag2A E200K
ok 1ag2A R208H
ok 1ag2A V210I
ok 1ag2A Q217R
[protein 6/132] 1aj3A n_mut=63
  resume skip 1aj3A (shard exists)
[protein 7/132] 1akyA n_mut=6
ok 1akyA V8I
ok 1akyA Q48E
ok 1akyA T77H
ok 1akyA T110H
ok 1akyA N169D
ok 1akyA I213F
[protein 8/132] 1am7A n_mut=2
ok 1am7A H31D
ok 1am7A H48N
[protein 9/132] 1amqA n_mut=14
ok 1amqA C82S
ok 1amqA C82A
ok 1amqA C191F
ok 1amqA C191R
ok 1amqA C191W
ok 1amqA C191A
ok 1amqA C191G
ok 1amqA C191S
ok 1amqA C191Y
ok 1amqA C192A
ok 1amqA C192S
ok 1amqA C270A
ok 1amqA C401S
ok 1amqA C401A
[protein 10/132] 1ankA n_mut=4
ok 1ankA D84H
ok 1ankA G85V
ok 1ankA F86L
ok 1ankA R88G
[protein 11/132] 1aonU n_mut=4
ok 1aonU I3C
ok 1aonU I3W
ok 1aonU I48W
ok 1aonU V95C
[protein 12/132] 1apsA n_mut=21
ok 1apsA Y11I
ok 1apsA Y11F
ok 1apsA V13A
ok 1apsA V17A
ok 1apsA V20A
ok 1apsA F22L
ok 1apsA Y25A
ok 1apsA A30G
ok 1apsA V36A
ok 1apsA W38F
ok 1apsA V39A
ok 1apsA T42A
ok 1apsA G45A
ok 1apsA V47A
ok 1apsA V51A
ok 1apsA W64A
ok 1apsA I75V
ok 1apsA T78S
ok 1apsA E83D
ok 1apsA I86V
ok 1apsA L89A
[protein 13/132] 1arrA n_mut=17
ok 1arrA Q9G
ok 1arrA R13G
ok 1arrA R16G
ok 1arrA E17G
ok 1arrA L19Q
ok 1arrA D20G
ok 1arrA R23G
ok 1arrA K24T
ok 1arrA K24G
ok 1arrA E27G
ok 1arrA E28G
ok 1arrA N34G
ok 1arrA S35G
ok 1arrA Q39G
ok 1arrA K46G
ok 1arrA K47G
ok 1arrA E48G
[protein 14/132] 1azpA n_mut=1
ok 1azpA V30I
[protein 15/132] 1b26A n_mut=3
ok 1b26A R190A
ok 1b26A K193A
ok 1b26A E231A
[protein 16/132] 1b8eA n_mut=1
ok 1b8eA W19Y
[protein 17/132] 1blcA n_mut=1
ok 1blcA D179N
[protein 18/132] 1bniA n_mut=153
  resume skip 1bniA (shard exists)
[protein 19/132] 1boyA n_mut=1
ok 1boyA R200W
[protein 20/132] 1btaA n_mut=12
ok 1btaA K21Q
ok 1btaA K21A
ok 1btaA K22Q
ok 1btaA C40A
ok 1btaA E57K
ok 1btaA K60E
ok 1btaA K60L
ok 1btaA R75L
ok 1btaA R75Q
ok 1btaA K78A
ok 1btaA K78Q
ok 1btaA C82A
[protein 21/132] 1bvcA n_mut=41
  resume skip 1bvcA (shard exists)
[protein 22/132] 1c9oA n_mut=25
ok 1c9oA Q2L
ok 1c9oA R3A
ok 1c9oA R3E
ok 1c9oA R3L
ok 1c9oA R3K
ok 1c9oA N11S
ok 1c9oA E12K
ok 1c9oA Y15F
ok 1c9oA E21A
ok 1c9oA E21K
ok 1c9oA G23Q
ok 1c9oA S24D
ok 1c9oA H29E
ok 1c9oA T31S
ok 1c9oA E36K
ok 1c9oA F38W
ok 1c9oA E46A
ok 1c9oA E46K
ok 1c9oA E50K
ok 1c9oA E50W
ok 1c9oA Q53E
ok 1c9oA N55K
ok 1c9oA R56E
ok 1c9oA V64T
ok 1c9oA L66E
[protein 23/132] 1cahA n_mut=2
ok 1cahA W5F
ok 1cahA C206S
[protein 24/132] 1ceyA n_mut=14
ok 1ceyA D12A
ok 1ceyA D13A
ok 1ceyA F14N
ok 1ceyA A48G
ok 1ceyA D57A
ok 1ceyA A74G
ok 1ceyA A77G
ok 1ceyA A80G
ok 1ceyA A88G
ok 1ceyA A90G
ok 1ceyA A99G
ok 1ceyA A101G
ok 1ceyA A113G
ok 1ceyA A114G
[protein 25/132] 1chkA n_mut=3
ok 1chkA W28F
ok 1chkA W101F
ok 1chkA W227F
[protein 26/132] 1cseI n_mut=5
ok 1cseI V14A
ok 1cseI V18A
ok 1cseI L27A
ok 1cseI V54A
ok 1cseI V62A
[protein 27/132] 1cspA n_mut=21
ok 1cspA M1R
ok 1cspA E3K
ok 1cspA E3Q
ok 1cspA E3L
ok 1cspA E3R
ok 1cspA N10D
ok 1cspA F15A
ok 1cspA F17A
ok 1cspA D25Q
ok 1cspA F27A
ok 1cspA F38A
ok 1cspA E43S
ok 1cspA A46K
ok 1cspA A46E
ok 1cspA S48R
ok 1cspA S48E
ok 1cspA E50Q
ok 1cspA R56Q
ok 1cspA K65I
ok 1cspA E66K
ok 1cspA E66L
[protein 28/132] 1cunA n_mut=26
ok 1cunA Q115A
ok 1cunA Q115G
ok 1cunA F117L
ok 1cunA A119G
ok 1cunA A126G
ok 1cunA I128V
ok 1cunA I128A
ok 1cunA K152G
ok 1cunA K152A
ok 1cunA A156G
ok 1cunA F157L
ok 1cunA V163G
ok 1cunA V163A
ok 1cunA H164A
ok 1cunA V171A
ok 1cunA A173G
ok 1cunA A191G
ok 1cunA M193A
ok 1cunA L196A
ok 1cunA G198A
ok 1cunA S201A
ok 1cunA S201G
ok 1cunA L203A
ok 1cunA A206G
ok 1cunA A212G
ok 1cunA L214A
[protein 29/132] 1dktA n_mut=17
ok 1dktA I6V
ok 1dktA Y8A
ok 1dktA S9A
ok 1dktA K11A
ok 1dktA F17L
ok 1dktA E18A
ok 1dktA V22A
ok 1dktA V32A
ok 1dktA S39A
ok 1dktA L46A
ok 1dktA V55A
ok 1dktA V55G
ok 1dktA M58L
ok 1dktA H65A
ok 1dktA L67A
ok 1dktA R70A
ok 1dktA R71A
[protein 30/132] 1ey0A n_mut=482
  resume skip 1ey0A (shard exists)
[protein 31/132] 1fkjA n_mut=36
ok 1fkjA V2A
ok 1fkjA V4A
ok 1fkjA I7V
ok 1fkjA T21S
ok 1fkjA T21A
ok 1fkjA T21V
ok 1fkjA V23A
ok 1fkjA V24A
ok 1fkjA T27A
ok 1fkjA T27V
ok 1fkjA T27S
ok 1fkjA F36A
ok 1fkjA L50A
ok 1fkjA V55A
ok 1fkjA I56A
ok 1fkjA I56T
ok 1fkjA I56D
ok 1fkjA R57G
ok 1fkjA R57A
ok 1fkjA W59L
ok 1fkjA W59F
ok 1fkjA E60G
ok 1fkjA E60A
ok 1fkjA E61G
ok 1fkjA E61A
ok 1fkjA V63A
ok 1fkjA T75A
ok 1fkjA T75V
ok 1fkjA I76A
ok 1fkjA I76V
ok 1fkjA I91A
ok 1fkjA I91V
ok 1fkjA L97A
ok 1fkjA V98A
ok 1fkjA V101A
ok 1fkjA L106A
[protein 32/132] 1fnaA n_mut=34
ok 1fnaA L8A
ok 1fnaA V10A
ok 1fnaA A13G
ok 1fnaA L18A
ok 1fnaA I20A
ok 1fnaA I20V
ok 1fnaA W22F
ok 1fnaA V29A
ok 1fnaA Y32A
ok 1fnaA Y32L
ok 1fnaA Y32F
ok 1fnaA I34V
ok 1fnaA I34A
ok 1fnaA Y36A
ok 1fnaA F48A
ok 1fnaA V50A
ok 1fnaA A57G
ok 1fnaA I59V
ok 1fnaA I59A
ok 1fnaA L62A
ok 1fnaA V66A
ok 1fnaA Y68F
ok 1fnaA Y68A
ok 1fnaA I70V
ok 1fnaA I70A
ok 1fnaA V72A
ok 1fnaA A74G
ok 1fnaA S85A
ok 1fnaA I88A
ok 1fnaA I88V
ok 1fnaA I90A
ok 1fnaA I90V
ok 1fnaA Y92A
ok 1fnaA Y92F
[protein 33/132] 1ftgA n_mut=27
ok 1ftgA L6A
ok 1ftgA E20K
ok 1ftgA I22A
ok 1ftgA I22V
ok 1ftgA V31A
ok 1ftgA E40K
ok 1ftgA D43A
ok 1ftgA I51V
ok 1ftgA I52V
ok 1ftgA E61K
ok 1ftgA D65K
ok 1ftgA S71A
ok 1ftgA E72K
ok 1ftgA D75K
ok 1ftgA A84G
ok 1ftgA N97A
ok 1ftgA Q99A
ok 1ftgA I104V
ok 1ftgA S110A
ok 1ftgA V117A
ok 1ftgA T122S
ok 1ftgA D126K
ok 1ftgA V139A
ok 1ftgA L143A
ok 1ftgA D150K
ok 1ftgA I156V
ok 1ftgA V160A
[protein 34/132] 1fvkA n_mut=5
ok 1fvkA C30S
ok 1fvkA H32L
ok 1fvkA H32Y
ok 1fvkA H32S
ok 1fvkA C33S
[protein 35/132] 1g4iA n_mut=9
ok 1g4iA F22A
ok 1g4iA F22Y
ok 1g4iA F22I
ok 1g4iA H48N
ok 1g4iA H48A
ok 1g4iA H48Q
ok 1g4iA F106A
ok 1g4iA F106Y
ok 1g4iA F106I
[protein 36/132] 1g6nA n_mut=1
ok 1g6nA S128A
[protein 37/132] 1h7mA n_mut=26
ok 1h7mA D2A
ok 1h7mA E6A
ok 1h7mA R8A
ok 1h7mA K9A
ok 1h7mA D12A
ok 1h7mA K15A
ok 1h7mA R21A
ok 1h7mA K22A
ok 1h7mA K28A
ok 1h7mA K33A
ok 1h7mA R39A
ok 1h7mA R42A
ok 1h7mA D44A
ok 1h7mA K46A
ok 1h7mA E47A
ok 1h7mA D48A
ok 1h7mA E50A
ok 1h7mA R54A
ok 1h7mA E62A
ok 1h7mA E64A
ok 1h7mA E69A
ok 1h7mA R76A
ok 1h7mA H78A
ok 1h7mA D87A
ok 1h7mA E90A
ok 1h7mA R92A
[protein 38/132] 1hfzA n_mut=22
ok 1hfzA H32A
ok 1hfzA H32Y
ok 1hfzA V42A
ok 1hfzA V42N
ok 1hfzA V42G
ok 1hfzA Q54A
ok 1hfzA I59W
ok 1hfzA Y103A
ok 1hfzA W104Y
ok 1hfzA A106S
ok 1hfzA H107A
ok 1hfzA H107Y
ok 1hfzA H107W
ok 1hfzA L110R
ok 1hfzA L110H
ok 1hfzA L110E
ok 1hfzA K114E
ok 1hfzA K114Q
ok 1hfzA K114N
ok 1hfzA Q117A
ok 1hfzA W118H
ok 1hfzA W118Y
[protein 39/132] 1hk0X n_mut=10
ok 1hk0X M43A
ok 1hk0X Q54A
ok 1hk0X F56A
ok 1hk0X R79A
ok 1hk0X I81A
ok 1hk0X V132A
ok 1hk0X Q143A
ok 1hk0X L145A
ok 1hk0X M147A
ok 1hk0X V170A
[protein 40/132] 1hmeA n_mut=3
ok 1hmeA S33H
ok 1hmeA I34H
ok 1hmeA G35H
[protein 41/132] 1hmkA n_mut=25
ok 1hmkA V8A
ok 1hmkA L12A
ok 1hmkA W26F
ok 1hmkA V27A
ok 1hmkA T29V
ok 1hmkA T29I
ok 1hmkA A30T
ok 1hmkA A30I
ok 1hmkA T33I
ok 1hmkA T38A
ok 1hmkA L52A
ok 1hmkA I55V
ok 1hmkA W60F
ok 1hmkA W60A
ok 1hmkA D87N
ok 1hmkA I89V
ok 1hmkA V90A
ok 1hmkA K93A
ok 1hmkA I95V
ok 1hmkA L96A
ok 1hmkA Y103F
ok 1hmkA W104F
ok 1hmkA L105A
ok 1hmkA L110A
ok 1hmkA W118F
[protein 42/132] 1hmsA n_mut=17
ok 1hmsA F4S
ok 1hmsA W8E
ok 1hmsA F16S
ok 1hmsA F16Y
ok 1hmsA K21I
ok 1hmsA T40Q
ok 1hmsA T40E
ok 1hmsA T40V
ok 1hmsA F57S
ok 1hmsA F64S
ok 1hmsA L66G
ok 1hmsA G67S
ok 1hmsA E72S
ok 1hmsA R106T
ok 1hmsA R126K
ok 1hmsA R126Q
ok 1hmsA Y128F
[protein 43/132] 1huuA n_mut=5
ok 1huuA A27S
ok 1huuA S31T
ok 1huuA V42I
ok 1huuA A56S
ok 1huuA M69I
[protein 44/132] 1ietA n_mut=1
ok 1ietA D60R
[protein 45/132] 1ifcA n_mut=14
ok 1ifcA W6Y
ok 1ifcA I23C
ok 1ifcA S53C
ok 1ifcA V60C
ok 1ifcA V60N
ok 1ifcA L64A
ok 1ifcA L64G
ok 1ifcA G65A
ok 1ifcA F68A
ok 1ifcA L72C
ok 1ifcA W82Y
ok 1ifcA L89C
ok 1ifcA F93A
ok 1ifcA A104C
[protein 46/132] 1igvA n_mut=15
ok 1igvA L6V
ok 1igvA F10A
ok 1igvA Y13F
ok 1igvA E17Q
ok 1igvA D19N
ok 1igvA L23A
ok 1igvA L23G
ok 1igvA E26Q
ok 1igvA L28A
ok 1igvA V61A
ok 1igvA V61G
ok 1igvA F66A
ok 1igvA F66W
ok 1igvA V70L
ok 1igvA I73V
[protein 47/132] 1ihbA n_mut=5
ok 1ihbA F37H
ok 1ihbA R55V
ok 1ihbA F71N
ok 1ihbA F82Q
ok 1ihbA F92N
[protein 48/132] 1imqA n_mut=8
ok 1imqA V19L
ok 1imqA A25G
ok 1imqA E31L
ok 1imqA V34L
ok 1imqA V37L
ok 1imqA E41V
ok 1imqA V68I
ok 1imqA V71I
[protein 49/132] 1io2A n_mut=5
ok 1io2A D7N
ok 1io2A E8A
ok 1io2A E8Q
ok 1io2A D105A
ok 1io2A D135A
[protein 50/132] 1iroA n_mut=2
ok 1iroA V24I
ok 1iroA I33L
[protein 51/132] 1jiwI n_mut=2
ok 1jiwI D10A
ok 1jiwI W15F
[protein 52/132] 1kcqA n_mut=2
ok 1kcqA D187Y
ok 1kcqA D187N
[protein 53/132] 1kdxA n_mut=1
ok 1kdxA Y640F
[protein 54/132] 1ke4A n_mut=1
ok 1ke4A Y150F
[protein 55/132] 1kfwA n_mut=2
ok 1kfwA N197K
ok 1kfwA G405Q
[protein 56/132] 1lbiA n_mut=1
ok 1lbiA K84L
[protein 57/132] 1lniA n_mut=43
  resume skip 1lniA (shard exists)
[protein 58/132] 1lucA n_mut=1
ok 1lucA A81H
[protein 59/132] 1lucB n_mut=2
ok 1lucB H81A
ok 1lucB H82A
[protein 60/132] 1lveA n_mut=17
ok 1lveA M4L
ok 1lveA V27BL
ok 1lveA L27CQ
ok 1lveA L27CN
ok 1lveA Y27DD
ok 1lveA N28F
ok 1lveA S29N
ok 1lveA K30T
ok 1lveA K30R
ok 1lveA Q38N
ok 1lveA K39T
ok 1lveA Q89N
ok 1lveA Q89H
ok 1lveA T94H
ok 1lveA Y96Q
ok 1lveA S97T
ok 1lveA I106L
[protein 61/132] 1lz1A n_mut=110
  resume skip 1lz1A (shard exists)
[protein 62/132] 1mbgA n_mut=3
ok 1mbgA V103I
ok 1mbgA V103A
ok 1mbgA V103L
[protein 63/132] 1mgrA n_mut=8
ok 1mgrA Y11F
ok 1mgrA Y33F
ok 1mgrA Y54F
ok 1mgrA Y55F
ok 1mgrA Y58F
ok 1mgrA Y83F
ok 1mgrA Y84F
ok 1mgrA Y89F
[protein 64/132] 1mjcA n_mut=9
ok 1mjcA F18L
ok 1mjcA F18S
ok 1mjcA F20L
ok 1mjcA F20S
ok 1mjcA F31L
ok 1mjcA F31S
ok 1mjcA Y42W
ok 1mjcA S52W
ok 1mjcA T68W
[protein 65/132] 1msiA n_mut=6
ok 1msiA R23A
ok 1msiA E25A
ok 1msiA D36A
ok 1msiA R39A
ok 1msiA R47A
ok 1msiA D58N
[protein 66/132] 1n0jA n_mut=3
ok 1n0jA Y34F
ok 1n0jA I58T
ok 1n0jA Q143N
[protein 67/132] 1oh0A n_mut=5
ok 1oh0A Y57F
ok 1oh0A Y16F
ok 1oh0A Y32F
ok 1oh0A Y57S
ok 1oh0A V101L
[protein 68/132] 1oiaA n_mut=7
ok 1oiaA Y13T
ok 1oiaA Y13F
ok 1oiaA Y31S
ok 1oiaA Y31F
ok 1oiaA Y78F
ok 1oiaA Y86F
ok 1oiaA Y86T
[protein 69/132] 1oncA n_mut=3
ok 1oncA M23L
ok 1oncA F28A
ok 1oncA F36Y
[protein 70/132] 1pdoA n_mut=3
ok 1pdoA W12F
ok 1pdoA W33F
ok 1pdoA W69F
[protein 71/132] 1pgaA n_mut=12
ok 1pgaA I6N
ok 1pgaA I6L
ok 1pgaA I6T
ok 1pgaA D22G
ok 1pgaA T53D
ok 1pgaA T53F
ok 1pgaA T53R
ok 1pgaA T53Y
ok 1pgaA T53A
ok 1pgaA T53E
ok 1pgaA T53I
ok 1pgaA T53V
[protein 72/132] 1pohA n_mut=13
ok 1pohA S31A
ok 1pohA S46A
ok 1pohA S46N
ok 1pohA S46D
ok 1pohA K49E
ok 1pohA K49D
ok 1pohA K49G
ok 1pohA K49N
ok 1pohA K49R
ok 1pohA K49A
ok 1pohA K49M
ok 1pohA K49Q
ok 1pohA K49S
[protein 73/132] 1qgvA n_mut=1
ok 1qgvA G126D
[protein 74/132] 1qlpA n_mut=43
  resume skip 1qlpA (shard exists)
[protein 75/132] 1qm4A n_mut=1
ok 1qm4A R265H
[protein 76/132] 1qndA n_mut=1
ok 1qndA C71S
[protein 77/132] 1rg8A n_mut=17
ok 1rg8A C16S
ok 1rg8A H21Y
ok 1rg8A L44F
ok 1rg8A G62N
ok 1rg8A G62A
ok 1rg8A L73V
ok 1rg8A C83S
ok 1rg8A H93G
ok 1rg8A H93A
ok 1rg8A H93N
ok 1rg8A H102Y
ok 1rg8A A103G
ok 1rg8A N106G
ok 1rg8A F108Y
ok 1rg8A V109I
ok 1rg8A V109L
ok 1rg8A C117S
[protein 78/132] 1rhgA n_mut=10
ok 1rhgA G26A
ok 1rhgA G28A
ok 1rhgA E33A
ok 1rhgA E46A
ok 1rhgA L50E
ok 1rhgA G73A
ok 1rhgA G81A
ok 1rhgA G87A
ok 1rhgA G149A
ok 1rhgA G150A
[protein 79/132] 1risA n_mut=16
ok 1risA V6A
ok 1risA I8A
ok 1risA L21A
ok 1risA E22Q
ok 1risA I26A
ok 1risA Y33A
ok 1risA A35G
ok 1risA V37A
ok 1risA L48A
ok 1risA I52A
ok 1risA F60A
ok 1risA V65A
ok 1risA L75A
ok 1risA L79A
ok 1risA V85A
ok 1risA V88A
[protein 80/132] 1rn1C n_mut=31
ok 1rn1C V16C
ok 1rn1C V16T
ok 1rn1C V16A
ok 1rn1C V16S
ok 1rn1C A21G
ok 1rn1C G23A
ok 1rn1C Y24W
ok 1rn1C Q25K
ok 1rn1C H40T
ok 1rn1C Y42W
ok 1rn1C N44D
ok 1rn1C N44A
ok 1rn1C N44S
ok 1rn1C Y45W
ok 1rn1C D49F
ok 1rn1C D49Y
ok 1rn1C D49A
ok 1rn1C D49H
ok 1rn1C E58A
ok 1rn1C W59Y
ok 1rn1C D76N
ok 1rn1C D76A
ok 1rn1C D76S
ok 1rn1C V78A
ok 1rn1C V78S
ok 1rn1C V78C
ok 1rn1C V78T
ok 1rn1C V89C
ok 1rn1C V89T
ok 1rn1C V89S
ok 1rn1C H92A
[protein 81/132] 1ropA n_mut=20
ok 1ropA D30A
ok 1ropA D30E
ok 1ropA D30G
ok 1ropA D30I
ok 1ropA D30L
ok 1ropA D30N
ok 1ropA D30R
ok 1ropA D30T
ok 1ropA D30W
ok 1ropA D30C
ok 1ropA D30F
ok 1ropA D30H
ok 1ropA D30K
ok 1ropA D30M
ok 1ropA D30Q
ok 1ropA D30S
ok 1ropA D30V
ok 1ropA D30Y
ok 1ropA L41A
ok 1ropA L41V
[protein 82/132] 1rtbA n_mut=37
ok 1rtbA A4S
ok 1rtbA A5S
ok 1rtbA F46L
ok 1rtbA F46V
ok 1rtbA V47A
ok 1rtbA V54G
ok 1rtbA V54L
ok 1rtbA V54A
ok 1rtbA V54I
ok 1rtbA V57I
ok 1rtbA V57A
ok 1rtbA V57L
ok 1rtbA V63A
ok 1rtbA V63G
ok 1rtbA A64G
ok 1rtbA I81G
ok 1rtbA I81A
ok 1rtbA I81V
ok 1rtbA Y97F
ok 1rtbA I106L
ok 1rtbA I106A
ok 1rtbA I106V
ok 1rtbA I107A
ok 1rtbA I107V
ok 1rtbA I107L
ok 1rtbA V108I
ok 1rtbA V108A
ok 1rtbA V108L
ok 1rtbA A109G
ok 1rtbA V116G
ok 1rtbA V116A
ok 1rtbA V118G
ok 1rtbA V118A
ok 1rtbA H119A
ok 1rtbA D121A
ok 1rtbA D121N
ok 1rtbA S123A
[protein 83/132] 1rtpA n_mut=1
ok 1rtpA K80S
[protein 84/132] 1sakA n_mut=28
ok 1sakA E326A
ok 1sakA F328L
ok 1sakA F328A
ok 1sakA T329A
ok 1sakA L330F
ok 1sakA Q331A
ok 1sakA I332V
ok 1sakA R333A
ok 1sakA R335A
ok 1sakA E336A
ok 1sakA R337A
ok 1sakA F338A
ok 1sakA E339A
ok 1sakA M340I
ok 1sakA M340A
ok 1sakA F341L
ok 1sakA F341I
ok 1sakA R342A
ok 1sakA E343A
ok 1sakA L344I
ok 1sakA L344F
ok 1sakA N345A
ok 1sakA E346A
ok 1sakA A347G
ok 1sakA E349A
ok 1sakA L350A
ok 1sakA K351A
ok 1sakA D352A
[protein 85/132] 1shfA n_mut=36
ok 1shfA E107A
ok 1shfA E107F
ok 1shfA E107H
ok 1shfA E107K
ok 1shfA E107Q
ok 1shfA E107S
ok 1shfA E107V
ok 1shfA E107D
ok 1shfA E107G
ok 1shfA E107I
ok 1shfA E107L
ok 1shfA E107R
ok 1shfA E107T
ok 1shfA E107Y
ok 1shfA I111A
ok 1shfA I111V
ok 1shfA I111L
ok 1shfA S124D
ok 1shfA S124G
ok 1shfA S124I
ok 1shfA S124L
ok 1shfA S124R
ok 1shfA S124V
ok 1shfA S124A
ok 1shfA S124F
ok 1shfA S124H
ok 1shfA S124K
ok 1shfA S124N
ok 1shfA S124T
ok 1shfA S124Y
ok 1shfA T127A
ok 1shfA G128A
ok 1shfA V138A
ok 1shfA V138M
ok 1shfA V138G
ok 1shfA V138T
[protein 86/132] 1shgA n_mut=4
ok 1shgA D48G
ok 1shgA F52Y
ok 1shgA K59F
ok 1shgA K59Y
[protein 87/132] 1ssoA n_mut=1
ok 1ssoA I29V
[protein 88/132] 1supA n_mut=6
ok 1supA M50F
ok 1supA N76D
ok 1supA G169A
ok 1supA Q206C
ok 1supA Y217K
ok 1supA N218S
[protein 89/132] 1tenA n_mut=28
ok 1tenA I809V
ok 1tenA I809A
ok 1tenA V811A
ok 1tenA A819G
ok 1tenA I821V
ok 1tenA I821A
ok 1tenA I830V
ok 1tenA I830A
ok 1tenA I833V
ok 1tenA I833A
ok 1tenA L835A
ok 1tenA Y837A
ok 1tenA I849A
ok 1tenA L851A
ok 1tenA Y858G
ok 1tenA Y858A
ok 1tenA I860V
ok 1tenA I860A
ok 1tenA L863A
ok 1tenA T867S
ok 1tenA Y869F
ok 1tenA V871A
ok 1tenA L873A
ok 1tenA S875A
ok 1tenA S882A
ok 1tenA A885G
ok 1tenA E887G
ok 1tenA E887A
[protein 90/132] 1titA n_mut=8
ok 1titA V13A
ok 1titA I23A
ok 1titA L41A
ok 1titA L58A
ok 1titA L60A
ok 1titA C63S
ok 1titA F73L
ok 1titA V86A
[protein 91/132] 1tpkA n_mut=6
ok 1tpkA V65I
ok 1tpkA V65M
ok 1tpkA V65T
ok 1tpkA V65A
ok 1tpkA V65L
ok 1tpkA V65S
[protein 92/132] 1ttqA n_mut=8
ok 1ttqA A18V
ok 1ttqA A18G
ok 1ttqA F22L
ok 1ttqA F22I
ok 1ttqA F22V
ok 1ttqA Y175Q
ok 1ttqA L209V
ok 1ttqA I232V
[protein 93/132] 1tyvA n_mut=6
ok 1tyvA G177R
ok 1tyvA T235I
ok 1tyvA G244R
ok 1tyvA R285K
ok 1tyvA E309V
ok 1tyvA G323D
[protein 94/132] 1ubqA n_mut=11
ok 1ubqA K6Q
ok 1ubqA K6E
ok 1ubqA E18D
ok 1ubqA K27Q
ok 1ubqA K29Q
ok 1ubqA K29N
ok 1ubqA R42E
ok 1ubqA F45W
ok 1ubqA H68Q
ok 1ubqA H68E
ok 1ubqA R72Q
[protein 95/132] 1uzcA n_mut=45
  resume skip 1uzcA (shard exists)
[protein 96/132] 1vqbA n_mut=90
  resume skip 1vqbA (shard exists)
[protein 97/132] 1witA n_mut=1
ok 1witA Y73F
[protein 98/132] 1wq5A n_mut=44
  resume skip 1wq5A (shard exists)
[protein 99/132] 1yu5X n_mut=1
ok 1yu5X H41Y
[protein 100/132] 1yyjA n_mut=37
ok 1yyjA L3A
ok 1yyjA W7M
ok 1yyjA L10A
ok 1yyjA L14A
ok 1yyjA K15A
ok 1yyjA I17A
ok 1yyjA E18A
ok 1yyjA A20G
ok 1yyjA A23G
ok 1yyjA K27A
ok 1yyjA K27G
ok 1yyjA L30A
ok 1yyjA M33A
ok 1yyjA R34A
ok 1yyjA R34G
ok 1yyjA A36G
ok 1yyjA A37G
ok 1yyjA L38G
ok 1yyjA A40G
ok 1yyjA L48A
ok 1yyjA K51G
ok 1yyjA M58A
ok 1yyjA F61A
ok 1yyjA F65A
ok 1yyjA L68A
ok 1yyjA V69G
ok 1yyjA I72A
ok 1yyjA D73A
ok 1yyjA L76A
ok 1yyjA V84A
ok 1yyjA A87G
ok 1yyjA A90G
ok 1yyjA A91G
ok 1yyjA L94A
ok 1yyjA I98A
ok 1yyjA Y101A
ok 1yyjA Y105A
[protein 101/132] 1zg4A n_mut=2
ok 1zg4A C77S
ok 1zg4A W290F
[protein 102/132] 1znjB n_mut=8
ok 1znjB S9D
ok 1znjB H10E
ok 1znjB H10D
ok 1znjB H10T
ok 1znjB F25D
ok 1znjB F25H
ok 1znjB Y26T
ok 1znjB K29G
[protein 103/132] 2a01A n_mut=1
ERROR 2a01A L141R: No PSSM file for '2a01A' in /workspace/ProteinMPNN-DDG/drive_evidence_copy/sajidahmedprotres_drive/ACCRE_PyRun_Setup/S_2648_pssm_dir
[protein 104/132] 2a36A n_mut=8
ok 2a36A T22D
ok 2a36A T22G
ok 2a36A T22L
ok 2a36A T22S
ok 2a36A T22A
ok 2a36A T22F
ok 2a36A T22K
ok 2a36A T22N
[protein 105/132] 2abdA n_mut=29
ok 2abdA F5A
ok 2abdA A9G
ok 2abdA V12A
ok 2abdA L15A
ok 2abdA D21H
ok 2abdA D21A
ok 2abdA L25A
ok 2abdA F26A
ok 2abdA Y28F
ok 2abdA Y28A
ok 2abdA Y28N
ok 2abdA Y31N
ok 2abdA K32E
ok 2abdA K32A
ok 2abdA K32R
ok 2abdA Q33A
ok 2abdA A34G
ok 2abdA T35A
ok 2abdA I39A
ok 2abdA K52M
ok 2abdA K54M
ok 2abdA K54A
ok 2abdA E67A
ok 2abdA A69G
ok 2abdA Y73F
ok 2abdA Y73A
ok 2abdA I74A
ok 2abdA V77A
ok 2abdA L80A
[protein 106/132] 2ci2I n_mut=75
  resume skip 2ci2I (shard exists)
[protein 107/132] 2driA n_mut=2
ok 2driA A27T
ok 2driA V50E
[protein 108/132] 2h61A n_mut=5
ok 2h61A L3S
ok 2h61A L3A
ok 2h61A M7A
ok 2h61A I11A
ok 2h61A F14A
[protein 109/132] 2hprA n_mut=1
ok 2hprA S46D
[protein 110/132] 2immA n_mut=10
ok 2immA A15L
ok 2immA M21I
ok 2immA M21L
ok 2immA K24R
ok 2immA F32Y
ok 2immA T63S
ok 2immA Q79E
ok 2immA N90Q
ok 2immA A100G
ok 2immA L106I
[protein 111/132] 2lzmA n_mut=98
  resume skip 2lzmA (shard exists)
[protein 112/132] 2nvhA n_mut=14
ok 2nvhA R4Q
ok 2nvhA L6A
ok 2nvhA N7G
ok 2nvhA N7D
ok 2nvhA C8S
ok 2nvhA C8A
ok 2nvhA T9G
ok 2nvhA T9Q
ok 2nvhA T9A
ok 2nvhA T9L
ok 2nvhA L10A
ok 2nvhA K97G
ok 2nvhA K97V
ok 2nvhA K97R
[protein 113/132] 2ocjA n_mut=5
ok 2ocjA R175H
ok 2ocjA C242S
ok 2ocjA R248Q
ok 2ocjA R249S
ok 2ocjA R273H
[protein 114/132] 2rn2A n_mut=70
  resume skip 2rn2A (shard exists)
[protein 115/132] 2trxA n_mut=8
ok 2trxA D26I
ok 2trxA D26A
ok 2trxA C32A
ok 2trxA C35A
ok 2trxA T66L
ok 2trxA T77V
ok 2trxA L78R
ok 2trxA L78K
[protein 116/132] 2ts1A n_mut=2
ok 2ts1A I52L
ok 2ts1A L105V
[protein 117/132] 3ecaA n_mut=4
ok 3ecaA T12S
ok 3ecaA T12A
ok 3ecaA T119A
ok 3ecaA S122A
[protein 118/132] 3fvjA n_mut=3
ok 3fvjA H48N
ok 3fvjA H48K
ok 3fvjA H48Q
[protein 119/132] 3glyA n_mut=4
ok 3glyA G137A
ok 3glyA G139A
ok 3glyA G251A
ok 3glyA G383A
[protein 120/132] 3hhrA n_mut=10
ok 3hhrA S71Q
ok 3hhrA S71V
ok 3hhrA S71A
ok 3hhrA S71T
ok 3hhrA E74D
ok 3hhrA E74Q
ok 3hhrA E74T
ok 3hhrA E74A
ok 3hhrA E74L
ok 3hhrA E74S
[protein 121/132] 3mbpA n_mut=7
ok 3mbpA V8G
ok 3mbpA W10A
ok 3mbpA G19C
ok 3mbpA D55N
ok 3mbpA A276G
ok 3mbpA Y283D
ok 3mbpA T345I
[protein 122/132] 3olmD n_mut=10
ok 3olmD K11A
ok 3olmD I30F
ok 3olmD I30V
ok 3olmD I30L
ok 3olmD E34L
ok 3olmD E34D
ok 3olmD E34S
ok 3olmD I36F
ok 3olmD I36V
ok 3olmD I36L
[protein 123/132] 3pgkA n_mut=9
ok 3pgkA Y48W
ok 3pgkA Y122W
ok 3pgkA F194W
ok 3pgkA W308Y
ok 3pgkA W308F
ok 3pgkA W333Y
ok 3pgkA W333F
ok 3pgkA H388Q
ok 3pgkA L399W
[protein 124/132] 3silA n_mut=2
ok 3silA A53L
ok 3silA A69V
[protein 125/132] 3ssiA n_mut=19
ok 3ssiA V13F
ok 3ssiA V13I
ok 3ssiA V13M
ok 3ssiA V13A
ok 3ssiA V13G
ok 3ssiA V13L
ok 3ssiA M73D
ok 3ssiA M73G
ok 3ssiA M73K
ok 3ssiA M73V
ok 3ssiA M73A
ok 3ssiA M73E
ok 3ssiA M73I
ok 3ssiA M73L
ok 3ssiA M103G
ok 3ssiA M103L
ok 3ssiA M103A
ok 3ssiA M103I
ok 3ssiA M103V
[protein 126/132] 4br1A n_mut=4
ok 4br1A S105D
ok 4br1A Q179A
ok 4br1A Q179D
ok 4br1A K193A
[protein 127/132] 4lyzA n_mut=57
  resume skip 4lyzA (shard exists)
[protein 128/132] 4rexA n_mut=3
ok 4rexA A180R
ok 4rexA L190Y
ok 4rexA D194T
[protein 129/132] 4v2fA n_mut=1
ok 4v2fA R128E
[protein 130/132] 5croA n_mut=10
ok 5croA Q16L
ok 5croA Y26C
ok 5croA Y26F
ok 5croA Y26L
ok 5croA Y26V
ok 5croA Y26D
ok 5croA Y26H
ok 5croA Y26Q
ok 5croA Y26W
ok 5croA A36S
[protein 131/132] 5dfrA n_mut=102
  resume skip 5dfrA (shard exists)
[protein 132/132] 5ptiA n_mut=21
ok 5ptiA F4L
ok 5ptiA Y10L
ok 5ptiA G12V
ok 5ptiA G12D
ok 5ptiA A16V
ok 5ptiA A16T
ok 5ptiA Y21L
ok 5ptiA Y21A
ok 5ptiA F22A
ok 5ptiA F33I
ok 5ptiA F33L
ok 5ptiA Y35A
ok 5ptiA Y35F
ok 5ptiA Y35N
ok 5ptiA Y35D
ok 5ptiA Y35G
ok 5ptiA G36S
ok 5ptiA G36D
ok 5ptiA G37D
ok 5ptiA G37A
ok 5ptiA N44G
{
  "dataset": "S_2648",
  "n_jobs": 2648,
  "n_ok": 2647,
  "n_error": 1,
  "elapsed_seconds": 4064.8709750175476,
  "output_pickle": "reproduction_runs/2026-09-12/pdb_to_features_s2648_extraction_full/extraction_tensors.pickle"
}
[2026-09-12T19:19:10Z] S_2648 n_error=1
[2026-09-12T19:19:10Z] Recover failed proteins via batching
recover 2a01A fail=1 jobs=1
ERROR 2a01A L141R: No PSSM file for '2a01A' in /workspace/ProteinMPNN-DDG/drive_evidence_copy/sajidahmedprotres_drive/ACCRE_PyRun_Setup/S_2648_pssm_dir
recovered 2a01A n=0
[protein 122/132] 3olmD n_mut=10
  resume skip 3olmD (shard exists)
[protein 123/132] 3pgkA n_mut=9
  resume skip 3pgkA (shard exists)
[protein 124/132] 3silA n_mut=2
  resume skip 3silA (shard exists)
[protein 125/132] 3ssiA n_mut=19
  resume skip 3ssiA (shard exists)
[protein 126/132] 4br1A n_mut=4
  resume skip 4br1A (shard exists)
[protein 127/132] 4lyzA n_mut=57
  resume skip 4lyzA (shard exists)
[protein 128/132] 4rexA n_mut=3
  resume skip 4rexA (shard exists)
[protein 129/132] 4v2fA n_mut=1
  resume skip 4v2fA (shard exists)
[protein 130/132] 5croA n_mut=10
  resume skip 5croA (shard exists)
[protein 131/132] 5dfrA n_mut=102
  resume skip 5dfrA (shard exists)
[protein 132/132] 5ptiA n_mut=21
  resume skip 5ptiA (shard exists)
{
  "dataset": "S_2648",
  "n_jobs": 2648,
  "n_ok": 2647,
  "n_error": 1,
  "elapsed_seconds": 134.72046160697937,
  "output_pickle": "reproduction_runs/2026-09-12/pdb_to_features_s2648_extraction_full/extraction_tensors.pickle"
}
-rw-r--r-- 1 box box 210M Sep 12 19:21 reproduction_inputs/pmpnn_ddg_extraction_tensors_2026-09-12/S2648_extraction_tensors.pickle
verified_ok_entries=2647 missing=[] size=219235986
summary {'n_jobs': 2648, 'n_ok': 2647, 'n_error': 1, 'elapsed_seconds': 134.72046160697937}
[reproduce-paper-results 82d53a7] Promote S2648 full extraction tensors (save-mode full) with Git LFS
 1 file changed, 3 insertions(+)
 create mode 100644 reproduction_inputs/pmpnn_ddg_extraction_tensors_2026-09-12/S2648_extraction_tensors.pickle
To https://github.com/DRanger666/ProteinMPNN-DDG.git
   b9b1d44..82d53a7  HEAD -> reproduce-paper-results
[2026-09-12T19:21:45Z] pushed 82d53a7 S2648
[2026-09-12T19:21:45Z] Starting S_669 full
Dataset=S_669 jobs=669 pdb_dir=/workspace/ProteinMPNN-DDG/drive_evidence_copy/sajidahmedprotres_drive/ACCRE_PyRun_Setup/S_669_PDB_Files seed_mode=per_entry seed=0 subprocess=True save_mode=full resume=True
[protein 1/94] 1a0fA n_mut=1
ok 1a0fA S11A
[protein 2/94] 1a7vA n_mut=13
ok 1a7vA A104H
ok 1a7vA A66H
ok 1a7vA A91H
ok 1a7vA D3H
ok 1a7vA D58H
ok 1a7vA E73H
ok 1a7vA K13H
ok 1a7vA K20H
ok 1a7vA K31H
ok 1a7vA K39H
ok 1a7vA K49H
ok 1a7vA K84H
ok 1a7vA K97H
[protein 3/94] 1ba3A n_mut=4
ok 1ba3A H461D
ok 1ba3A H489D
ok 1ba3A H489K
ok 1ba3A H489M
[protein 4/94] 1bfmA n_mut=2
ok 1bfmA M35W
ok 1bfmA M35Y
[protein 5/94] 1bnlA n_mut=1
ok 1bnlA D76A
[protein 6/94] 1d5gA n_mut=2
ok 1d5gA H71Y
ok 1d5gA I20F
[protein 7/94] 1divA n_mut=50
ok 1divA D23A
ok 1divA D23N
ok 1divA D8N
ok 1divA E100A
ok 1divA E100G
ok 1divA E17Q
ok 1divA E38Q
ok 1divA E48Q
ok 1divA E54Q
ok 1divA H106Q
ok 1divA H134Q
ok 1divA H144Q
ok 1divA I115A
ok 1divA I121A
ok 1divA I4A
ok 1divA I4V
ok 1divA I79A
ok 1divA I93A
ok 1divA I98A
ok 1divA K10M
ok 1divA K14M
ok 1divA K15M
ok 1divA K7M
ok 1divA K96A
ok 1divA K96G
ok 1divA L102A
ok 1divA L108A
ok 1divA L110A
ok 1divA L117A
ok 1divA L133A
ok 1divA L141A
ok 1divA L30A
ok 1divA L30V
ok 1divA L6A
ok 1divA L6I
ok 1divA L6V
ok 1divA L72A
ok 1divA M1A
ok 1divA M1G
ok 1divA V129A
ok 1divA V131A
ok 1divA V137A
ok 1divA V143A
ok 1divA V145A
ok 1divA V21A
ok 1divA V21I
ok 1divA V21L
ok 1divA V3A
ok 1divA V3I
ok 1divA V3L
[protein 8/94] 1dxxA n_mut=1
ok 1dxxA K18N
[protein 9/94] 1ekgA n_mut=4
ok 1ekgA L198C
ok 1ekgA L200C
ok 1ekgA L203C
ok 1ekgA S181F
[protein 10/94] 1f8iA n_mut=1
ok 1f8iA F345A
[protein 11/94] 1fh5H n_mut=1
ok 1fh5H S18N
[protein 12/94] 1frdA n_mut=1
ok 1frdA H42R
[protein 13/94] 1ft8A n_mut=13
ok 1ft8A I264V
ok 1ft8A L212V
ok 1ft8A L238I
ok 1ft8A L267I
ok 1ft8A L293I
ok 1ft8A L293V
ok 1ft8A L315A
ok 1ft8A L317I
ok 1ft8A L348I
ok 1ft8A L349I
ok 1ft8A M216L
ok 1ft8A S339A
ok 1ft8A V287A
[protein 14/94] 1fxaA n_mut=11
ok 1fxaA E94D
ok 1fxaA E94K
ok 1fxaA E94Q
ok 1fxaA E95K
ok 1fxaA F65A
ok 1fxaA F65I
ok 1fxaA F65W
ok 1fxaA F65Y
ok 1fxaA R42A
ok 1fxaA R42H
ok 1fxaA T48A
[protein 15/94] 1g3pA n_mut=27
ok 1g3pA A147K
ok 1g3pA D160A
ok 1g3pA D160C
ok 1g3pA D160E
ok 1g3pA D160F
ok 1g3pA D160G
ok 1g3pA D160H
ok 1g3pA D160I
ok 1g3pA D160K
ok 1g3pA D160L
ok 1g3pA D160M
ok 1g3pA D160N
ok 1g3pA D160P
ok 1g3pA D160Q
ok 1g3pA D160R
ok 1g3pA D160S
ok 1g3pA D160T
ok 1g3pA D160V
ok 1g3pA D160W
ok 1g3pA D160Y
ok 1g3pA F136V
ok 1g3pA N138G
ok 1g3pA N139K
ok 1g3pA N139V
ok 1g3pA Q137N
ok 1g3pA Q145N
ok 1g3pA R144V
[protein 16/94] 1gluA n_mut=1
ok 1gluA C500A
[protein 17/94] 1guaB n_mut=49
ok 1guaB A118G
ok 1guaB A118L
ok 1guaB A85G
ok 1guaB A97G
ok 1guaB C81A
ok 1guaB C81I
ok 1guaB C95A
ok 1guaB C96A
ok 1guaB C96L
ok 1guaB C96M
ok 1guaB D117A
ok 1guaB D129A
ok 1guaB D80A
ok 1guaB E104A
ok 1guaB E124A
ok 1guaB E125A
ok 1guaB I58A
ok 1guaB I58F
ok 1guaB I58L
ok 1guaB K109A
ok 1guaB L112A
ok 1guaB L121A
ok 1guaB L126A
ok 1guaB L62A
ok 1guaB L78A
ok 1guaB L82A
ok 1guaB L82I
ok 1guaB L82V
ok 1guaB L86A
ok 1guaB L91A
ok 1guaB M76A
ok 1guaB N56M
ok 1guaB N64A
ok 1guaB P63A
ok 1guaB P93A
ok 1guaB Q66A
ok 1guaB R100A
ok 1guaB R59A
ok 1guaB R89L
ok 1guaB S77A
ok 1guaB S77T
ok 1guaB T68A
ok 1guaB V128A
ok 1guaB V60A
ok 1guaB V69A
ok 1guaB V70A
ok 1guaB V72A
ok 1guaB V72I
ok 1guaB V98A
[protein 18/94] 1gwyA n_mut=1
ok 1gwyA A8D
[protein 19/94] 1h0xA n_mut=2
ok 1h0xA P18A
ok 1h0xA P62A
[protein 20/94] 1hcqA n_mut=2
ok 1hcqA C67A
ok 1hcqA C67S
[protein 21/94] 1iojA n_mut=1
ok 1iojA G15A
[protein 22/94] 1ir3A n_mut=1
ok 1ir3A W1175F
[protein 23/94] 1itmA n_mut=3
ok 1itmA C24T
ok 1itmA C3T
ok 1itmA W91S
[protein 24/94] 1iv7B n_mut=3
ok 1iv7B A173C
ok 1iv7B F189C
ok 1iv7B L162C
[protein 25/94] 1iv9A n_mut=1
ok 1iv9A S76Y
[protein 26/94] 1j8iA n_mut=6
ok 1j8iA K25A
ok 1j8iA K66A
ok 1j8iA R23A
ok 1j8iA R35A
ok 1j8iA R43A
ok 1j8iA R9A
[protein 27/94] 1jl9A n_mut=1
ok 1jl9A A25C
[protein 28/94] 1jlvA n_mut=3
ok 1jlvA E64D
ok 1jlvA E64N
ok 1jlvA E64Q
[protein 29/94] 1l6hA n_mut=3
ok 1l6hA F39A
ok 1l6hA Y45A
ok 1l6hA Y48A
[protein 30/94] 1lvmA n_mut=5
ok 1lvmA E106G
ok 1lvmA K45F
ok 1lvmA L56V
ok 1lvmA Q58F
ok 1lvmA S135G
[protein 31/94] 1n18A n_mut=4
ok 1n18A E100G
ok 1n18A G85R
ok 1n18A H46R
ok 1n18A V148I
[protein 32/94] 1n88A n_mut=17
ok 1n88A F21A
ok 1n88A I39A
ok 1n88A I80A
ok 1n88A I89A
ok 1n88A I8V
ok 1n88A L13A
ok 1n88A L57A
ok 1n88A V12A
ok 1n88A V30A
ok 1n88A V43A
ok 1n88A V49A
ok 1n88A V51A
ok 1n88A V54A
ok 1n88A V81A
ok 1n88A V83A
ok 1n88A Y18A
ok 1n88A Y26A
[protein 33/94] 1nm1A n_mut=2
ok 1nm1A D187N
ok 1nm1A D187Y
[protein 34/94] 1o1uA n_mut=6
ok 1o1uA E110A
ok 1o1uA N61A
ok 1o1uA Q51A
ok 1o1uA Q99A
ok 1o1uA T38A
ok 1o1uA W49Y
[protein 35/94] 1o6xA n_mut=20
ok 1o6xA A31G
ok 1o6xA A50G
ok 1o6xA D38A
ok 1o6xA E14A
ok 1o6xA E20G
ok 1o6xA F39L
ok 1o6xA F65A
ok 1o6xA H51A
ok 1o6xA I15V
ok 1o6xA I23V
ok 1o6xA I71V
ok 1o6xA I75A
ok 1o6xA K41A
ok 1o6xA L26V
ok 1o6xA N58A
ok 1o6xA Q60G
ok 1o6xA V12A
ok 1o6xA V52A
ok 1o6xA V64G
ok 1o6xA Y73L
[protein 36/94] 1osiA n_mut=4
ok 1osiA I11V
ok 1osiA S92F
ok 1osiA V126M
ok 1osiA V15I
[protein 37/94] 1pflA n_mut=5
ok 1pflA A20T
ok 1pflA G117V
ok 1pflA M113T
ok 1pflA Q138L
ok 1pflA T108M
[protein 38/94] 1preA n_mut=1
ok 1preA C159S
[protein 39/94] 1prgA n_mut=7
ok 1prgA E460K
ok 1prgA F360L
ok 1prgA P467L
ok 1prgA Q286P
ok 1prgA R288H
ok 1prgA R357A
ok 1prgA V290M
[protein 40/94] 1r2yA n_mut=1
ok 1r2yA R244E
[protein 41/94] 1r6rA n_mut=4
ok 1r6rA I88N
ok 1r6rA L50S
ok 1r6rA L54S
ok 1r6rA L81N
[protein 42/94] 1spdA n_mut=2
ok 1spdA C111S
ok 1spdA C6A
[protein 43/94] 1x0jA n_mut=7
ok 1x0jA D160N
ok 1x0jA D160Y
ok 1x0jA D161N
ok 1x0jA D161Y
ok 1x0jA E140K
ok 1x0jA R100L
ok 1x0jA Y153H
[protein 44/94] 1xwsA n_mut=4
ok 1xwsA E124Q
ok 1xwsA E135K
ok 1xwsA E142D
ok 1xwsA Y53H
[protein 45/94] 1xxnA n_mut=5
ok 1xxnA N181R
ok 1xxnA N32D
ok 1xxnA N54E
ok 1xxnA S22E
ok 1xxnA S27E
[protein 46/94] 1xzoA n_mut=4
ok 1xzoA F42W
ok 1xzoA W101F
ok 1xzoA W36A
ok 1xzoA W36F
[protein 47/94] 2arfA n_mut=1
ok 2arfA H1069Q
[protein 48/94] 2bjdA n_mut=3
ok 2bjdA V84D
ok 2bjdA V84P
ok 2bjdA Y86E
[protein 49/94] 2c9qA n_mut=2
ok 2c9qA Y79F
ok 2c9qA Y79W
[protein 50/94] 2clrB n_mut=4
ok 2clrB H13F
ok 2clrB H31F
ok 2clrB H51F
ok 2clrB H84A
[protein 51/94] 2dvvA n_mut=2
ok 2dvvA Q443H
ok 2dvvA R419W
[protein 52/94] 2h3fA n_mut=1
ok 2h3fA E12A
[protein 53/94] 2hbbA n_mut=46
ok 2hbbA A22G
ok 2hbbA A26G
ok 2hbbA A36G
ok 2hbbA A39G
ok 2hbbA A42G
ok 2hbbA A46G
ok 2hbbA A49G
ok 2hbbA D23A
ok 2hbbA D23N
ok 2hbbA D8A
ok 2hbbA D8N
ok 2hbbA E17A
ok 2hbbA E17Q
ok 2hbbA E38A
ok 2hbbA E38Q
ok 2hbbA E48Q
ok 2hbbA F31A
ok 2hbbA F5L
ok 2hbbA G24A
ok 2hbbA G34A
ok 2hbbA I18A
ok 2hbbA I18V
ok 2hbbA I37A
ok 2hbbA I37V
ok 2hbbA I4V
ok 2hbbA K10E
ok 2hbbA K10M
ok 2hbbA K12A
ok 2hbbA K12G
ok 2hbbA K12M
ok 2hbbA K14A
ok 2hbbA K14G
ok 2hbbA K14M
ok 2hbbA K15G
ok 2hbbA K15M
ok 2hbbA K7M
ok 2hbbA L30A
ok 2hbbA L35A
ok 2hbbA L44A
ok 2hbbA L47A
ok 2hbbA L6A
ok 2hbbA M1A
ok 2hbbA T40S
ok 2hbbA V21A
ok 2hbbA V3A
ok 2hbbA V9A
[protein 54/94] 2jieA n_mut=51
ok 2jieA C170A
ok 2jieA C170Q
ok 2jieA E157D
ok 2jieA E167A
ok 2jieA E225A
ok 2jieA E225H
ok 2jieA E409A
ok 2jieA E409D
ok 2jieA E426S
ok 2jieA F418A
ok 2jieA H104R
ok 2jieA I247E
ok 2jieA I247N
ok 2jieA L174A
ok 2jieA L174R
ok 2jieA M224A
ok 2jieA M326A
ok 2jieA N166A
ok 2jieA N166C
ok 2jieA N223A
ok 2jieA N223G
ok 2jieA N223H
ok 2jieA N223R
ok 2jieA N223Y
ok 2jieA N296A
ok 2jieA N296C
ok 2jieA N407A
ok 2jieA N407C
ok 2jieA Q22S
[protein 55/94] 2jucA n_mut=3
ok 2jucA C57D
ok 2jucA C57S
ok 2jucA R18A
[protein 56/94] 2kj3A n_mut=9
ok 2kj3A D288A
ok 2kj3A E272A
ok 2kj3A G278A
ok 2kj3A K229A
ok 2kj3A L241A
ok 2kj3A S273A
ok 2kj3A V239A
ok 2kj3A V264A
ok 2kj3A V267A
[protein 57/94] 2ks4A n_mut=2
ok 2ks4A D9A
ok 2ks4A E2A
[protein 58/94] 2ltbA n_mut=6
ok 2ltbA L558P
ok 2ltbA L569R
ok 2ltbA M619K
ok 2ltbA R533Q
ok 2ltbA R555Q
ok 2ltbA R555W
[protein 59/94] 2m5sA n_mut=2
ok 2m5sA D302A
ok 2m5sA H305A
[protein 60/94] 2mpcA n_mut=3
ok 2mpcA A89T
ok 2mpcA R42A
ok 2mpcA R42W
[protein 61/94] 2n7zA n_mut=1
ok 2n7zA P88A
[protein 62/94] 2nteA n_mut=2
ok 2nteA I738V
ok 2nteA R658C
[protein 63/94] 2ouoA n_mut=1
ok 2ouoA A420D
[protein 64/94] 2pr5A n_mut=17
ok 2pr5A A33Y
ok 2pr5A A81M
ok 2pr5A D109E
ok 2pr5A H22K
ok 2pr5A H22W
ok 2pr5A M111F
ok 2pr5A N107F
ok 2pr5A N107Y
ok 2pr5A N124F
ok 2pr5A N124Y
ok 2pr5A T30M
ok 2pr5A T50M
ok 2pr5A T54Y
ok 2pr5A V120I
ok 2pr5A V25I
ok 2pr5A V88L
ok 2pr5A V90I
[protein 65/94] 2ptlA n_mut=68
ok 2ptlA A22G
ok 2ptlA A27P
ok 2ptlA A27V
ok 2ptlA A34G
ok 2ptlA A34V
ok 2ptlA A43G
ok 2ptlA A47G
ok 2ptlA A49G
ok 2ptlA A51G
ok 2ptlA A66G
ok 2ptlA D52A
ok 2ptlA D52G
ok 2ptlA D64A
ok 2ptlA E35A
ok 2ptlA E46G
ok 2ptlA E46I
ok 2ptlA E60A
ok 2ptlA F26A
ok 2ptlA F26L
ok 2ptlA F36A
ok 2ptlA F36L
ok 2ptlA F40G
ok 2ptlA F40L
ok 2ptlA F76L
ok 2ptlA F76V
ok 2ptlA G29A
ok 2ptlA G29V
ok 2ptlA G38A
ok 2ptlA G59A
ok 2ptlA G69A
ok 2ptlA I20A
ok 2ptlA I20V
ok 2ptlA I25A
ok 2ptlA I25V
ok 2ptlA I74A
ok 2ptlA I74V
ok 2ptlA K21A
ok 2ptlA K37A
ok 2ptlA K42G
ok 2ptlA K55A
ok 2ptlA K56A
ok 2ptlA K68A
ok 2ptlA K75A
ok 2ptlA L24A
ok 2ptlA L54A
ok 2ptlA L72A
ok 2ptlA N23A
ok 2ptlA N28A
ok 2ptlA N58A
ok 2ptlA N73A
ok 2ptlA S30A
ok 2ptlA S45A
ok 2ptlA S45G
ok 2ptlA T19A
ok 2ptlA T31A
ok 2ptlA T33A
ok 2ptlA T39A
ok 2ptlA T44A
ok 2ptlA T53G
ok 2ptlA T62A
ok 2ptlA T71A
ok 2ptlA V18A
ok 2ptlA V63A
ok 2ptlA V65A
ok 2ptlA Y48A
ok 2ptlA Y50A
ok 2ptlA Y70A
ok 2ptlA Y70L
[protein 66/94] 2rpnA n_mut=2
ok 2rpnA E7L
ok 2rpnA V21K
[protein 67/94] 2vy0A n_mut=2
ok 2vy0A D287A
ok 2vy0A E53A
[protein 68/94] 2wqgA n_mut=29
ok 2wqgA D15A
ok 2wqgA D38A
ok 2wqgA D39A
ok 2wqgA D39N
ok 2wqgA E40Q
ok 2wqgA E41G
ok 2wqgA I36A
ok 2wqgA I36V
ok 2wqgA K14A
ok 2wqgA K14G
ok 2wqgA K19A
ok 2wqgA K28A
ok 2wqgA L13A
ok 2wqgA L16A
ok 2wqgA L8A
ok 2wqgA Q12A
ok 2wqgA Q12G
ok 2wqgA Q33A
ok 2wqgA R34A
ok 2wqgA S23A
ok 2wqgA S6A
ok 2wqgA S6G
ok 2wqgA T9S
ok 2wqgA V10A
ok 2wqgA V10G
ok 2wqgA V11A
ok 2wqgA V11G
ok 2wqgA V24A
ok 2wqgA Y5F
[protein 69/94] 2ztaA n_mut=8
ok 2ztaA E11Q
ok 2ztaA E20Q
ok 2ztaA E22Q
ok 2ztaA K15A
ok 2ztaA K27A
ok 2ztaA K28A
ok 2ztaA K8A
ok 2ztaA R25A
[protein 70/94] 3bciA n_mut=2
ok 3bciA E96Q
ok 3bciA T153V
[protein 71/94] 3bn0A n_mut=1
ok 3bn0A I20V
[protein 72/94] 3c2iA n_mut=12
ok 3c2iA D156E
ok 3c2iA F155S
ok 3c2iA L100V
ok 3c2iA P152R
ok 3c2iA R106Q
ok 3c2iA R106W
ok 3c2iA R111G
ok 3c2iA R133C
ok 3c2iA R133H
ok 3c2iA S134C
ok 3c2iA T158A
ok 3c2iA T158M
[protein 73/94] 3d2aA n_mut=3
ok 3d2aA M134E
ok 3d2aA M137P
ok 3d2aA S163P
[protein 74/94] 3d3bA n_mut=5
ok 3d3bA D118A
ok 3d3bA D118E
ok 3d3bA D118K
ok 3d3bA D118N
ok 3d3bA D118R
[protein 75/94] 3dv0I n_mut=31
ERROR 3dv0I A131G: No PSSM file for '3dv0I' in /workspace/ProteinMPNN-DDG/drive_evidence_copy/sajidahmedprotres_drive/ACCRE_PyRun_Setup/S_669_pssm_dir
ERROR 3dv0I A139G: No PSSM file for '3dv0I' in /workspace/ProteinMPNN-DDG/drive_evidence_copy/sajidahmedprotres_drive/ACCRE_PyRun_Setup/S_669_pssm_dir
ERROR 3dv0I A165G: No PSSM file for '3dv0I' in /workspace/ProteinMPNN-DDG/drive_evidence_copy/sajidahmedprotres_drive/ACCRE_PyRun_Setup/S_669_pssm_dir
ERROR 3dv0I A168G: No PSSM file for '3dv0I' in /workspace/ProteinMPNN-DDG/drive_evidence_copy/sajidahmedprotres_drive/ACCRE_PyRun_Setup/S_669_pssm_dir
ERROR 3dv0I D145A: No PSSM file for '3dv0I' in /workspace/ProteinMPNN-DDG/drive_evidence_copy/sajidahmedprotres_drive/ACCRE_PyRun_Setup/S_669_pssm_dir
ERROR 3dv0I D145N: No PSSM file for '3dv0I' in /workspace/ProteinMPNN-DDG/drive_evidence_copy/sajidahmedprotres_drive/ACCRE_PyRun_Setup/S_669_pssm_dir
ERROR 3dv0I D162N: No PSSM file for '3dv0I' in /workspace/ProteinMPNN-DDG/drive_evidence_copy/sajidahmedprotres_drive/ACCRE_PyRun_Setup/S_669_pssm_dir
ERROR 3dv0I D164A: No PSSM file for '3dv0I' in /workspace/ProteinMPNN-DDG/drive_evidence_copy/sajidahmedprotres_drive/ACCRE_PyRun_Setup/S_669_pssm_dir
ERROR 3dv0I D164G: No PSSM file for '3dv0I' in /workspace/ProteinMPNN-DDG/drive_evidence_copy/sajidahmedprotres_drive/ACCRE_PyRun_Setup/S_669_pssm_dir
ERROR 3dv0I D164N: No PSSM file for '3dv0I' in /workspace/ProteinMPNN-DDG/drive_evidence_copy/sajidahmedprotres_drive/ACCRE_PyRun_Setup/S_669_pssm_dir
ERROR 3dv0I E141A: No PSSM file for '3dv0I' in /workspace/ProteinMPNN-DDG/drive_evidence_copy/sajidahmedprotres_drive/ACCRE_PyRun_Setup/S_669_pssm_dir
ERROR 3dv0I E141Q: No PSSM file for '3dv0I' in /workspace/ProteinMPNN-DDG/drive_evidence_copy/sajidahmedprotres_drive/ACCRE_PyRun_Setup/S_669_pssm_dir
ERROR 3dv0I I130A: No PSSM file for '3dv0I' in /workspace/ProteinMPNN-DDG/drive_evidence_copy/sajidahmedprotres_drive/ACCRE_PyRun_Setup/S_669_pssm_dir
ERROR 3dv0I I130G: No PSSM file for '3dv0I' in /workspace/ProteinMPNN-DDG/drive_evidence_copy/sajidahmedprotres_drive/ACCRE_PyRun_Setup/S_669_pssm_dir
ERROR 3dv0I I130V: No PSSM file for '3dv0I' in /workspace/ProteinMPNN-DDG/drive_evidence_copy/sajidahmedprotres_drive/ACCRE_PyRun_Setup/S_669_pssm_dir
ERROR 3dv0I I146A: No PSSM file for '3dv0I' in /workspace/ProteinMPNN-DDG/drive_evidence_copy/sajidahmedprotres_drive/ACCRE_PyRun_Setup/S_669_pssm_dir
ERROR 3dv0I I146V: No PSSM file for '3dv0I' in /workspace/ProteinMPNN-DDG/drive_evidence_copy/sajidahmedprotres_drive/ACCRE_PyRun_Setup/S_669_pssm_dir
ERROR 3dv0I I163V: No PSSM file for '3dv0I' in /workspace/ProteinMPNN-DDG/drive_evidence_copy/sajidahmedprotres_drive/ACCRE_PyRun_Setup/S_669_pssm_dir
ERROR 3dv0I L159A: No PSSM file for '3dv0I' in /workspace/ProteinMPNN-DDG/drive_evidence_copy/sajidahmedprotres_drive/ACCRE_PyRun_Setup/S_669_pssm_dir
ERROR 3dv0I L159G: No PSSM file for '3dv0I' in /workspace/ProteinMPNN-DDG/drive_evidence_copy/sajidahmedprotres_drive/ACCRE_PyRun_Setup/S_669_pssm_dir
ERROR 3dv0I L159V: No PSSM file for '3dv0I' in /workspace/ProteinMPNN-DDG/drive_evidence_copy/sajidahmedprotres_drive/ACCRE_PyRun_Setup/S_669_pssm_dir
ERROR 3dv0I L167A: No PSSM file for '3dv0I' in /workspace/ProteinMPNN-DDG/drive_evidence_copy/sajidahmedprotres_drive/ACCRE_PyRun_Setup/S_669_pssm_dir
ERROR 3dv0I L167V: No PSSM file for '3dv0I' in /workspace/ProteinMPNN-DDG/drive_evidence_copy/sajidahmedprotres_drive/ACCRE_PyRun_Setup/S_669_pssm_dir
ERROR 3dv0I V129A: No PSSM file for '3dv0I' in /workspace/ProteinMPNN-DDG/drive_evidence_copy/sajidahmedprotres_drive/ACCRE_PyRun_Setup/S_669_pssm_dir
ERROR 3dv0I V129G: No PSSM file for '3dv0I' in /workspace/ProteinMPNN-DDG/drive_evidence_copy/sajidahmedprotres_drive/ACCRE_PyRun_Setup/S_669_pssm_dir
ERROR 3dv0I V135A: No PSSM file for '3dv0I' in /workspace/ProteinMPNN-DDG/drive_evidence_copy/sajidahmedprotres_drive/ACCRE_PyRun_Setup/S_669_pssm_dir
ERROR 3dv0I V144A: No PSSM file for '3dv0I' in /workspace/ProteinMPNN-DDG/drive_evidence_copy/sajidahmedprotres_drive/ACCRE_PyRun_Setup/S_669_pssm_dir
ERROR 3dv0I V149A: No PSSM file for '3dv0I' in /workspace/ProteinMPNN-DDG/drive_evidence_copy/sajidahmedprotres_drive/ACCRE_PyRun_Setup/S_669_pssm_dir
ERROR 3dv0I V149G: No PSSM file for '3dv0I' in /workspace/ProteinMPNN-DDG/drive_evidence_copy/sajidahmedprotres_drive/ACCRE_PyRun_Setup/S_669_pssm_dir
ERROR 3dv0I V158A: No PSSM file for '3dv0I' in /workspace/ProteinMPNN-DDG/drive_evidence_copy/sajidahmedprotres_drive/ACCRE_PyRun_Setup/S_669_pssm_dir
ERROR 3dv0I Y138F: No PSSM file for '3dv0I' in /workspace/ProteinMPNN-DDG/drive_evidence_copy/sajidahmedprotres_drive/ACCRE_PyRun_Setup/S_669_pssm_dir
[protein 76/94] 3ecuA n_mut=1
ok 3ecuA H46R
[protein 77/94] 3fisA n_mut=1
ok 3fisA P61A
[protein 78/94] 3g1gA n_mut=4
ok 3g1gA D155Y
ok 3g1gA F167Y
ok 3g1gA I190V
ok 3g1gA R185W
[protein 79/94] 3k82A n_mut=3
ok 3k82A E334L
ok 3k82A E334Q
ok 3k82A E401R
[protein 80/94] 3l15B n_mut=1
ok 3l15B Y442H
[protein 81/94] 3monB n_mut=2
ok 3monB R39G
ok 3monB W3C
[protein 82/94] 3o39A n_mut=6
ok 3o39A F115I
ok 3o39A F115L
ok 3o39A H96L
ok 3o39A L32P
ok 3o39A Q100L
ok 3o39A Q49L
[protein 83/94] 3s4mA n_mut=4
ok 3s4mA D122Y
ok 3s4mA G130V
ok 3s4mA I154F
ok 3s4mA W155R
[protein 84/94] 3s92A n_mut=1
ok 3s92A H395R
[protein 85/94] 4bjxA n_mut=1
ok 4bjxA A89V
[protein 86/94] 4buqA n_mut=2
ok 4buqA Y137A
ok 4buqA Y48A
[protein 87/94] 4he7A n_mut=3
ok 4he7A A19D
ok 4he7A A19G
ok 4he7A A19K
[protein 88/94] 4n6v0 n_mut=3
ok 4n6v0 H75W
ok 4n6v0 P36G
ok 4n6v0 P79S
[protein 89/94] 4waaA n_mut=3
ok 4waaA K65A
ok 4waaA K67A
ok 4waaA R27A
[protein 90/94] 4yeeA n_mut=1
ok 4yeeA V134T
[protein 91/94] 4yefA n_mut=1
ok 4yefA T134V
[protein 92/94] 5jxbA n_mut=2
ok 5jxbA D329G
ok 5jxbA D329P
[protein 93/94] 5oaqA n_mut=1
ok 5oaqA Y429H
[protein 94/94] 5vp3A n_mut=3
ok 5vp3A R39K
ok 5vp3A S128G
ok 5vp3A V183T
{
  "dataset": "S_669",
  "n_jobs": 669,
  "n_ok": 587,
  "n_error": 82,
  "elapsed_seconds": 2540.5739443302155,
  "output_pickle": "reproduction_runs/2026-09-12/pdb_to_features_s669_extraction_full/extraction_tensors.pickle"
}
-rw-r--r-- 1 box box 46M Sep 12 20:04 reproduction_inputs/pmpnn_ddg_extraction_tensors_2026-09-12/S669_extraction_tensors.pickle
verified_ok_entries=587 missing=[] size=48184611
summary {'n_jobs': 669, 'n_ok': 587, 'n_error': 82, 'elapsed_seconds': 2540.5739443302155}
[reproduce-paper-results f933879] Promote S669 full extraction tensors (save-mode full) with Git LFS
 1 file changed, 3 insertions(+)
 create mode 100644 reproduction_inputs/pmpnn_ddg_extraction_tensors_2026-09-12/S669_extraction_tensors.pickle
Uploading LFS objects: 100% (1/1), 48 MB | 0 B/s, done.
To https://github.com/DRanger666/ProteinMPNN-DDG.git
   fb04cb3..f933879  HEAD -> reproduce-paper-results
[2026-09-12T20:04:14Z] pushed f933879 S669
[2026-09-12T20:04:14Z] Starting S_921 full
Dataset=S_921 jobs=921 pdb_dir=/workspace/ProteinMPNN-DDG/drive_evidence_copy/sajidahmedprotres_drive/ACCRE_PyRun_Setup/S_921_PDB_Files seed_mode=per_entry seed=0 subprocess=True save_mode=full resume=True
[protein 1/195] 107lA n_mut=1
ok 107lA G44S
[protein 2/195] 108lA n_mut=1
ok 108lA I44S
[protein 3/195] 109lA n_mut=1
ok 109lA K44S
[protein 4/195] 110lA n_mut=1
ok 110lA L44S
[protein 5/195] 111lA n_mut=1
ok 111lA N44S
[protein 6/195] 112lA n_mut=1
ok 112lA P44S
[protein 7/195] 113lA n_mut=1
ok 113lA R44S
[protein 8/195] 114lA n_mut=1
ok 114lA T44S
[protein 9/195] 115lA n_mut=1
ok 115lA V44S
[protein 10/195] 118lA n_mut=1
ok 118lA S130A
[protein 11/195] 119lA n_mut=1
ok 119lA S134A
[protein 12/195] 120lA n_mut=1
ok 120lA S41A
[protein 13/195] 122lA n_mut=1
ok 122lA S73A
[protein 14/195] 123lA n_mut=1
ok 123lA S82A
[protein 15/195] 125lA n_mut=1
ok 125lA S98A
[protein 16/195] 126lA n_mut=1
ok 126lA T149V
[protein 17/195] 127lA n_mut=1
ok 127lA T75V
[protein 18/195] 128lA n_mut=1
ok 128lA T87V
[protein 19/195] 137lA n_mut=1
ok 137lA F44S
[protein 20/195] 1aarA n_mut=10
ok 1aarA F45W
ok 1aarA H68E
ok 1aarA H68Q
ok 1aarA K27Q
ok 1aarA K29N
ok 1aarA K29Q
ok 1aarA K6E
ok 1aarA K6Q
ok 1aarA R42E
ok 1aarA R72Q
[protein 21/195] 1aj3A n_mut=3
ok 1aj3A P61A
ok 1aj3A Q107A
ok 1aj3A Q107G
[protein 22/195] 1akkA n_mut=1
ok 1akkA L94V
[protein 23/195] 1apsA n_mut=6
ok 1apsA E29D
ok 1apsA F94L
ok 1apsA L65V
ok 1apsA M61A
ok 1apsA P54A
ok 1apsA P71A
[protein 24/195] 1ayfB n_mut=11
ok 1ayfB C95S
ok 1ayfB D76E
ok 1ayfB H56Q
ok 1ayfB H56R
ok 1ayfB H56T
ok 1ayfB T54A
ok 1ayfB T54S
ok 1ayfB Y82F
ok 1ayfB Y82L
ok 1ayfB Y82S
ok 1ayfB Y82W
[protein 25/195] 1b5mA n_mut=2
ok 1b5mA D60R
ok 1b5mA P81A
[protein 26/195] 1bniA n_mut=18
ok 1bniA A32P
ok 1bniA D75N
ok 1bniA E73G
ok 1bniA G52A
ok 1bniA G52V
ok 1bniA G53V
ok 1bniA I55G
ok 1bniA I88G
ok 1bniA I96G
ok 1bniA L89G
ok 1bniA L95G
ok 1bniA Q15A
ok 1bniA Q15G
ok 1bniA R72G
ok 1bniA T100G
ok 1bniA T6P
ok 1bniA Y13G
ok 1bniA Y97G
[protein 27/195] 1bnlA n_mut=1
ok 1bnlA D76A
[protein 28/195] 1bpiA n_mut=43
  resume skip 1bpiA (shard exists)
[protein 29/195] 1bptA n_mut=1
ok 1bptA A23Y
[protein 30/195] 1c2rA n_mut=5
ok 1c2rA G34S
ok 1c2rA K12D
ok 1c2rA K14E
ok 1c2rA K32E
ok 1c2rA P35A
[protein 31/195] 1ctwA n_mut=1
ok 1ctwA A78I
[protein 32/195] 1cu0A n_mut=1
ok 1cu0A M78I
[protein 33/195] 1cu2A n_mut=1
ok 1cu2A M84L
[protein 34/195] 1cu3A n_mut=1
ok 1cu3A M87V
[protein 35/195] 1cu5A n_mut=1
ok 1cu5A M91L
[protein 36/195] 1cu6A n_mut=1
ok 1cu6A A91L
[protein 37/195] 1cupA n_mut=1
ok 1cupA M100I
[protein 38/195] 1cuqA n_mut=1
ok 1cuqA M103V
[protein 39/195] 1cv0A n_mut=1
ok 1cv0A M104F
[protein 40/195] 1cv1A n_mut=1
ok 1cv1A M111V
[protein 41/195] 1cv3A n_mut=1
ok 1cv3A M121L
[protein 42/195] 1cv4A n_mut=1
ok 1cv4A M118L
[protein 43/195] 1cv5A n_mut=1
ok 1cv5A M133L
[protein 44/195] 1cv6A n_mut=1
ok 1cv6A M149V
[protein 45/195] 1cvkA n_mut=1
ok 1cvkA A118L
[protein 46/195] 1cyoA n_mut=13
ok 1cyoA F35H
ok 1cyoA F35L
ok 1cyoA F35Y
ok 1cyoA S71L
ok 1cyoA V45E
ok 1cyoA V45G
ok 1cyoA V45H
ok 1cyoA V45T
ok 1cyoA V45Y
ok 1cyoA V61E
ok 1cyoA V61H
ok 1cyoA V61K
ok 1cyoA V61Y
[protein 47/195] 1d2wA n_mut=1
ok 1d2wA M27I
[protein 48/195] 1d2yA n_mut=1
ok 1d2yA M50I
[protein 49/195] 1d3jA n_mut=1
ok 1d3jA M66L
[protein 50/195] 1divA n_mut=30
ok 1divA D23A
ok 1divA D23N
ok 1divA D8N
ok 1divA E17Q
ok 1divA E38Q
ok 1divA E48Q
ok 1divA E54Q
ok 1divA H106Q
ok 1divA H134Q
ok 1divA H144Q
ok 1divA I4A
ok 1divA I4V
ok 1divA K10M
ok 1divA K12M
ok 1divA K14M
ok 1divA K15M
ok 1divA K7M
ok 1divA L30A
ok 1divA L30V
ok 1divA L6A
ok 1divA L6I
ok 1divA L6V
ok 1divA M1A
ok 1divA M1G
ok 1divA V21A
ok 1divA V21I
ok 1divA V21L
ok 1divA V3A
ok 1divA V3I
ok 1divA V3L
[protein 51/195] 1el1A n_mut=4
ok 1el1A A93S
ok 1el1A H21G
ok 1el1A I56L
ok 1el1A V109K
[protein 52/195] 1ey0A n_mut=3
ok 1ey0A P117A
ok 1ey0A P117G
ok 1ey0A P117T
[protein 53/195] 1fanA n_mut=1
ok 1fanA A45F
[protein 54/195] 1flvA n_mut=11
ok 1flvA A101L
ok 1flvA A101V
ok 1flvA F7L
ok 1flvA G87A
ok 1flvA G87L
ok 1flvA G87V
ok 1flvA H34A
ok 1flvA V18I
ok 1flvA V18L
ok 1flvA V83I
ok 1flvA Y47F
[protein 55/195] 1fnfA n_mut=1
ok 1fnfA L1408P
[protein 56/195] 1ftgA n_mut=9
ok 1ftgA A101V
ok 1ftgA E107A
ok 1ftgA G68A
ok 1ftgA I21A
ok 1ftgA I21G
ok 1ftgA L50A
ok 1ftgA Q111G
ok 1ftgA V18I
ok 1ftgA V83I
[protein 57/195] 1g06A n_mut=1
ok 1g06A S149V
[protein 58/195] 1g0gA n_mut=1
ok 1g0gA A152T
[protein 59/195] 1g0kA n_mut=1
ok 1g0kA C152T
[protein 60/195] 1g0lA n_mut=1
ok 1g0lA V152T
[protein 61/195] 1g0mA n_mut=1
ok 1g0mA I152T
[protein 62/195] 1g0pA n_mut=1
ok 1g0pA G149V
[protein 63/195] 1g0qA n_mut=1
ok 1g0qA I149V
[protein 64/195] 1g1vA n_mut=1
ok 1g1vA T58I
[protein 65/195] 1g1wA n_mut=1
ok 1g1wA M105Q
[protein 66/195] 1g6nA n_mut=1
ok 1g6nA S128P
[protein 67/195] 1hngA n_mut=10
ok 1hngA A40G
ok 1hngA I18V
ok 1hngA I57V
ok 1hngA L16V
ok 1hngA L50V
ok 1hngA L89V
ok 1hngA L95V
ok 1hngA V30A
ok 1hngA V78A
ok 1hngA Y76F
[protein 68/195] 1hz6A n_mut=58
  resume skip 1hz6A (shard exists)
[protein 69/195] 1i6sA n_mut=1
ok 1i6sA A101N
[protein 70/195] 1igvA n_mut=1
ok 1igvA P20G
[protein 71/195] 1iobA n_mut=1
ok 1iobA R4P
[protein 72/195] 1l24A n_mut=1
ok 1l24A P82A
[protein 73/195] 1l55A n_mut=1
ok 1l55A N92D
[protein 74/195] 1l56A n_mut=1
ok 1l56A P60K
[protein 75/195] 1l59A n_mut=1
ok 1l59A N109T
[protein 76/195] 1l61A n_mut=1
ok 1l61A N38S
[protein 77/195] 1l62A n_mut=1
ok 1l62A D109T
[protein 78/195] 1l63A n_mut=18
ok 1l63A A129F
ok 1l63A A129W
ok 1l63A A42V
ok 1l63A A98C
ok 1l63A A98L
ok 1l63A F104M
ok 1l63A I100V
ok 1l63A I27M
ok 1l63A I50M
ok 1l63A I78V
ok 1l63A L66M
ok 1l63A M106I
ok 1l63A M120Y
ok 1l63A V103I
ok 1l63A V111M
ok 1l63A V149M
ok 1l63A V87I
ok 1l63A V87M
[protein 79/195] 1l65A n_mut=1
ok 1l65A A47D
[protein 80/195] 1l66A n_mut=1
ok 1l66A A43K
[protein 81/195] 1l67A n_mut=1
ok 1l67A A46L
[protein 82/195] 1l76A n_mut=1
ok 1l76A P72D
[protein 83/195] 1l77A n_mut=1
ok 1l77A L102M
[protein 84/195] 1l85A n_mut=1
ok 1l85A A153F
[protein 85/195] 1l86A n_mut=1
ok 1l86A I153F
[protein 86/195] 1l87A n_mut=1
ok 1l87A L153F
[protein 87/195] 1l88A n_mut=1
ok 1l88A M153F
[protein 88/195] 1l90A n_mut=1
ok 1l90A A99L
[protein 89/195] 1l91A n_mut=1
ok 1l91A F99L
[protein 90/195] 1l92A n_mut=1
ok 1l92A I99L
[protein 91/195] 1l93A n_mut=1
ok 1l93A M99L
[protein 92/195] 1l94A n_mut=1
ok 1l94A V99L
[protein 93/195] 1l95A n_mut=1
ok 1l95A V153F
[protein 94/195] 1l96A n_mut=1
ok 1l96A P3I
[protein 95/195] 1lhhA n_mut=1
ok 1lhhA P110V
[protein 96/195] 1lhiA n_mut=1
ok 1lhiA G71P
[protein 97/195] 1lhjA n_mut=1
ok 1lhjA G103P
[protein 98/195] 1lhkA n_mut=1
ok 1lhkA P91D
[protein 99/195] 1lhlA n_mut=1
ok 1lhlA P47A
[protein 100/195] 1lyeA n_mut=1
ok 1lyeA V59T
[protein 101/195] 1lyfA n_mut=1
ok 1lyfA S59T
[protein 102/195] 1lygA n_mut=1
ok 1lygA N59T
[protein 103/195] 1lyhA n_mut=1
ok 1lyhA G59T
[protein 104/195] 1lyiA n_mut=1
ok 1lyiA D59T
[protein 105/195] 1lyjA n_mut=1
ok 1lyjA A59T
[protein 106/195] 1lz1A n_mut=5
ok 1lz1A A47P
ok 1lz1A D91P
ok 1lz1A P103G
ok 1lz1A P71G
ok 1lz1A V110P
[protein 107/195] 1nagA n_mut=1
ok 1nagA G43N
[protein 108/195] 1oiaA n_mut=1
ok 1oiaA Y78D
[protein 109/195] 1oncA n_mut=1
ok 1oncA F28T
[protein 110/195] 1otrB n_mut=24
ok 1otrB E34C
ok 1otrB E34G
ok 1otrB E34H
ok 1otrB E34I
ok 1otrB E34K
ok 1otrB E34P
ok 1otrB E34Q
ok 1otrB E34T
ok 1otrB E34W
ok 1otrB L67A
ok 1otrB L67N
ok 1otrB L67S
ok 1otrB L67T
ok 1otrB Q41L
ok 1otrB Q41N
ok 1otrB Q41S
ok 1otrB Q41T
ok 1otrB Q41V
ok 1otrB V17A
ok 1otrB V17N
ok 1otrB V17T
ok 1otrB V5A
ok 1otrB V5N
ok 1otrB V5T
[protein 111/195] 1p2lA n_mut=1
ok 1p2lA I87V
[protein 112/195] 1p2rA n_mut=1
ok 1p2rA V78I
[protein 113/195] 1p36A n_mut=1
ok 1p36A V100I
[protein 114/195] 1p46A n_mut=1
ok 1p46A I106M
[protein 115/195] 1p6yA n_mut=1
ok 1p6yA Y120M
[protein 116/195] 1p7sA n_mut=1
ok 1p7sA I103V
[protein 117/195] 1pgaA n_mut=27
ok 1pgaA A23P
ok 1pgaA A24P
ok 1pgaA A26P
ok 1pgaA A48P
ok 1pgaA D36P
ok 1pgaA D46A
ok 1pgaA D47A
ok 1pgaA G9P
ok 1pgaA K10P
ok 1pgaA K50A
ok 1pgaA T25P
ok 1pgaA T2P
ok 1pgaA T49A
ok 1pgaA T51S
ok 1pgaA T53C
ok 1pgaA T53G
ok 1pgaA T53H
ok 1pgaA T53K
ok 1pgaA T53L
ok 1pgaA T53M
ok 1pgaA T53N
ok 1pgaA T53Q
ok 1pgaA T53S
ok 1pgaA T53W
ok 1pgaA V21P
ok 1pgaA V29P
ok 1pgaA V54A
[protein 118/195] 1qlpA n_mut=2
ok 1qlpA A284L
ok 1qlpA A31P
[protein 119/195] 1qs5A n_mut=1
ok 1qs5A L98A
[protein 120/195] 1qsbA n_mut=1
ok 1qsbA C98A
[protein 121/195] 1qt6A n_mut=1
ok 1qt6A H11E
[protein 122/195] 1qt7A n_mut=1
ok 1qt7A N11E
[protein 123/195] 1qtbA n_mut=1
ok 1qtbA V42A
[protein 124/195] 1qtcA n_mut=1
ok 1qtcA F129A
[protein 125/195] 1qtdA n_mut=1
ok 1qtdA W129A
[protein 126/195] 1rbrA n_mut=1
ok 1rbrA P62H
[protein 127/195] 1rggA n_mut=2
ok 1rggA D25H
ok 1rggA R40E
[protein 128/195] 1rn1C n_mut=27
ok 1rn1C A21C
ok 1rn1C A21E
ok 1rn1C A21F
ok 1rn1C A21H
ok 1rn1C A21I
ok 1rn1C A21K
ok 1rn1C A21L
ok 1rn1C A21M
ok 1rn1C A21N
ok 1rn1C A21Q
ok 1rn1C A21R
ok 1rn1C A21S
ok 1rn1C A21T
ok 1rn1C A21V
ok 1rn1C A21W
ok 1rn1C A21Y
ok 1rn1C N36A
ok 1rn1C N81A
ok 1rn1C N9A
ok 1rn1C S12A
ok 1rn1C S17A
ok 1rn1C S64A
ok 1rn1C Y11F
ok 1rn1C Y42F
ok 1rn1C Y56F
ok 1rn1C Y57F
ok 1rn1C Y68F
[protein 129/195] 1ropA n_mut=1
ok 1ropA D30P
[protein 130/195] 1rtbA n_mut=8
ok 1rtbA F46A
ok 1rtbA P114A
ok 1rtbA P114G
ok 1rtbA P93A
ok 1rtbA P93G
ok 1rtbA P93S
ok 1rtbA Y97A
ok 1rtbA Y97G
[protein 131/195] 1shfA n_mut=1
ok 1shfA E107P
[protein 132/195] 1stnA n_mut=45
  resume skip 1stnA (shard exists)
[protein 133/195] 1sycA n_mut=1
ok 1sycA G117P
[protein 134/195] 1syeA n_mut=1
ok 1syeA T117P
[protein 135/195] 1sygA n_mut=1
ok 1sygA A117P
[protein 136/195] 1tenA n_mut=1
ok 1tenA Y869A
[protein 137/195] 1titA n_mut=4
ok 1titA Y9F
ok 1titA Y9G
ok 1titA Y9P
ok 1titA Y9S
[protein 138/195] 1ttgA n_mut=5
ok 1ttgA P25A
ok 1ttgA P5A
ok 1ttgA P64A
ok 1ttgA P82A
ok 1ttgA P87A
[protein 139/195] 1u7sA n_mut=68
  resume skip 1u7sA (shard exists)
[protein 140/195] 1ubqA n_mut=4
ok 1ubqA V26A
ok 1ubqA V26G
ok 1ubqA V26I
ok 1ubqA V26L
[protein 141/195] 1vqbA n_mut=2
ok 1vqbA L65P
ok 1vqbA V70P
[protein 142/195] 1w4hA n_mut=25
ok 1w4hA A130G
ok 1w4hA A134G
ok 1w4hA A140G
ok 1w4hA A146G
ok 1w4hA A148G
ok 1w4hA A168G
ok 1w4hA D162N
ok 1w4hA H166A
ok 1w4hA H166G
ok 1w4hA I135A
ok 1w4hA I135V
ok 1w4hA I149V
ok 1w4hA L131A
ok 1w4hA L138A
ok 1w4hA L139A
ok 1w4hA L144A
ok 1w4hA L158A
ok 1w4hA L167A
ok 1w4hA P133A
ok 1w4hA S132G
ok 1w4hA T152A
ok 1w4hA T152S
ok 1w4hA T159S
ok 1w4hA V154G
ok 1w4hA V163A
[protein 143/195] 1yccA n_mut=20
ok 1yccA C102A
ok 1yccA C102S
ok 1yccA F82Y
ok 1yccA K73I
ok 1yccA K73V
ok 1yccA K73W
ok 1yccA L85A
ok 1yccA N52A
ok 1yccA N52H
ok 1yccA N52L
ok 1yccA N52M
ok 1yccA N52Q
ok 1yccA N52V
ok 1yccA P76G
ok 1yccA P76L
ok 1yccA P76R
ok 1yccA P76S
ok 1yccA P76V
ok 1yccA P76W
ok 1yccA P76Y
[protein 144/195] 1znjA n_mut=3
ok 1znjA T8A
ok 1znjA T8H
ok 1znjA T8R
[protein 145/195] 206lA n_mut=1
ok 206lA S42A
[protein 146/195] 217lA n_mut=1
ok 217lA E44S
[protein 147/195] 221lA n_mut=1
ok 221lA S49A
[protein 148/195] 224lA n_mut=1
ok 224lA S93A
[protein 149/195] 230lA n_mut=1
ok 230lA L6M
[protein 150/195] 231lA n_mut=1
ok 231lA K106M
[protein 151/195] 232lA n_mut=1
ok 232lA K120M
[protein 152/195] 233lA n_mut=1
ok 233lA L120M
[protein 153/195] 234lA n_mut=1
ok 234lA L106M
[protein 154/195] 235lA n_mut=1
ok 235lA A111V
[protein 155/195] 236lA n_mut=1
ok 236lA A87V
[protein 156/195] 239lA n_mut=1
ok 239lA A17I
[protein 157/195] 240lA n_mut=1
ok 240lA A27I
[protein 158/195] 241lA n_mut=1
ok 241lA A29I
[protein 159/195] 242lA n_mut=1
ok 242lA A50I
[protein 160/195] 243lA n_mut=1
ok 243lA A58I
[protein 161/195] 244lA n_mut=1
ok 244lA A100I
[protein 162/195] 245lA n_mut=1
ok 245lA A6M
[protein 163/195] 246lA n_mut=1
ok 246lA A67F
[protein 164/195] 247lA n_mut=1
ok 247lA A84L
[protein 165/195] 253lA n_mut=1
ok 253lA A20D
[protein 166/195] 254lA n_mut=1
ok 254lA S20D
[protein 167/195] 255lA n_mut=1
ok 255lA N20D
[protein 168/195] 2abdA n_mut=2
ok 2abdA P19A
ok 2abdA P44A
[protein 169/195] 2afgA n_mut=6
ok 2afgA C117I
ok 2afgA F132W
ok 2afgA F85W
ok 2afgA L44P
ok 2afgA L44W
ok 2afgA V31I
[protein 170/195] 2ci2I n_mut=3
ok 2ci2I P25A
ok 2ci2I P52A
ok 2ci2I P80A
[protein 171/195] 2hprA n_mut=3
ok 2hprA G49A
ok 2hprA G49E
ok 2hprA G49K
[protein 172/195] 2l78A n_mut=1
ok 2l78A I111V
[protein 173/195] 2lzmA n_mut=153
  resume skip 2lzmA (shard exists)
[protein 174/195] 2ocjA n_mut=37
ok 2ocjA A129D
ok 2ocjA A129E
ok 2ocjA A129S
ok 2ocjA C182S
ok 2ocjA D148E
ok 2ocjA D148S
ok 2ocjA D228E
ok 2ocjA F134L
ok 2ocjA F270C
ok 2ocjA G245S
ok 2ocjA H168R
ok 2ocjA I195T
ok 2ocjA I232T
ok 2ocjA I255F
ok 2ocjA L145Q
ok 2ocjA L201P
ok 2ocjA L206S
ok 2ocjA M133L
ok 2ocjA M237I
ok 2ocjA N239Y
ok 2ocjA N268D
ok 2ocjA P151S
ok 2ocjA Q104H
ok 2ocjA Q104P
ok 2ocjA Q165K
ok 2ocjA Q167E
ok 2ocjA R174K
ok 2ocjA R175A
ok 2ocjA R282W
ok 2ocjA S260P
ok 2ocjA T123A
ok 2ocjA T150P
ok 2ocjA V143A
ok 2ocjA V157F
ok 2ocjA V203A
ok 2ocjA Y220C
ok 2ocjA Y236F
[protein 175/195] 2q98A n_mut=9
ok 2q98A H138A
ok 2q98A H173A
ok 2q98A H180A
ok 2q98A H195A
ok 2q98A H27A
ok 2q98A H30A
ok 2q98A H46A
ok 2q98A H59A
ok 2q98A H97A
[protein 176/195] 2rn2A n_mut=7
ok 2rn2A A52K
ok 2rn2A A52P
ok 2rn2A H62P
ok 2rn2A I53A
ok 2rn2A Q105G
ok 2rn2A Q113P
ok 2rn2A R27A
[protein 177/195] 2trxA n_mut=2
ok 2trxA P34S
ok 2trxA P76A
[protein 178/195] 3c7wA n_mut=1
ok 3c7wA K96R
[protein 179/195] 3c7yA n_mut=1
ok 3c7yA A96R
[protein 180/195] 3c80A n_mut=1
ok 3c80A Y96R
[protein 181/195] 3c81A n_mut=1
ok 3c81A A85K
[protein 182/195] 3c83A n_mut=1
ok 3c83A A89D
[protein 183/195] 3c8qA n_mut=1
ok 3c8qA D96R
[protein 184/195] 3c8rA n_mut=1
ok 3c8rA G96R
[protein 185/195] 3c8sA n_mut=1
ok 3c8sA E96R
[protein 186/195] 3cdoA n_mut=1
ok 3cdoA V96R
[protein 187/195] 3cdqA n_mut=1
ok 3cdqA S96R
[protein 188/195] 3cdrA n_mut=1
ok 3cdrA Q96R
[protein 189/195] 3cdtA n_mut=1
ok 3cdtA N96R
[protein 190/195] 3cdvA n_mut=1
ok 3cdvA M96R
[protein 191/195] 3d2aA n_mut=3
ok 3d2aA M134E
ok 3d2aA M137P
ok 3d2aA S163P
[protein 192/195] 3fi5A n_mut=1
ok 3fi5A W96R
[protein 193/195] 3mbpA n_mut=14
ok 3mbpA I108A
ok 3mbpA I161A
ok 3mbpA I226A
ok 3mbpA I59A
ok 3mbpA L115A
ok 3mbpA L147A
ok 3mbpA L192A
ok 3mbpA L195A
ok 3mbpA L361A
ok 3mbpA P133S
ok 3mbpA P159A
ok 3mbpA P159S
ok 3mbpA P48S
ok 3mbpA V347A
[protein 194/195] 451cA n_mut=6
ok 451cA E43Y
ok 451cA F34Y
ok 451cA F7A
ok 451cA Q37R
ok 451cA V13M
ok 451cA V78I
[protein 195/195] 4lyzA n_mut=2
ok 4lyzA K13D
ok 4lyzA P70N
{
  "dataset": "S_921",
  "n_jobs": 921,
  "n_ok": 921,
  "n_error": 0,
  "elapsed_seconds": 2544.8515918254852,
  "output_pickle": "reproduction_runs/2026-09-12/pdb_to_features_s921_extraction_full/extraction_tensors.pickle"
}
-rw-r--r-- 1 box box 74M Sep 12 20:46 reproduction_inputs/pmpnn_ddg_extraction_tensors_2026-09-12/S921_extraction_tensors.pickle
verified_ok_entries=921 missing=[] size=77104669
summary {'n_jobs': 921, 'n_ok': 921, 'n_error': 0, 'elapsed_seconds': 2544.8515918254852}
[reproduce-paper-results 40abec1] Promote S921 full extraction tensors (save-mode full) with Git LFS
 1 file changed, 3 insertions(+)
 create mode 100644 reproduction_inputs/pmpnn_ddg_extraction_tensors_2026-09-12/S921_extraction_tensors.pickle
Uploading LFS objects: 100% (1/1), 77 MB | 0 B/s, done.
To https://github.com/DRanger666/ProteinMPNN-DDG.git
   2c8afaf..40abec1  HEAD -> reproduce-paper-results
[2026-09-12T20:46:48Z] pushed 40abec1 S921
[2026-09-12T20:46:48Z] DONE all full extractions
