=== chain start Sat Sep 12 14:43:45 UTC 2026 ===
S_669 done Sat Sep 12 15:01:15 UTC 2026
Starting S_921 Sat Sep 12 15:01:15 UTC 2026
Dataset=S_921 jobs=921 pdb_dir=/workspace/ProteinMPNN-DDG/drive_evidence_copy/sajidahmedprotres_drive/ACCRE_PyRun_Setup/S_921_PDB_Files seed_mode=per_entry seed=0 subprocess=True compact=True resume=True
[protein 1/195] 107lA n_mut=1
ok 107lA G44S
[protein 2/195] 108lA n_mut=1
ok 108lA I44S
[protein 3/195] 109lA n_mut=1
ok 109lA K44S
[protein 4/195] 110lA n_mut=1
ok 110lA L44S
[protein 5/195] 111lA n_mut=1
ok 111lA N44S
[protein 6/195] 112lA n_mut=1
ok 112lA P44S
[protein 7/195] 113lA n_mut=1
ok 113lA R44S
[protein 8/195] 114lA n_mut=1
ok 114lA T44S
[protein 9/195] 115lA n_mut=1
ok 115lA V44S
[protein 10/195] 118lA n_mut=1
ok 118lA S130A
[protein 11/195] 119lA n_mut=1
ok 119lA S134A
[protein 12/195] 120lA n_mut=1
ok 120lA S41A
[protein 13/195] 122lA n_mut=1
ok 122lA S73A
[protein 14/195] 123lA n_mut=1
ok 123lA S82A
[protein 15/195] 125lA n_mut=1
ok 125lA S98A
[protein 16/195] 126lA n_mut=1
ok 126lA T149V
[protein 17/195] 127lA n_mut=1
ok 127lA T75V
[protein 18/195] 128lA n_mut=1
ok 128lA T87V
[protein 19/195] 137lA n_mut=1
ok 137lA F44S
[protein 20/195] 1aarA n_mut=10
ok 1aarA F45W
ok 1aarA H68E
ok 1aarA H68Q
ok 1aarA K27Q
ok 1aarA K29N
ok 1aarA K29Q
ok 1aarA K6E
ok 1aarA K6Q
ok 1aarA R42E
ok 1aarA R72Q
[protein 21/195] 1aj3A n_mut=3
ok 1aj3A P61A
ok 1aj3A Q107A
ok 1aj3A Q107G
[protein 22/195] 1akkA n_mut=1
ok 1akkA L94V
[protein 23/195] 1apsA n_mut=6
ok 1apsA E29D
ok 1apsA F94L
ok 1apsA L65V
ok 1apsA M61A
ok 1apsA P54A
ok 1apsA P71A
[protein 24/195] 1ayfB n_mut=11
ok 1ayfB C95S
ok 1ayfB D76E
ok 1ayfB H56Q
ok 1ayfB H56R
ok 1ayfB H56T
Terminated
