=== mode=baseline entries=6 ===
[1/6] baseline 1amqA C191Y exact_fields=3/16
[2/6] baseline 1amqA C191F exact_fields=3/16
[3/6] baseline 1amqA C191W exact_fields=3/16
[4/6] baseline 1amqA C191S exact_fields=3/16
[5/6] baseline 1bniA F7L exact_fields=3/16
[6/6] baseline 1bniA L14A exact_fields=3/16
=== mode=continuous_rng entries=6 ===
[1/6] continuous_rng 1amqA C191Y exact_fields=3/16
[2/6] continuous_rng 1amqA C191F exact_fields=3/16
[3/6] continuous_rng 1amqA C191W exact_fields=4/16
[4/6] continuous_rng 1amqA C191S exact_fields=3/16
[5/6] continuous_rng 1bniA F7L exact_fields=2/16
[6/6] continuous_rng 1bniA L14A exact_fields=3/16
=== mode=replay_neighbors entries=6 ===
[1/6] replay_neighbors 1amqA C191Y exact_fields=6/16
[2/6] replay_neighbors 1amqA C191F exact_fields=6/16
[3/6] replay_neighbors 1amqA C191W exact_fields=6/16
[4/6] replay_neighbors 1amqA C191S exact_fields=6/16
[5/6] replay_neighbors 1bniA F7L exact_fields=6/16
[6/6] replay_neighbors 1bniA L14A exact_fields=6/16
{
  "baseline": {
    "closest15_exact": 6,
    "log_prob_allclose": 0,
    "n_entries": 6,
    "top15_neighbor_exact": 0
  },
  "continuous_rng": {
    "closest15_exact": 6,
    "log_prob_allclose": 0,
    "n_entries": 6,
    "top15_neighbor_exact": 0
  },
  "replay_neighbors": {
    "closest15_exact": 6,
    "log_prob_allclose": 0,
    "n_entries": 6,
    "top15_neighbor_exact": 6
  }
}
