[2026-09-12T18:16:51Z] Guardian started; watching continue=104381 supervise=136512
[2026-09-12T18:16:51Z] health continue=up supervise=up s2648_outs=25 promote=Ssym_extraction_tensors.pickle 
[2026-09-12T18:16:51Z] Prebatch larges for S_669 (>=45) into reproduction_runs/2026-09-12/pdb_to_features_s669_extraction_full
[2026-09-12T18:17:42Z] Guardian v2 started
[2026-09-12T18:17:42Z] health continue=up supervise=up s2648_outs=26 promote=Ssym_extraction_tensors.pickle 
[2026-09-12T18:20:42Z] health continue=up supervise=up s2648_outs=35 promote=Ssym_extraction_tensors.pickle 
[2026-09-12T18:23:43Z] health continue=up supervise=up s2648_outs=39 promote=Ssym_extraction_tensors.pickle 
[2026-09-12T18:26:43Z] health continue=up supervise=up s2648_outs=41 promote=Ssym_extraction_tensors.pickle 
[2026-09-12T18:29:43Z] health continue=up supervise=up s2648_outs=43 promote=Ssym_extraction_tensors.pickle 
[2026-09-12T18:32:43Z] health continue=up supervise=up s2648_outs=47 promote=Ssym_extraction_tensors.pickle 
[2026-09-12T18:35:43Z] health continue=up supervise=up s2648_outs=51 promote=Ssym_extraction_tensors.pickle 
[2026-09-12T18:38:43Z] health continue=up supervise=up s2648_outs=55 promote=Ssym_extraction_tensors.pickle 
[2026-09-12T18:41:43Z] health continue=up supervise=up s2648_outs=65 promote=Ssym_extraction_tensors.pickle 
[2026-09-12T18:44:43Z] health continue=up supervise=up s2648_outs=74 promote=Ssym_extraction_tensors.pickle 
[2026-09-12T18:47:43Z] health continue=up supervise=up s2648_outs=84 promote=Ssym_extraction_tensors.pickle 
[2026-09-12T18:50:43Z] health continue=up supervise=up s2648_outs=87 promote=Ssym_extraction_tensors.pickle 
[2026-09-12T18:53:43Z] health continue=up supervise=up s2648_outs=89 promote=Ssym_extraction_tensors.pickle 
[2026-09-12T18:56:43Z] health continue=up supervise=up s2648_outs=95 promote=Ssym_extraction_tensors.pickle 
[2026-09-12T18:59:43Z] health continue=up supervise=up s2648_outs=99 promote=Ssym_extraction_tensors.pickle 
[2026-09-12T19:02:43Z] health continue=up supervise=up s2648_outs=104 promote=Ssym_extraction_tensors.pickle 
[2026-09-12T19:05:43Z] health continue=up supervise=up s2648_outs=109 promote=Ssym_extraction_tensors.pickle 
[2026-09-12T19:08:43Z] health continue=up supervise=up s2648_outs=115 promote=Ssym_extraction_tensors.pickle 
[2026-09-12T19:11:43Z] health continue=up supervise=up s2648_outs=120 promote=Ssym_extraction_tensors.pickle 
[2026-09-12T19:14:43Z] health continue=up supervise=up s2648_outs=124 promote=Ssym_extraction_tensors.pickle 
[2026-09-12T19:17:43Z] health continue=up supervise=up s2648_outs=127 promote=Ssym_extraction_tensors.pickle 
[2026-09-12T19:20:43Z] health continue=up supervise=up s2648_outs=132 promote=Ssym_extraction_tensors.pickle 
[2026-09-12T19:23:43Z] health continue=up supervise=up s2648_outs=132 promote=S2648_extraction_tensors.pickle Ssym_extraction_tensors.pickle 
[2026-09-12T19:23:43Z] S669 pipeline running; skip guardian prebatch
[2026-09-12T19:23:43Z] Starting S921 large prebatch (critical for 2lzmA)
[2026-09-12T19:23:43Z] Prebatch larges for S_921 (>=40) into reproduction_runs/2026-09-12/pdb_to_features_s921_extraction_full
[2026-09-12T19:24:12Z] S921 prebatch incomplete
[2026-09-12T19:27:12Z] health continue=up supervise=up s2648_outs=132 promote=S2648_extraction_tensors.pickle Ssym_extraction_tensors.pickle 
[2026-09-12T19:27:12Z] Starting S921 large prebatch (critical for 2lzmA)
[2026-09-12T19:27:12Z] Prebatch larges for S_921 (>=40) into reproduction_runs/2026-09-12/pdb_to_features_s921_extraction_full
[2026-09-12T19:34:58Z] S921 prebatch incomplete
