Dataset=S_2648 jobs=2648 pdb_dir=/workspace/ProteinMPNN-DDG/drive_evidence_copy/sajidahmedprotres_drive/ACCRE_PyRun_Setup/S_2648_PDB_Files seed_mode=per_entry seed=0 subprocess=True compact=True resume=True
[protein 1/132] 1e65A n_mut=21
ok 1e65A V5A
ok 1e65A I7A
ok 1e65A I7S
ok 1e65A I20A
ok 1e65A I20V
ok 1e65A I20T
ok 1e65A V22T
ok 1e65A V22A
ok 1e65A V31T
ok 1e65A H46G
ok 1e65A L50V
ok 1e65A L50T
ok 1e65A V60G
ok 1e65A I81A
ok 1e65A I81V
ok 1e65A I81T
ok 1e65A A82G
ok 1e65A V95T
ok 1e65A F110S
ok 1e65A H117G
ok 1e65A L125A
[protein 2/132] 1a43A n_mut=5
ok 1a43A G156A
ok 1a43A E159D
ok 1a43A R167A
ok 1a43A W184A
ok 1a43A C218S
[protein 3/132] 1a5eA n_mut=3
ok 1a5eA W15D
ok 1a5eA L37S
ok 1a5eA L121R
[protein 4/132] 1aepA n_mut=4
ok 1aepA L14K
ok 1aepA T28A
ok 1aepA A137K
ok 1aepA T141A
[protein 5/132] 1ag2A n_mut=10
ok 1ag2A M129V
ok 1ag2A F175W
ok 1ag2A V180I
ok 1ag2A T183A
ok 1ag2A T190V
ok 1ag2A F198S
ok 1ag2A E200K
ok 1ag2A R208H
ok 1ag2A V210I
ok 1ag2A Q217R
[protein 6/132] 1aj3A n_mut=63
ok 1aj3A H10A
ok 1aj3A H10G
ok 1aj3A F12A
ok 1aj3A F12L
ok 1aj3A R14A
ok 1aj3A R14G
ok 1aj3A M16A
ok 1aj3A D17G
ok 1aj3A D17A
ok 1aj3A S21G
ok 1aj3A S21A
ok 1aj3A W22F
ok 1aj3A I23A
ok 1aj3A I23V
ok 1aj3A E25A
ok 1aj3A E25G
ok 1aj3A K26A
ok 1aj3A V30A
ok 1aj3A T40A
ok 1aj3A T40G
ok 1aj3A V42A
ok 1aj3A N44G
ok 1aj3A N44A
ok 1aj3A L45A
ok 1aj3A K47A
ok 1aj3A K47G
ok 1aj3A H49A
ok 1aj3A R51G
ok 1aj3A R51A
ok 1aj3A L52A
ok 1aj3A A54G
ok 1aj3A L56A
ok 1aj3A A58G
ok 1aj3A H59A
ok 1aj3A I63A
ok 1aj3A I63V
ok 1aj3A Q64A
ok 1aj3A Q64G
ok 1aj3A V66A
ok 1aj3A D68G
ok 1aj3A D68A
ok 1aj3A K72G
ok 1aj3A K72A
ok 1aj3A L73A
ok 1aj3A I84A
ok 1aj3A I84V
ok 1aj3A Q86A
ok 1aj3A Q86G
ok 1aj3A L88A
ok 1aj3A A89G
ok 1aj3A F91A
ok 1aj3A F91L
ok 1aj3A D93A
ok 1aj3A D93G
ok 1aj3A W95F
ok 1aj3A K96G
ok 1aj3A K96A
ok 1aj3A L98A
ok 1aj3A Q100A
ok 1aj3A Q100G
ok 1aj3A A102G
ok 1aj3A A104G
ok 1aj3A R105A
[protein 7/132] 1akyA n_mut=6
ok 1akyA V8I
ok 1akyA Q48E
ok 1akyA T77H
ok 1akyA T110H
ok 1akyA N169D
ok 1akyA I213F
[protein 8/132] 1am7A n_mut=2
ok 1am7A H31D
ok 1am7A H48N
[protein 9/132] 1amqA n_mut=14
ok 1amqA C82S
ok 1amqA C82A
ok 1amqA C191F
ok 1amqA C191R
ok 1amqA C191W
ok 1amqA C191A
ok 1amqA C191G
ok 1amqA C191S
ok 1amqA C191Y
ok 1amqA C192A
ok 1amqA C192S
ok 1amqA C270A
ok 1amqA C401S
ok 1amqA C401A
[protein 10/132] 1ankA n_mut=4
ok 1ankA D84H
ok 1ankA G85V
ok 1ankA F86L
ok 1ankA R88G
[protein 11/132] 1aonU n_mut=4
ok 1aonU I3C
ok 1aonU I3W
ok 1aonU I48W
ok 1aonU V95C
[protein 12/132] 1apsA n_mut=21
ok 1apsA Y11I
ok 1apsA Y11F
ok 1apsA V13A
ok 1apsA V17A
ok 1apsA V20A
ok 1apsA F22L
ok 1apsA Y25A
ok 1apsA A30G
ok 1apsA V36A
ok 1apsA W38F
ok 1apsA V39A
ok 1apsA T42A
ok 1apsA G45A
ok 1apsA V47A
ok 1apsA V51A
ok 1apsA W64A
ok 1apsA I75V
ok 1apsA T78S
ok 1apsA E83D
ok 1apsA I86V
ok 1apsA L89A
[protein 13/132] 1arrA n_mut=17
ok 1arrA Q9G
ok 1arrA R13G
ok 1arrA R16G
ok 1arrA E17G
ok 1arrA L19Q
ok 1arrA D20G
ok 1arrA R23G
ok 1arrA K24T
ok 1arrA K24G
ok 1arrA E27G
ok 1arrA E28G
ok 1arrA N34G
ok 1arrA S35G
ok 1arrA Q39G
ok 1arrA K46G
ok 1arrA K47G
ok 1arrA E48G
[protein 14/132] 1azpA n_mut=1
ok 1azpA V30I
[protein 15/132] 1b26A n_mut=3
ok 1b26A R190A
ok 1b26A K193A
ok 1b26A E231A
[protein 16/132] 1b8eA n_mut=1
ok 1b8eA W19Y
[protein 17/132] 1blcA n_mut=1
ok 1blcA D179N
[protein 18/132] 1bniA n_mut=153
ok 1bniA I4V
ok 1bniA I4A
ok 1bniA N5A
ok 1bniA T6A
ok 1bniA T6E
ok 1bniA T6H
ok 1bniA T6Q
ok 1bniA T6D
ok 1bniA T6G
ok 1bniA T6N
ok 1bniA T6S
ok 1bniA F7L
ok 1bniA D8G
ok 1bniA D8A
ok 1bniA D8S
ok 1bniA V10A
ok 1bniA V10T
ok 1bniA D12A
ok 1bniA D12S
ok 1bniA D12G
ok 1bniA Y13F
ok 1bniA Y13A
ok 1bniA L14A
ok 1bniA Q15I
ok 1bniA T16G
ok 1bniA T16S
ok 1bniA T16A
ok 1bniA T16R
ok 1bniA Y17F
ok 1bniA Y17S
ok 1bniA Y17A
ok 1bniA Y17G
ok 1bniA H18D
ok 1bniA H18K
ok 1bniA H18Q
ok 1bniA H18S
ok 1bniA H18A
ok 1bniA H18G
ok 1bniA H18N
ok 1bniA H18R
ok 1bniA K19R
ok 1bniA D22M
ok 1bniA N23A
ok 1bniA Y24F
ok 1bniA I25V
ok 1bniA I25A
ok 1bniA T26D
ok 1bniA T26G
ok 1bniA T26Q
ok 1bniA T26V
ok 1bniA T26A
ok 1bniA T26E
ok 1bniA T26N
ok 1bniA T26S
ok 1bniA K27G
ok 1bniA K27A
ok 1bniA S28E
ok 1bniA S28A
ok 1bniA S28G
ok 1bniA E29A
ok 1bniA E29Q
ok 1bniA E29G
ok 1bniA E29S
ok 1bniA Q31A
ok 1bniA Q31S
ok 1bniA Q31G
ok 1bniA A32D
ok 1bniA A32F
ok 1bniA A32H
ok 1bniA A32K
ok 1bniA A32M
ok 1bniA A32Q
ok 1bniA A32S
ok 1bniA A32V
ok 1bniA A32Y
ok 1bniA A32C
ok 1bniA A32E
ok 1bniA A32G
ok 1bniA A32I
ok 1bniA A32L
ok 1bniA A32N
ok 1bniA A32R
ok 1bniA A32T
ok 1bniA A32W
ok 1bniA L33Q
ok 1bniA G34A
ok 1bniA G34H
ok 1bniA G34N
ok 1bniA G34S
ok 1bniA G34D
ok 1bniA G34K
ok 1bniA G34R
ok 1bniA G34T
ok 1bniA V36A
ok 1bniA V36T
ok 1bniA N41D
ok 1bniA D44E
ok 1bniA V45A
ok 1bniA V45T
ok 1bniA I51A
ok 1bniA I51V
ok 1bniA G53A
ok 1bniA D54N
ok 1bniA D54A
ok 1bniA I55T
ok 1bniA I55A
ok 1bniA I55V
ok 1bniA S57A
ok 1bniA N58D
ok 1bniA N58A
ok 1bniA R59A
ok 1bniA K62R
ok 1bniA G65S
ok 1bniA K66A
ok 1bniA R69M
ok 1bniA R69K
ok 1bniA R69S
ok 1bniA E73A
ok 1bniA E73Q
ok 1bniA E73F
ok 1bniA E73W
ok 1bniA I76A
ok 1bniA I76V
ok 1bniA I76T
ok 1bniA N77A
ok 1bniA Y78F
ok 1bniA T79V
ok 1bniA R83K
ok 1bniA R83Q
ok 1bniA N84A
ok 1bniA S85A
ok 1bniA I88A
ok 1bniA I88V
ok 1bniA I88L
ok 1bniA L89V
ok 1bniA L89T
ok 1bniA S91A
ok 1bniA S92A
ok 1bniA D93N
ok 1bniA W94F
ok 1bniA W94Y
ok 1bniA W94L
ok 1bniA I96V
ok 1bniA I96A
ok 1bniA T99V
ok 1bniA H102A
ok 1bniA Y103F
ok 1bniA Q104A
ok 1bniA T105V
ok 1bniA K108R
ok 1bniA I109V
ok 1bniA I109A
ok 1bniA R110A
[protein 19/132] 1boyA n_mut=1
ok 1boyA R200W
[protein 20/132] 1btaA n_mut=12
ok 1btaA K21Q
ok 1btaA K21A
ok 1btaA K22Q
ok 1btaA C40A
ok 1btaA E57K
ok 1btaA K60E
ok 1btaA K60L
ok 1btaA R75L
ok 1btaA R75Q
ok 1btaA K78A
ok 1btaA K78Q
ok 1btaA C82A
[protein 21/132] 1bvcA n_mut=41
ok 1bvcA W7F
ok 1bvcA W14F
ok 1bvcA H24V
ok 1bvcA I28A
ok 1bvcA I28M
ok 1bvcA I28L
ok 1bvcA I28V
ok 1bvcA L29A
ok 1bvcA L29M
ok 1bvcA L29I
ok 1bvcA L29V
ok 1bvcA I30A
ok 1bvcA L32A
ok 1bvcA H36Q
ok 1bvcA H48Q
ok 1bvcA L49I
ok 1bvcA H64Q
ok 1bvcA V68T
ok 1bvcA L69I
ok 1bvcA L69V
ok 1bvcA L69A
ok 1bvcA L69M
ok 1bvcA H82Q
ok 1bvcA H93G
ok 1bvcA I111L
ok 1bvcA I111A
ok 1bvcA I111M
ok 1bvcA H113Q
ok 1bvcA H119F
ok 1bvcA F123K
ok 1bvcA F123T
ok 1bvcA A130K
ok 1bvcA A130L
ok 1bvcA M131A
ok 1bvcA L135M
ok 1bvcA L135I
ok 1bvcA L135V
ok 1bvcA I142A
ok 1bvcA I142M
ok 1bvcA I142L
ok 1bvcA I142V
[protein 22/132] 1c9oA n_mut=25
ok 1c9oA Q2L
ok 1c9oA R3A
ok 1c9oA R3E
ok 1c9oA R3L
ok 1c9oA R3K
ok 1c9oA N11S
ok 1c9oA E12K
ok 1c9oA Y15F
ok 1c9oA E21A
ok 1c9oA E21K
ok 1c9oA G23Q
ok 1c9oA S24D
ok 1c9oA H29E
ok 1c9oA T31S
ok 1c9oA E36K
ok 1c9oA F38W
ok 1c9oA E46A
ok 1c9oA E46K
ok 1c9oA E50K
ok 1c9oA E50W
ok 1c9oA Q53E
ok 1c9oA N55K
ok 1c9oA R56E
ok 1c9oA V64T
ok 1c9oA L66E
[protein 23/132] 1cahA n_mut=2
ok 1cahA W5F
ok 1cahA C206S
[protein 24/132] 1ceyA n_mut=14
ok 1ceyA D12A
ok 1ceyA D13A
ok 1ceyA F14N
ok 1ceyA A48G
ok 1ceyA D57A
ok 1ceyA A74G
ok 1ceyA A77G
ok 1ceyA A80G
ok 1ceyA A88G
ok 1ceyA A90G
ok 1ceyA A99G
ok 1ceyA A101G
ok 1ceyA A113G
ok 1ceyA A114G
[protein 25/132] 1chkA n_mut=3
ok 1chkA W28F
ok 1chkA W101F
ok 1chkA W227F
[protein 26/132] 1cseI n_mut=5
ok 1cseI V14A
ok 1cseI V18A
ok 1cseI L27A
ok 1cseI V54A
ok 1cseI V62A
[protein 27/132] 1cspA n_mut=21
ok 1cspA M1R
ok 1cspA E3K
ok 1cspA E3Q
ok 1cspA E3L
ok 1cspA E3R
ok 1cspA N10D
ok 1cspA F15A
ok 1cspA F17A
ok 1cspA D25Q
ok 1cspA F27A
ok 1cspA F38A
ok 1cspA E43S
ok 1cspA A46K
ok 1cspA A46E
ok 1cspA S48R
ok 1cspA S48E
ok 1cspA E50Q
ok 1cspA R56Q
ok 1cspA K65I
ok 1cspA E66K
ok 1cspA E66L
[protein 28/132] 1cunA n_mut=26
ok 1cunA Q115A
ok 1cunA Q115G
ok 1cunA F117L
ok 1cunA A119G
ok 1cunA A126G
ok 1cunA I128V
ok 1cunA I128A
ok 1cunA K152G
ok 1cunA K152A
ok 1cunA A156G
ok 1cunA F157L
ok 1cunA V163G
ok 1cunA V163A
ok 1cunA H164A
ok 1cunA V171A
ok 1cunA A173G
ok 1cunA A191G
ok 1cunA M193A
ok 1cunA L196A
ok 1cunA G198A
ok 1cunA S201A
ok 1cunA S201G
ok 1cunA L203A
ok 1cunA A206G
ok 1cunA A212G
ok 1cunA L214A
[protein 29/132] 1dktA n_mut=17
ok 1dktA I6V
ok 1dktA Y8A
ok 1dktA S9A
ok 1dktA K11A
ok 1dktA F17L
ok 1dktA E18A
ok 1dktA V22A
ok 1dktA V32A
ok 1dktA S39A
ok 1dktA L46A
ok 1dktA V55A
ok 1dktA V55G
ok 1dktA M58L
ok 1dktA H65A
ok 1dktA L67A
ok 1dktA R70A
ok 1dktA R71A
[protein 30/132] 1ey0A n_mut=482
ok 1ey0A K6A
ok 1ey0A L7A
ok 1ey0A L7I
ok 1ey0A H8A
ok 1ey0A K9A
ok 1ey0A K9G
ok 1ey0A E10G
ok 1ey0A E10Q
ok 1ey0A A12V
ok 1ey0A T13C
ok 1ey0A T13I
ok 1ey0A T13V
ok 1ey0A L14G
ok 1ey0A L14V
ok 1ey0A I15G
ok 1ey0A I15M
ok 1ey0A K16A
ok 1ey0A K16G
ok 1ey0A A17V
ok 1ey0A I18G
ok 1ey0A I18M
ok 1ey0A D19A
ok 1ey0A D19G
ok 1ey0A D19N
ok 1ey0A G20V
ok 1ey0A D21G
ok 1ey0A D21N
ok 1ey0A T22C
ok 1ey0A T22I
ok 1ey0A T22V
ok 1ey0A V23F
ok 1ey0A V23L
ok 1ey0A V23T
ok 1ey0A K24F
ok 1ey0A L25A
ok 1ey0A L25I
ok 1ey0A M26A
ok 1ey0A M26I
ok 1ey0A Y27A
ok 1ey0A Y27F
ok 1ey0A Y27I
ok 1ey0A Y27L
ok 1ey0A Y27N
ok 1ey0A Y27R
ok 1ey0A Y27T
ok 1ey0A Y27W
ok 1ey0A K28E
ok 1ey0A K28G
ok 1ey0A G29A
ok 1ey0A G29F
ok 1ey0A Q30A
ok 1ey0A M32A
ok 1ey0A M32I
ok 1ey0A T33A
ok 1ey0A T33G
ok 1ey0A T33S
ok 1ey0A F34A
ok 1ey0A R35G
ok 1ey0A L36I
ok 1ey0A L37A
ok 1ey0A L37I
ok 1ey0A L38A
ok 1ey0A L38I
ok 1ey0A V39A
ok 1ey0A V39I
ok 1ey0A V39S
ok 1ey0A D40A
ok 1ey0A T41A
ok 1ey0A T41G
ok 1ey0A T41S
ok 1ey0A E43A
ok 1ey0A E43G
ok 1ey0A T44C
ok 1ey0A T44I
ok 1ey0A T44V
ok 1ey0A K45G
ok 1ey0A H46G
ok 1ey0A K48A
ok 1ey0A K48F
ok 1ey0A K48Q
ok 1ey0A K49F
ok 1ey0A G50A
ok 1ey0A G50F
ok 1ey0A V51A
ok 1ey0A V51I
ok 1ey0A V51S
ok 1ey0A E52A
ok 1ey0A E52G
ok 1ey0A K53G
ok 1ey0A Y54F
ok 1ey0A Y54L
ok 1ey0A G55V
ok 1ey0A E57C
ok 1ey0A E57G
ok 1ey0A E57Q
ok 1ey0A A58V
ok 1ey0A S59F
ok 1ey0A A60C
ok 1ey0A A60G
ok 1ey0A F61A
ok 1ey0A T62A
ok 1ey0A T62G
ok 1ey0A T62S
ok 1ey0A K63A
ok 1ey0A K63F
ok 1ey0A K63Q
ok 1ey0A K64E
ok 1ey0A K64G
ok 1ey0A M65A
ok 1ey0A M65G
ok 1ey0A M65L
ok 1ey0A V66G
ok 1ey0A V66K
ok 1ey0A V66M
ok 1ey0A V66T
ok 1ey0A E67A
ok 1ey0A E67G
ok 1ey0A N68A
ok 1ey0A A69G
ok 1ey0A A69V
ok 1ey0A K70C
ok 1ey0A K70F
ok 1ey0A K70Q
ok 1ey0A K71A
ok 1ey0A K71G
ok 1ey0A I72M
ok 1ey0A E73A
ok 1ey0A E73G
ok 1ey0A E73Q
ok 1ey0A V74I
ok 1ey0A V74T
ok 1ey0A E75G
ok 1ey0A E75Q
ok 1ey0A F76A
ok 1ey0A D77A
ok 1ey0A D77K
ok 1ey0A K78A
ok 1ey0A K78E
ok 1ey0A K78G
ok 1ey0A G79A
ok 1ey0A G79S
ok 1ey0A Q80A
ok 1ey0A Q80G
ok 1ey0A R81G
ok 1ey0A T82C
ok 1ey0A T82I
ok 1ey0A T82V
ok 1ey0A D83G
ok 1ey0A K84E
ok 1ey0A K84G
ok 1ey0A Y85A
ok 1ey0A Y85G
ok 1ey0A G86A
ok 1ey0A G86V
ok 1ey0A R87G
ok 1ey0A G88V
ok 1ey0A L89A
ok 1ey0A L89G
ok 1ey0A L89V
ok 1ey0A A90S
ok 1ey0A Y91F
ok 1ey0A I92A
ok 1ey0A I92M
ok 1ey0A Y93F
ok 1ey0A A94G
ok 1ey0A D95A
ok 1ey0A G96A
ok 1ey0A G96V
ok 1ey0A K97E
ok 1ey0A K97G
ok 1ey0A M98A
ok 1ey0A M98I
ok 1ey0A V99A
ok 1ey0A V99L
ok 1ey0A N100G
ok 1ey0A E101F
ok 1ey0A A102F
ok 1ey0A A102V
ok 1ey0A L103I
ok 1ey0A V104A
ok 1ey0A V104L
ok 1ey0A V104T
ok 1ey0A R105C
ok 1ey0A R105G
ok 1ey0A Q106G
ok 1ey0A L108I
ok 1ey0A A109G
ok 1ey0A K110A
ok 1ey0A V111A
ok 1ey0A V111I
ok 1ey0A V111S
ok 1ey0A A112C
ok 1ey0A A112G
ok 1ey0A Y113A
ok 1ey0A Y113G
ok 1ey0A V114A
ok 1ey0A V114I
ok 1ey0A V114S
ok 1ey0A K6G
ok 1ey0A L7G
ok 1ey0A L7V
ok 1ey0A H8G
ok 1ey0A K9F
ok 1ey0A E10A
ok 1ey0A E10K
ok 1ey0A A12G
ok 1ey0A T13A
ok 1ey0A T13G
ok 1ey0A T13S
ok 1ey0A L14A
ok 1ey0A L14I
ok 1ey0A I15A
ok 1ey0A I15L
ok 1ey0A I15V
ok 1ey0A K16F
ok 1ey0A A17G
ok 1ey0A I18A
ok 1ey0A I18L
ok 1ey0A I18V
ok 1ey0A D19F
ok 1ey0A D19K
ok 1ey0A G20A
ok 1ey0A D21A
ok 1ey0A D21K
ok 1ey0A T22A
ok 1ey0A T22G
ok 1ey0A T22S
ok 1ey0A V23A
ok 1ey0A V23I
ok 1ey0A V23S
ok 1ey0A K24A
ok 1ey0A K24G
ok 1ey0A L25G
ok 1ey0A L25V
ok 1ey0A M26G
ok 1ey0A M26L
ok 1ey0A Y27C
ok 1ey0A Y27H
ok 1ey0A Y27K
ok 1ey0A Y27M
ok 1ey0A Y27Q
ok 1ey0A Y27S
ok 1ey0A Y27V
ok 1ey0A K28A
ok 1ey0A K28F
ok 1ey0A K28Q
ok 1ey0A G29C
ok 1ey0A G29V
ok 1ey0A Q30G
ok 1ey0A M32G
ok 1ey0A M32L
ok 1ey0A T33C
ok 1ey0A T33I
ok 1ey0A T33V
ok 1ey0A Y115A
ok 1ey0A Y115G
ok 1ey0A K116A
ok 1ey0A K116G
ok 1ey0A N118D
ok 1ey0A N119A
ok 1ey0A T120A
ok 1ey0A T120G
ok 1ey0A T120S
ok 1ey0A H121A
ok 1ey0A E122A
ok 1ey0A E122G
ok 1ey0A E122Q
ok 1ey0A Q123F
ok 1ey0A H124A
ok 1ey0A H124F
ok 1ey0A H124L
ok 1ey0A L125A
ok 1ey0A L125V
ok 1ey0A R126G
ok 1ey0A K127E
ok 1ey0A K127G
ok 1ey0A S128A
ok 1ey0A S128G
ok 1ey0A E129F
ok 1ey0A A130G
ok 1ey0A Q131A
ok 1ey0A Q131G
ok 1ey0A A132V
ok 1ey0A K133F
ok 1ey0A K133Q
ok 1ey0A K134C
ok 1ey0A K134G
ok 1ey0A E135F
ok 1ey0A E135K
ok 1ey0A K136A
ok 1ey0A K136G
ok 1ey0A L137G
ok 1ey0A L137V
ok 1ey0A N138G
ok 1ey0A I139G
ok 1ey0A I139M
ok 1ey0A S141A
ok 1ey0A R35A
ok 1ey0A L36A
ok 1ey0A L36V
ok 1ey0A L37G
ok 1ey0A L37V
ok 1ey0A L38G
ok 1ey0A L38V
ok 1ey0A V39G
ok 1ey0A V39L
ok 1ey0A V39T
ok 1ey0A D40G
ok 1ey0A T41C
ok 1ey0A T41I
ok 1ey0A T41V
ok 1ey0A E43D
ok 1ey0A T44A
ok 1ey0A T44G
ok 1ey0A T44S
ok 1ey0A K45A
ok 1ey0A H46A
ok 1ey0A H46Y
ok 1ey0A K48E
ok 1ey0A K48G
ok 1ey0A K49A
ok 1ey0A K49G
ok 1ey0A G50C
ok 1ey0A G50V
ok 1ey0A V51G
ok 1ey0A V51L
ok 1ey0A V51T
ok 1ey0A E52F
ok 1ey0A K53A
ok 1ey0A Y54A
ok 1ey0A Y54G
ok 1ey0A G55A
ok 1ey0A E57A
ok 1ey0A E57F
ok 1ey0A E57K
ok 1ey0A A58G
ok 1ey0A S59A
ok 1ey0A S59G
ok 1ey0A A60F
ok 1ey0A A60V
ok 1ey0A F61G
ok 1ey0A T62C
ok 1ey0A T62I
ok 1ey0A T62V
ok 1ey0A K63E
ok 1ey0A K63G
ok 1ey0A K64A
ok 1ey0A K64F
ok 1ey0A K64Q
ok 1ey0A M65F
ok 1ey0A M65I
ok 1ey0A V66A
ok 1ey0A V66I
ok 1ey0A V66L
ok 1ey0A V66S
ok 1ey0A V66W
ok 1ey0A E67F
ok 1ey0A E67Q
ok 1ey0A N68G
ok 1ey0A A69T
ok 1ey0A K70A
ok 1ey0A K70E
ok 1ey0A K70G
ok 1ey0A K70W
ok 1ey0A K71F
ok 1ey0A I72L
ok 1ey0A I72V
ok 1ey0A E73F
ok 1ey0A E73K
ok 1ey0A V74A
ok 1ey0A V74L
ok 1ey0A E75A
ok 1ey0A E75K
ok 1ey0A E75V
ok 1ey0A F76G
ok 1ey0A D77G
ok 1ey0A D77N
ok 1ey0A K78C
ok 1ey0A K78F
ok 1ey0A K78Q
ok 1ey0A G79D
ok 1ey0A G79V
ok 1ey0A Q80F
ok 1ey0A R81A
ok 1ey0A T82A
ok 1ey0A T82G
ok 1ey0A T82S
ok 1ey0A D83A
ok 1ey0A K84A
ok 1ey0A K84F
ok 1ey0A K84Q
ok 1ey0A Y85F
ok 1ey0A Y85L
ok 1ey0A G86F
ok 1ey0A R87A
ok 1ey0A G88A
ok 1ey0A G88W
ok 1ey0A L89F
ok 1ey0A L89I
ok 1ey0A A90G
ok 1ey0A A90V
ok 1ey0A Y91L
ok 1ey0A I92L
ok 1ey0A I92V
ok 1ey0A Y93L
ok 1ey0A A94V
ok 1ey0A D95G
ok 1ey0A G96F
ok 1ey0A K97A
ok 1ey0A K97F
ok 1ey0A K97Q
ok 1ey0A M98G
ok 1ey0A M98L
ok 1ey0A V99I
ok 1ey0A V99T
ok 1ey0A E101A
ok 1ey0A E101G
ok 1ey0A A102G
ok 1ey0A L103A
ok 1ey0A L103V
ok 1ey0A V104I
ok 1ey0A V104S
ok 1ey0A R105A
ok 1ey0A R105F
ok 1ey0A Q106A
ok 1ey0A G107A
ok 1ey0A L108V
ok 1ey0A A109V
ok 1ey0A K110G
ok 1ey0A V111G
ok 1ey0A V111L
ok 1ey0A V111T
ok 1ey0A A112F
ok 1ey0A A112V
ok 1ey0A Y113F
ok 1ey0A Y113L
ok 1ey0A V114G
ok 1ey0A V114L
ok 1ey0A V114T
ok 1ey0A Y115F
ok 1ey0A Y115L
ok 1ey0A K116F
ok 1ey0A N118A
ok 1ey0A N118G
ok 1ey0A N119G
ok 1ey0A T120C
ok 1ey0A T120I
ok 1ey0A T120V
ok 1ey0A H121G
ok 1ey0A E122F
ok 1ey0A E122K
ok 1ey0A Q123A
ok 1ey0A Q123G
ok 1ey0A H124E
ok 1ey0A H124G
ok 1ey0A H124Q
ok 1ey0A L125I
ok 1ey0A R126A
ok 1ey0A K127A
ok 1ey0A K127F
ok 1ey0A K127Q
ok 1ey0A S128F
ok 1ey0A E129A
ok 1ey0A E129G
ok 1ey0A A130V
ok 1ey0A Q131F
ok 1ey0A A132G
ok 1ey0A K133A
ok 1ey0A K133G
ok 1ey0A K134A
ok 1ey0A K134F
ok 1ey0A E135A
ok 1ey0A E135G
ok 1ey0A E135Q
ok 1ey0A K136F
ok 1ey0A L137A
ok 1ey0A L137I
ok 1ey0A N138A
ok 1ey0A I139A
ok 1ey0A I139L
ok 1ey0A I139V
ok 1ey0A S141G
[protein 31/132] 1fkjA n_mut=36
ok 1fkjA V2A
ok 1fkjA V4A
ok 1fkjA I7V
ok 1fkjA T21S
ok 1fkjA T21A
ok 1fkjA T21V
ok 1fkjA V23A
ok 1fkjA V24A
ok 1fkjA T27A
ok 1fkjA T27V
ok 1fkjA T27S
ok 1fkjA F36A
ok 1fkjA L50A
ok 1fkjA V55A
ok 1fkjA I56A
ok 1fkjA I56T
ok 1fkjA I56D
ok 1fkjA R57G
ok 1fkjA R57A
ok 1fkjA W59L
ok 1fkjA W59F
ok 1fkjA E60G
ok 1fkjA E60A
ok 1fkjA E61G
ok 1fkjA E61A
ok 1fkjA V63A
ok 1fkjA T75A
ok 1fkjA T75V
ok 1fkjA I76A
ok 1fkjA I76V
ok 1fkjA I91A
ok 1fkjA I91V
ok 1fkjA L97A
ok 1fkjA V98A
ok 1fkjA V101A
ok 1fkjA L106A
[protein 32/132] 1fnaA n_mut=34
ok 1fnaA L8A
ok 1fnaA V10A
ok 1fnaA A13G
ok 1fnaA L18A
ok 1fnaA I20A
ok 1fnaA I20V
ok 1fnaA W22F
ok 1fnaA V29A
ok 1fnaA Y32A
ok 1fnaA Y32L
ok 1fnaA Y32F
ok 1fnaA I34V
ok 1fnaA I34A
ok 1fnaA Y36A
ok 1fnaA F48A
ok 1fnaA V50A
ok 1fnaA A57G
ok 1fnaA I59V
ok 1fnaA I59A
ok 1fnaA L62A
ok 1fnaA V66A
ok 1fnaA Y68F
ok 1fnaA Y68A
ok 1fnaA I70V
ok 1fnaA I70A
ok 1fnaA V72A
ok 1fnaA A74G
ok 1fnaA S85A
ok 1fnaA I88A
ok 1fnaA I88V
ok 1fnaA I90A
ok 1fnaA I90V
ok 1fnaA Y92A
ok 1fnaA Y92F
[protein 33/132] 1ftgA n_mut=27
ok 1ftgA L6A
ok 1ftgA E20K
ok 1ftgA I22A
ok 1ftgA I22V
ok 1ftgA V31A
ok 1ftgA E40K
ok 1ftgA D43A
ok 1ftgA I51V
ok 1ftgA I52V
ok 1ftgA E61K
ok 1ftgA D65K
ok 1ftgA S71A
ok 1ftgA E72K
ok 1ftgA D75K
ok 1ftgA A84G
ok 1ftgA N97A
ok 1ftgA Q99A
ok 1ftgA I104V
ok 1ftgA S110A
ok 1ftgA V117A
ok 1ftgA T122S
ok 1ftgA D126K
ok 1ftgA V139A
ok 1ftgA L143A
ok 1ftgA D150K
ok 1ftgA I156V
ok 1ftgA V160A
[protein 34/132] 1fvkA n_mut=5
ok 1fvkA C30S
ok 1fvkA H32L
ok 1fvkA H32Y
ok 1fvkA H32S
ok 1fvkA C33S
[protein 35/132] 1g4iA n_mut=9
ok 1g4iA F22A
ok 1g4iA F22Y
ok 1g4iA F22I
ok 1g4iA H48N
ok 1g4iA H48A
ok 1g4iA H48Q
ok 1g4iA F106A
ok 1g4iA F106Y
ok 1g4iA F106I
[protein 36/132] 1g6nA n_mut=1
ok 1g6nA S128A
[protein 37/132] 1h7mA n_mut=26
ok 1h7mA D2A
ok 1h7mA E6A
ok 1h7mA R8A
ok 1h7mA K9A
ok 1h7mA D12A
ok 1h7mA K15A
ok 1h7mA R21A
ok 1h7mA K22A
ok 1h7mA K28A
ok 1h7mA K33A
ok 1h7mA R39A
ok 1h7mA R42A
ok 1h7mA D44A
ok 1h7mA K46A
ok 1h7mA E47A
ok 1h7mA D48A
ok 1h7mA E50A
ok 1h7mA R54A
ok 1h7mA E62A
ok 1h7mA E64A
ok 1h7mA E69A
ok 1h7mA R76A
ok 1h7mA H78A
ok 1h7mA D87A
ok 1h7mA E90A
ok 1h7mA R92A
[protein 38/132] 1hfzA n_mut=22
ok 1hfzA H32A
ok 1hfzA H32Y
ok 1hfzA V42A
ok 1hfzA V42N
ok 1hfzA V42G
ok 1hfzA Q54A
ok 1hfzA I59W
ok 1hfzA Y103A
ok 1hfzA W104Y
ok 1hfzA A106S
ok 1hfzA H107A
ok 1hfzA H107Y
ok 1hfzA H107W
ok 1hfzA L110R
ok 1hfzA L110H
ok 1hfzA L110E
ok 1hfzA K114E
ok 1hfzA K114Q
ok 1hfzA K114N
ok 1hfzA Q117A
ok 1hfzA W118H
ok 1hfzA W118Y
[protein 39/132] 1hk0X n_mut=10
ok 1hk0X M43A
ok 1hk0X Q54A
ok 1hk0X F56A
ok 1hk0X R79A
ok 1hk0X I81A
ok 1hk0X V132A
ok 1hk0X Q143A
ok 1hk0X L145A
ok 1hk0X M147A
ok 1hk0X V170A
[protein 40/132] 1hmeA n_mut=3
ok 1hmeA S33H
ok 1hmeA I34H
ok 1hmeA G35H
[protein 41/132] 1hmkA n_mut=25
ok 1hmkA V8A
ok 1hmkA L12A
ok 1hmkA W26F
ok 1hmkA V27A
ok 1hmkA T29V
ok 1hmkA T29I
ok 1hmkA A30T
ok 1hmkA A30I
ok 1hmkA T33I
ok 1hmkA T38A
ok 1hmkA L52A
ok 1hmkA I55V
ok 1hmkA W60F
ok 1hmkA W60A
ok 1hmkA D87N
ok 1hmkA I89V
ok 1hmkA V90A
ok 1hmkA K93A
ok 1hmkA I95V
ok 1hmkA L96A
ok 1hmkA Y103F
ok 1hmkA W104F
ok 1hmkA L105A
ok 1hmkA L110A
ok 1hmkA W118F
[protein 42/132] 1hmsA n_mut=17
ok 1hmsA F4S
ok 1hmsA W8E
ok 1hmsA F16S
ok 1hmsA F16Y
ok 1hmsA K21I
ok 1hmsA T40Q
ok 1hmsA T40E
ok 1hmsA T40V
ok 1hmsA F57S
ok 1hmsA F64S
ok 1hmsA L66G
ok 1hmsA G67S
ok 1hmsA E72S
ok 1hmsA R106T
ok 1hmsA R126K
ok 1hmsA R126Q
ok 1hmsA Y128F
[protein 43/132] 1huuA n_mut=5
ok 1huuA A27S
ok 1huuA S31T
ok 1huuA V42I
ok 1huuA A56S
ok 1huuA M69I
[protein 44/132] 1ietA n_mut=1
ok 1ietA D60R
[protein 45/132] 1ifcA n_mut=14
ok 1ifcA W6Y
ok 1ifcA I23C
ok 1ifcA S53C
ok 1ifcA V60C
ok 1ifcA V60N
ok 1ifcA L64A
ok 1ifcA L64G
ok 1ifcA G65A
ok 1ifcA F68A
ok 1ifcA L72C
ok 1ifcA W82Y
ok 1ifcA L89C
ok 1ifcA F93A
ok 1ifcA A104C
[protein 46/132] 1igvA n_mut=15
ok 1igvA L6V
ok 1igvA F10A
ok 1igvA Y13F
ok 1igvA E17Q
ok 1igvA D19N
ok 1igvA L23A
ok 1igvA L23G
ok 1igvA E26Q
ok 1igvA L28A
ok 1igvA V61A
ok 1igvA V61G
ok 1igvA F66A
ok 1igvA F66W
ok 1igvA V70L
ok 1igvA I73V
[protein 47/132] 1ihbA n_mut=5
ok 1ihbA F37H
ok 1ihbA R55V
ok 1ihbA F71N
ok 1ihbA F82Q
ok 1ihbA F92N
[protein 48/132] 1imqA n_mut=8
ok 1imqA V19L
ok 1imqA A25G
ok 1imqA E31L
ok 1imqA V34L
ok 1imqA V37L
ok 1imqA E41V
ok 1imqA V68I
ok 1imqA V71I
[protein 49/132] 1io2A n_mut=5
ok 1io2A D7N
ok 1io2A E8A
ok 1io2A E8Q
ok 1io2A D105A
ok 1io2A D135A
[protein 50/132] 1iroA n_mut=2
ok 1iroA V24I
ok 1iroA I33L
[protein 51/132] 1jiwI n_mut=2
ok 1jiwI D10A
ok 1jiwI W15F
[protein 52/132] 1kcqA n_mut=2
ok 1kcqA D187Y
ok 1kcqA D187N
[protein 53/132] 1kdxA n_mut=1
ok 1kdxA Y640F
[protein 54/132] 1ke4A n_mut=1
ok 1ke4A Y150F
[protein 55/132] 1kfwA n_mut=2
ok 1kfwA N197K
ok 1kfwA G405Q
[protein 56/132] 1lbiA n_mut=1
ok 1lbiA K84L
[protein 57/132] 1lniA n_mut=43
ok 1lniA V2T
ok 1lniA T5V
ok 1lniA T16V
ok 1lniA D17K
ok 1lniA T18V
ok 1lniA D25K
ok 1lniA Y30F
ok 1lniA V36T
ok 1lniA Q38A
ok 1lniA N39D
ok 1lniA N39A
ok 1lniA N39S
ok 1lniA E41K
ok 1lniA V43T
ok 1lniA Y49F
ok 1lniA Y51F
ok 1lniA Y52F
ok 1lniA E54Q
ok 1lniA Y55F
ok 1lniA T56V
ok 1lniA V57T
ok 1lniA T59V
ok 1lniA R65A
ok 1lniA T67V
ok 1lniA T72V
ok 1lniA E74K
ok 1lniA D79A
ok 1lniA D79F
ok 1lniA D79I
ok 1lniA D79L
ok 1lniA D79R
ok 1lniA D79Y
ok 1lniA D79E
ok 1lniA D79H
ok 1lniA D79K
ok 1lniA D79N
ok 1lniA D79W
ok 1lniA Y80F
ok 1lniA Y81F
ok 1lniA T82V
ok 1lniA H85Q
ok 1lniA Y86F
ok 1lniA Q94K
[protein 58/132] 1lucA n_mut=1
ok 1lucA A81H
[protein 59/132] 1lucB n_mut=2
ok 1lucB H81A
ok 1lucB H82A
[protein 60/132] 1lveA n_mut=17
Traceback (most recent call last):
  File "/workspace/ProteinMPNN-DDG/scripts/_pdb_to_features_one_protein.py", line 68, in <module>
    raise SystemExit(main())
                     ^^^^^^
  File "/workspace/ProteinMPNN-DDG/scripts/_pdb_to_features_one_protein.py", line 45, in main
    residue_map = build_residue_index_map(pdb_path, chain_id)
                  ^^^^^^^^^^^^^^^^^^^^^^^^^^^^^^^^^^^^^^^^^^^
  File "/workspace/ProteinMPNN-DDG/proteinmpnn_ddg_recovery/recovered_v6v2.py", line 372, in build_residue_index_map
    raise ValueError(
ValueError: Duplicate residue labels in 1lveA.pdb chain A: ['S27', 'S27']
[protein 61/132] 1lz1A n_mut=110
ok 1lz1A K1M
ok 1lz1A K1A
ok 1lz1A V2D
ok 1lz1A V2G
ok 1lz1A V2L
ok 1lz1A V2N
ok 1lz1A V2S
ok 1lz1A V2A
ok 1lz1A V2F
ok 1lz1A V2I
ok 1lz1A V2M
ok 1lz1A V2R
ok 1lz1A V2Y
ok 1lz1A E7Q
ok 1lz1A L8T
ok 1lz1A A9S
ok 1lz1A G16A
ok 1lz1A D18N
ok 1lz1A G19A
ok 1lz1A Y20F
ok 1lz1A R21G
ok 1lz1A R21A
ok 1lz1A G22A
ok 1lz1A I23A
ok 1lz1A I23V
ok 1lz1A A32L
ok 1lz1A A32S
ok 1lz1A E35L
ok 1lz1A G37Q
ok 1lz1A G37A
ok 1lz1A Y38F
ok 1lz1A Y38A
ok 1lz1A Y38G
ok 1lz1A Y45F
ok 1lz1A G48A
ok 1lz1A D49N
ok 1lz1A R50G
ok 1lz1A R50A
ok 1lz1A Y54F
ok 1lz1A I56A
ok 1lz1A I56L
ok 1lz1A I56T
ok 1lz1A I56F
ok 1lz1A I56M
ok 1lz1A I56V
ok 1lz1A Q58A
ok 1lz1A Q58G
ok 1lz1A I59A
ok 1lz1A I59G
ok 1lz1A I59M
ok 1lz1A I59T
ok 1lz1A I59Y
ok 1lz1A I59F
ok 1lz1A I59L
ok 1lz1A I59S
ok 1lz1A I59V
ok 1lz1A Y63F
ok 1lz1A D67H
ok 1lz1A D67N
ok 1lz1A G68A
ok 1lz1A G72A
ok 1lz1A V74A
ok 1lz1A V74F
ok 1lz1A V74I
ok 1lz1A V74M
ok 1lz1A V74R
ok 1lz1A V74Y
ok 1lz1A V74D
ok 1lz1A V74G
ok 1lz1A V74L
ok 1lz1A V74N
ok 1lz1A V74S
ok 1lz1A C77A
ok 1lz1A H78A
ok 1lz1A H78G
ok 1lz1A I89A
ok 1lz1A I89V
ok 1lz1A A92S
ok 1lz1A V93T
ok 1lz1A V93A
ok 1lz1A A96S
ok 1lz1A A96M
ok 1lz1A V99T
ok 1lz1A V99A
ok 1lz1A V100F
ok 1lz1A V100A
ok 1lz1A V100T
ok 1lz1A D102N
ok 1lz1A G105A
ok 1lz1A I106A
ok 1lz1A I106V
ok 1lz1A V110A
ok 1lz1A V110F
ok 1lz1A V110I
ok 1lz1A V110M
ok 1lz1A V110R
ok 1lz1A V110D
ok 1lz1A V110G
ok 1lz1A V110L
ok 1lz1A V110N
ok 1lz1A V110Y
ok 1lz1A N118A
ok 1lz1A N118G
ok 1lz1A D120N
ok 1lz1A V121A
ok 1lz1A Y124F
ok 1lz1A V125A
ok 1lz1A G127A
ok 1lz1A G129A
ok 1lz1A V130A
[protein 62/132] 1mbgA n_mut=3
ok 1mbgA V103I
ok 1mbgA V103A
ok 1mbgA V103L
[protein 63/132] 1mgrA n_mut=8
ok 1mgrA Y11F
ok 1mgrA Y33F
ok 1mgrA Y54F
ok 1mgrA Y55F
ok 1mgrA Y58F
ok 1mgrA Y83F
ok 1mgrA Y84F
ok 1mgrA Y89F
[protein 64/132] 1mjcA n_mut=9
ok 1mjcA F18L
ok 1mjcA F18S
ok 1mjcA F20L
ok 1mjcA F20S
ok 1mjcA F31L
ok 1mjcA F31S
ok 1mjcA Y42W
ok 1mjcA S52W
ok 1mjcA T68W
[protein 65/132] 1msiA n_mut=6
ok 1msiA R23A
ok 1msiA E25A
ok 1msiA D36A
ok 1msiA R39A
ok 1msiA R47A
ok 1msiA D58N
[protein 66/132] 1n0jA n_mut=3
ok 1n0jA Y34F
ok 1n0jA I58T
ok 1n0jA Q143N
[protein 67/132] 1oh0A n_mut=5
ok 1oh0A Y57F
ok 1oh0A Y16F
ok 1oh0A Y32F
ok 1oh0A Y57S
ok 1oh0A V101L
[protein 68/132] 1oiaA n_mut=7
ok 1oiaA Y13T
ok 1oiaA Y13F
ok 1oiaA Y31S
ok 1oiaA Y31F
ok 1oiaA Y78F
ok 1oiaA Y86F
ok 1oiaA Y86T
[protein 69/132] 1oncA n_mut=3
ok 1oncA M23L
ok 1oncA F28A
ok 1oncA F36Y
[protein 70/132] 1pdoA n_mut=3
ok 1pdoA W12F
ok 1pdoA W33F
ok 1pdoA W69F
[protein 71/132] 1pgaA n_mut=12
ok 1pgaA I6N
ok 1pgaA I6L
ok 1pgaA I6T
ok 1pgaA D22G
ok 1pgaA T53D
ok 1pgaA T53F
ok 1pgaA T53R
ok 1pgaA T53Y
ok 1pgaA T53A
ok 1pgaA T53E
ok 1pgaA T53I
ok 1pgaA T53V
[protein 72/132] 1pohA n_mut=13
ok 1pohA S31A
ok 1pohA S46A
ok 1pohA S46N
ok 1pohA S46D
ok 1pohA K49E
ok 1pohA K49D
ok 1pohA K49G
ok 1pohA K49N
ok 1pohA K49R
ok 1pohA K49A
ok 1pohA K49M
ok 1pohA K49Q
ok 1pohA K49S
[protein 73/132] 1qgvA n_mut=1
ok 1qgvA G126D
[protein 74/132] 1qlpA n_mut=43
ok 1qlpA A31L
ok 1qlpA A31I
ok 1qlpA A31V
ok 1qlpA F51C
ok 1qlpA F51L
ok 1qlpA V55I
ok 1qlpA V55L
ok 1qlpA T59A
ok 1qlpA T68A
ok 1qlpA A70G
ok 1qlpA V145L
ok 1qlpA V145I
ok 1qlpA Y160W
ok 1qlpA Y160A
ok 1qlpA V173L
ok 1qlpA V173I
ok 1qlpA A183I
ok 1qlpA A183V
ok 1qlpA A183F
ok 1qlpA A183L
ok 1qlpA W194F
ok 1qlpA W238F
ok 1qlpA A248I
ok 1qlpA A248V
ok 1qlpA A248F
ok 1qlpA A248L
ok 1qlpA A250L
ok 1qlpA A250I
ok 1qlpA A250V
ok 1qlpA A284I
ok 1qlpA A284V
ok 1qlpA V321I
ok 1qlpA V321L
ok 1qlpA S330R
ok 1qlpA K331I
ok 1qlpA K331V
ok 1qlpA K331F
ok 1qlpA K331T
ok 1qlpA V364L
ok 1qlpA V364I
ok 1qlpA M374I
ok 1qlpA S381A
ok 1qlpA K387R
[protein 75/132] 1qm4A n_mut=1
ok 1qm4A R265H
[protein 76/132] 1qndA n_mut=1
ok 1qndA C71S
[protein 77/132] 1rg8A n_mut=17
ok 1rg8A C16S
ok 1rg8A H21Y
ok 1rg8A L44F
ok 1rg8A G62N
ok 1rg8A G62A
ok 1rg8A L73V
ok 1rg8A C83S
ok 1rg8A H93G
ok 1rg8A H93A
ok 1rg8A H93N
ok 1rg8A H102Y
ok 1rg8A A103G
ok 1rg8A N106G
ok 1rg8A F108Y
ok 1rg8A V109I
ok 1rg8A V109L
ok 1rg8A C117S
[protein 78/132] 1rhgA n_mut=10
ok 1rhgA G26A
ok 1rhgA G28A
ok 1rhgA E33A
ok 1rhgA E46A
ok 1rhgA L50E
ok 1rhgA G73A
ok 1rhgA G81A
ok 1rhgA G87A
ok 1rhgA G149A
ok 1rhgA G150A
[protein 79/132] 1risA n_mut=16
ok 1risA V6A
ok 1risA I8A
ok 1risA L21A
ok 1risA E22Q
ok 1risA I26A
ok 1risA Y33A
ok 1risA A35G
ok 1risA V37A
ok 1risA L48A
ok 1risA I52A
ok 1risA F60A
ok 1risA V65A
ok 1risA L75A
ok 1risA L79A
ok 1risA V85A
ok 1risA V88A
[protein 80/132] 1rn1C n_mut=31
ok 1rn1C V16C
ok 1rn1C V16T
ok 1rn1C V16A
ok 1rn1C V16S
ok 1rn1C A21G
ok 1rn1C G23A
ok 1rn1C Y24W
ok 1rn1C Q25K
ok 1rn1C H40T
ok 1rn1C Y42W
ok 1rn1C N44D
ok 1rn1C N44A
ok 1rn1C N44S
ok 1rn1C Y45W
ok 1rn1C D49F
ok 1rn1C D49Y
ok 1rn1C D49A
ok 1rn1C D49H
ok 1rn1C E58A
ok 1rn1C W59Y
ok 1rn1C D76N
ok 1rn1C D76A
ok 1rn1C D76S
ok 1rn1C V78A
ok 1rn1C V78S
ok 1rn1C V78C
ok 1rn1C V78T
ok 1rn1C V89C
ok 1rn1C V89T
ok 1rn1C V89S
ok 1rn1C H92A
[protein 81/132] 1ropA n_mut=20
ok 1ropA D30A
ok 1ropA D30E
ok 1ropA D30G
ok 1ropA D30I
ok 1ropA D30L
ok 1ropA D30N
ok 1ropA D30R
ok 1ropA D30T
ok 1ropA D30W
ok 1ropA D30C
ok 1ropA D30F
ok 1ropA D30H
ok 1ropA D30K
ok 1ropA D30M
ok 1ropA D30Q
ok 1ropA D30S
ok 1ropA D30V
ok 1ropA D30Y
ok 1ropA L41A
ok 1ropA L41V
[protein 82/132] 1rtbA n_mut=37
ok 1rtbA A4S
ok 1rtbA A5S
ok 1rtbA F46L
ok 1rtbA F46V
ok 1rtbA V47A
ok 1rtbA V54G
ok 1rtbA V54L
ok 1rtbA V54A
ok 1rtbA V54I
ok 1rtbA V57I
ok 1rtbA V57A
ok 1rtbA V57L
ok 1rtbA V63A
ok 1rtbA V63G
ok 1rtbA A64G
ok 1rtbA I81G
ok 1rtbA I81A
ok 1rtbA I81V
ok 1rtbA Y97F
ok 1rtbA I106L
ok 1rtbA I106A
ok 1rtbA I106V
ok 1rtbA I107A
ok 1rtbA I107V
ok 1rtbA I107L
ok 1rtbA V108I
ok 1rtbA V108A
ok 1rtbA V108L
ok 1rtbA A109G
ok 1rtbA V116G
ok 1rtbA V116A
ok 1rtbA V118G
ok 1rtbA V118A
ok 1rtbA H119A
ok 1rtbA D121A
ok 1rtbA D121N
ok 1rtbA S123A
[protein 83/132] 1rtpA n_mut=1
Traceback (most recent call last):
  File "/workspace/ProteinMPNN-DDG/scripts/_pdb_to_features_one_protein.py", line 68, in <module>
    raise SystemExit(main())
                     ^^^^^^
  File "/workspace/ProteinMPNN-DDG/scripts/_pdb_to_features_one_protein.py", line 45, in main
    residue_map = build_residue_index_map(pdb_path, chain_id)
                  ^^^^^^^^^^^^^^^^^^^^^^^^^^^^^^^^^^^^^^^^^^^
  File "/workspace/ProteinMPNN-DDG/proteinmpnn_ddg_recovery/recovered_v6v2.py", line 358, in build_residue_index_map
    chain = model[chain_id]
            ~~~~~^^^^^^^^^^
  File "/workspace/ProteinMPNN-DDG/.venv_proteinmpnn_ddg_reproduction/lib/python3.12/site-packages/Bio/PDB/Entity.py", line 65, in __getitem__
    return self.child_dict[id]
           ~~~~~~~~~~~~~~~^^^^
KeyError: 'A'
[protein 84/132] 1sakA n_mut=28
ok 1sakA E326A
ok 1sakA F328L
ok 1sakA F328A
ok 1sakA T329A
ok 1sakA L330F
ok 1sakA Q331A
ok 1sakA I332V
ok 1sakA R333A
ok 1sakA R335A
ok 1sakA E336A
ok 1sakA R337A
ok 1sakA F338A
ok 1sakA E339A
ok 1sakA M340I
ok 1sakA M340A
ok 1sakA F341L
ok 1sakA F341I
ok 1sakA R342A
ok 1sakA E343A
ok 1sakA L344I
ok 1sakA L344F
ok 1sakA N345A
ok 1sakA E346A
ok 1sakA A347G
ok 1sakA E349A
ok 1sakA L350A
ok 1sakA K351A
ok 1sakA D352A
[protein 85/132] 1shfA n_mut=36
ok 1shfA E107A
ok 1shfA E107F
ok 1shfA E107H
ok 1shfA E107K
ok 1shfA E107Q
ok 1shfA E107S
ok 1shfA E107V
ok 1shfA E107D
ok 1shfA E107G
ok 1shfA E107I
ok 1shfA E107L
ok 1shfA E107R
ok 1shfA E107T
ok 1shfA E107Y
ok 1shfA I111A
ok 1shfA I111V
ok 1shfA I111L
ok 1shfA S124D
ok 1shfA S124G
ok 1shfA S124I
ok 1shfA S124L
ok 1shfA S124R
ok 1shfA S124V
ok 1shfA S124A
ok 1shfA S124F
ok 1shfA S124H
ok 1shfA S124K
ok 1shfA S124N
ok 1shfA S124T
ok 1shfA S124Y
ok 1shfA T127A
ok 1shfA G128A
ok 1shfA V138A
ok 1shfA V138M
ok 1shfA V138G
ok 1shfA V138T
[protein 86/132] 1shgA n_mut=4
ok 1shgA D48G
ok 1shgA F52Y
ok 1shgA K59F
ok 1shgA K59Y
[protein 87/132] 1ssoA n_mut=1
ok 1ssoA I29V
[protein 88/132] 1supA n_mut=6
ok 1supA M50F
ok 1supA N76D
ok 1supA G169A
ok 1supA Q206C
ok 1supA Y217K
ok 1supA N218S
[protein 89/132] 1tenA n_mut=28
ok 1tenA I809V
ok 1tenA I809A
ok 1tenA V811A
ok 1tenA A819G
ok 1tenA I821V
ok 1tenA I821A
ok 1tenA I830V
ok 1tenA I830A
ok 1tenA I833V
ok 1tenA I833A
ok 1tenA L835A
ok 1tenA Y837A
ok 1tenA I849A
ok 1tenA L851A
ok 1tenA Y858G
ok 1tenA Y858A
ok 1tenA I860V
ok 1tenA I860A
ok 1tenA L863A
ok 1tenA T867S
ok 1tenA Y869F
ok 1tenA V871A
ok 1tenA L873A
ok 1tenA S875A
ok 1tenA S882A
ok 1tenA A885G
ok 1tenA E887G
ok 1tenA E887A
[protein 90/132] 1titA n_mut=8
ok 1titA V13A
ok 1titA I23A
ok 1titA L41A
ok 1titA L58A
ok 1titA L60A
ok 1titA C63S
ok 1titA F73L
ok 1titA V86A
[protein 91/132] 1tpkA n_mut=6
ok 1tpkA V65I
ok 1tpkA V65M
ok 1tpkA V65T
ok 1tpkA V65A
ok 1tpkA V65L
ok 1tpkA V65S
[protein 92/132] 1ttqA n_mut=8
ok 1ttqA A18V
ok 1ttqA A18G
ok 1ttqA F22L
ok 1ttqA F22I
ok 1ttqA F22V
ok 1ttqA Y175Q
ok 1ttqA L209V
ok 1ttqA I232V
[protein 93/132] 1tyvA n_mut=6
ok 1tyvA G177R
ok 1tyvA T235I
ok 1tyvA G244R
ok 1tyvA R285K
ok 1tyvA E309V
ok 1tyvA G323D
[protein 94/132] 1ubqA n_mut=11
ok 1ubqA K6Q
ok 1ubqA K6E
ok 1ubqA E18D
ok 1ubqA K27Q
ok 1ubqA K29Q
ok 1ubqA K29N
ok 1ubqA R42E
ok 1ubqA F45W
ok 1ubqA H68Q
ok 1ubqA H68E
ok 1ubqA R72Q
[protein 95/132] 1uzcA n_mut=45
ok 1uzcA W11F
ok 1uzcA T13S
ok 1uzcA T13A
ok 1uzcA E15G
ok 1uzcA E15A
ok 1uzcA A17G
ok 1uzcA Q19A
ok 1uzcA Q19G
ok 1uzcA A20G
ok 1uzcA L24A
ok 1uzcA K26A
ok 1uzcA K26G
ok 1uzcA E27A
ok 1uzcA E27G
ok 1uzcA V30A
ok 1uzcA S32A
ok 1uzcA N33G
ok 1uzcA S35A
ok 1uzcA W36F
ok 1uzcA Q38G
ok 1uzcA Q38A
ok 1uzcA A39G
ok 1uzcA M42A
ok 1uzcA I43V
ok 1uzcA I44A
ok 1uzcA I44V
ok 1uzcA I44G
ok 1uzcA D46N
ok 1uzcA Y49A
ok 1uzcA Y49F
ok 1uzcA S50A
ok 1uzcA S50G
ok 1uzcA A51G
ok 1uzcA L52A
ok 1uzcA A53G
ok 1uzcA S56G
ok 1uzcA S56A
ok 1uzcA K58A
ok 1uzcA Q60A
ok 1uzcA Q60G
ok 1uzcA A61G
ok 1uzcA A64G
ok 1uzcA Y65F
ok 1uzcA V67G
ok 1uzcA V67A
[protein 96/132] 1vqbA n_mut=90
ok 1vqbA I6V
ok 1vqbA F13T
ok 1vqbA V19T
ok 1vqbA V19C
ok 1vqbA K24V
ok 1vqbA Y26R
ok 1vqbA L28V
ok 1vqbA E30F
ok 1vqbA E30N
ok 1vqbA E30M
ok 1vqbA L32W
ok 1vqbA L32R
ok 1vqbA L32Y
ok 1vqbA L32H
ok 1vqbA C33I
ok 1vqbA C33M
ok 1vqbA C33T
ok 1vqbA C33A
ok 1vqbA C33L
ok 1vqbA C33S
ok 1vqbA C33V
ok 1vqbA V35A
ok 1vqbA V35F
ok 1vqbA V35L
ok 1vqbA V35T
ok 1vqbA V35C
ok 1vqbA V35I
ok 1vqbA V35M
ok 1vqbA D36N
ok 1vqbA D36C
ok 1vqbA L37C
ok 1vqbA L37T
ok 1vqbA L37A
ok 1vqbA L37I
ok 1vqbA L37V
ok 1vqbA E40C
ok 1vqbA E40T
ok 1vqbA Y41A
ok 1vqbA Y41F
ok 1vqbA V43C
ok 1vqbA V43T
ok 1vqbA V45A
ok 1vqbA V45L
ok 1vqbA V45C
ok 1vqbA V45T
ok 1vqbA I47A
ok 1vqbA I47F
ok 1vqbA I47M
ok 1vqbA I47V
ok 1vqbA I47C
ok 1vqbA I47L
ok 1vqbA I47T
ok 1vqbA T48V
ok 1vqbA T48C
ok 1vqbA L49C
ok 1vqbA L49T
ok 1vqbA L49A
ok 1vqbA L49I
ok 1vqbA L49V
ok 1vqbA D50H
ok 1vqbA T62V
ok 1vqbA T62C
ok 1vqbA V63T
ok 1vqbA V63C
ok 1vqbA H64C
ok 1vqbA S67C
ok 1vqbA S67T
ok 1vqbA F68L
ok 1vqbA F68V
ok 1vqbA K69H
ok 1vqbA K69M
ok 1vqbA V70C
ok 1vqbA V70T
ok 1vqbA F73W
ok 1vqbA M77C
ok 1vqbA M77I
ok 1vqbA M77T
ok 1vqbA M77A
ok 1vqbA M77F
ok 1vqbA M77L
ok 1vqbA M77V
ok 1vqbA I78C
ok 1vqbA I78V
ok 1vqbA I78T
ok 1vqbA L81T
ok 1vqbA L81C
ok 1vqbA L81V
ok 1vqbA R82C
ok 1vqbA A86V
ok 1vqbA A86T
[protein 97/132] 1witA n_mut=1
ok 1witA Y73F
[protein 98/132] 1wq5A n_mut=44
ok 1wq5A F22L
ok 1wq5A I37A
ok 1wq5A E49A
ok 1wq5A E49D
ok 1wq5A E49G
ok 1wq5A E49I
ok 1wq5A E49L
ok 1wq5A E49N
ok 1wq5A E49S
ok 1wq5A E49V
ok 1wq5A E49Y
ok 1wq5A E49C
ok 1wq5A E49F
ok 1wq5A E49H
ok 1wq5A E49K
ok 1wq5A E49M
ok 1wq5A E49Q
ok 1wq5A E49T
ok 1wq5A E49W
ok 1wq5A L50A
ok 1wq5A C81A
ok 1wq5A C81S
ok 1wq5A C81G
ok 1wq5A C81V
ok 1wq5A L99A
ok 1wq5A C118S
ok 1wq5A C118A
ok 1wq5A C118V
ok 1wq5A L127A
ok 1wq5A F139W
ok 1wq5A C154A
ok 1wq5A C154V
ok 1wq5A C154S
ok 1wq5A Y175C
ok 1wq5A L176A
ok 1wq5A G211E
ok 1wq5A G211S
ok 1wq5A G211W
ok 1wq5A G211D
ok 1wq5A G211R
ok 1wq5A G211V
ok 1wq5A G234K
ok 1wq5A G234D
ok 1wq5A F258W
[protein 99/132] 1yu5X n_mut=1
ok 1yu5X H41Y
[protein 100/132] 1yyjA n_mut=37
ok 1yyjA L3A
ok 1yyjA W7M
ok 1yyjA L10A
ok 1yyjA L14A
ok 1yyjA K15A
ok 1yyjA I17A
ok 1yyjA E18A
ok 1yyjA A20G
ok 1yyjA A23G
ok 1yyjA K27A
ok 1yyjA K27G
ok 1yyjA L30A
ok 1yyjA M33A
ok 1yyjA R34A
ok 1yyjA R34G
ok 1yyjA A36G
ok 1yyjA A37G
ok 1yyjA L38G
ok 1yyjA A40G
ok 1yyjA L48A
ok 1yyjA K51G
ok 1yyjA M58A
ok 1yyjA F61A
ok 1yyjA F65A
ok 1yyjA L68A
ok 1yyjA V69G
ok 1yyjA I72A
ok 1yyjA D73A
ok 1yyjA L76A
ok 1yyjA V84A
ok 1yyjA A87G
ok 1yyjA A90G
ok 1yyjA A91G
ok 1yyjA L94A
ok 1yyjA I98A
ok 1yyjA Y101A
ok 1yyjA Y105A
[protein 101/132] 1zg4A n_mut=2
ok 1zg4A C77S
ok 1zg4A W290F
[protein 102/132] 1znjB n_mut=8
ok 1znjB S9D
ok 1znjB H10E
ok 1znjB H10D
ok 1znjB H10T
ok 1znjB F25D
ok 1znjB F25H
ok 1znjB Y26T
ok 1znjB K29G
[protein 103/132] 2a01A n_mut=1
Traceback (most recent call last):
  File "/workspace/ProteinMPNN-DDG/scripts/_pdb_to_features_one_protein.py", line 68, in <module>
    raise SystemExit(main())
                     ^^^^^^
  File "/workspace/ProteinMPNN-DDG/scripts/_pdb_to_features_one_protein.py", line 45, in main
    residue_map = build_residue_index_map(pdb_path, chain_id)
                  ^^^^^^^^^^^^^^^^^^^^^^^^^^^^^^^^^^^^^^^^^^^
  File "/workspace/ProteinMPNN-DDG/proteinmpnn_ddg_recovery/recovered_v6v2.py", line 356, in build_residue_index_map
    structure = parser.get_structure(id=Path(pdb_path).stem, file=str(pdb_path))
                ^^^^^^^^^^^^^^^^^^^^^^^^^^^^^^^^^^^^^^^^^^^^^^^^^^^^^^^^^^^^^^^^
  File "/workspace/ProteinMPNN-DDG/.venv_proteinmpnn_ddg_reproduction/lib/python3.12/site-packages/Bio/PDB/PDBParser.py", line 85, in get_structure
    with as_handle(file) as handle:
         ^^^^^^^^^^^^^^^
  File "/home/box/.local/share/uv/python/cpython-3.12.14-linux-x86_64-gnu/lib/python3.12/contextlib.py", line 137, in __enter__
    return next(self.gen)
           ^^^^^^^^^^^^^^
  File "/workspace/ProteinMPNN-DDG/.venv_proteinmpnn_ddg_reproduction/lib/python3.12/site-packages/Bio/File.py", line 72, in as_handle
    with open(handleish, mode, **kwargs) as fp:
         ^^^^^^^^^^^^^^^^^^^^^^^^^^^^^^^
FileNotFoundError: [Errno 2] No such file or directory: '/workspace/ProteinMPNN-DDG/drive_evidence_copy/sajidahmedprotres_drive/ACCRE_PyRun_Setup/S_2648_PDB_Files/2a01A.pdb'
[protein 104/132] 2a36A n_mut=8
ok 2a36A T22D
ok 2a36A T22G
ok 2a36A T22L
ok 2a36A T22S
ok 2a36A T22A
ok 2a36A T22F
ok 2a36A T22K
ok 2a36A T22N
[protein 105/132] 2abdA n_mut=29
ok 2abdA F5A
ok 2abdA A9G
ok 2abdA V12A
ok 2abdA L15A
ok 2abdA D21H
ok 2abdA D21A
ok 2abdA L25A
ok 2abdA F26A
ok 2abdA Y28F
ok 2abdA Y28A
ok 2abdA Y28N
ok 2abdA Y31N
ok 2abdA K32E
ok 2abdA K32A
ok 2abdA K32R
ok 2abdA Q33A
ok 2abdA A34G
ok 2abdA T35A
ok 2abdA I39A
ok 2abdA K52M
ok 2abdA K54M
ok 2abdA K54A
ok 2abdA E67A
ok 2abdA A69G
ok 2abdA Y73F
ok 2abdA Y73A
ok 2abdA I74A
ok 2abdA V77A
ok 2abdA L80A
[protein 106/132] 2ci2I n_mut=75
ok 2ci2I K21A
ok 2ci2I K21M
ok 2ci2I T22A
ok 2ci2I T22V
ok 2ci2I T22G
ok 2ci2I E26Q
ok 2ci2I E26A
ok 2ci2I L27A
ok 2ci2I K30A
ok 2ci2I S31G
ok 2ci2I S31A
ok 2ci2I E33N
ok 2ci2I E33D
ok 2ci2I E33Q
ok 2ci2I E34D
ok 2ci2I E34Q
ok 2ci2I E34N
ok 2ci2I A35G
ok 2ci2I K36A
ok 2ci2I K36G
ok 2ci2I K37A
ok 2ci2I K37G
ok 2ci2I V38A
ok 2ci2I I39V
ok 2ci2I I39L
ok 2ci2I L40G
ok 2ci2I L40A
ok 2ci2I Q41G
ok 2ci2I Q41A
ok 2ci2I D42A
ok 2ci2I K43A
ok 2ci2I K43G
ok 2ci2I E45A
ok 2ci2I I48V
ok 2ci2I I48A
ok 2ci2I I49G
ok 2ci2I I49V
ok 2ci2I I49A
ok 2ci2I I49T
ok 2ci2I L51I
ok 2ci2I L51A
ok 2ci2I L51V
ok 2ci2I V53A
ok 2ci2I V53T
ok 2ci2I V53G
ok 2ci2I T55S
ok 2ci2I T55A
ok 2ci2I T55V
ok 2ci2I I56A
ok 2ci2I V57A
ok 2ci2I T58A
ok 2ci2I T58D
ok 2ci2I E60A
ok 2ci2I R62A
ok 2ci2I D64A
ok 2ci2I V66A
ok 2ci2I R67A
ok 2ci2I L68A
ok 2ci2I F69A
ok 2ci2I F69V
ok 2ci2I F69L
ok 2ci2I V70A
ok 2ci2I D71A
ok 2ci2I K72N
ok 2ci2I N75A
ok 2ci2I N75D
ok 2ci2I I76A
ok 2ci2I I76V
ok 2ci2I A77G
ok 2ci2I V79G
ok 2ci2I V79A
ok 2ci2I V79T
ok 2ci2I V82A
ok 2ci2I V82T
ok 2ci2I V82G
[protein 107/132] 2driA n_mut=2
ok 2driA A27T
ok 2driA V50E
[protein 108/132] 2h61A n_mut=5
ok 2h61A L3S
ok 2h61A L3A
ok 2h61A M7A
ok 2h61A I11A
ok 2h61A F14A
[protein 109/132] 2hprA n_mut=1
ok 2hprA S46D
[protein 110/132] 2immA n_mut=10
Traceback (most recent call last):
  File "/workspace/ProteinMPNN-DDG/scripts/_pdb_to_features_one_protein.py", line 68, in <module>
    raise SystemExit(main())
                     ^^^^^^
  File "/workspace/ProteinMPNN-DDG/scripts/_pdb_to_features_one_protein.py", line 45, in main
    residue_map = build_residue_index_map(pdb_path, chain_id)
                  ^^^^^^^^^^^^^^^^^^^^^^^^^^^^^^^^^^^^^^^^^^^
  File "/workspace/ProteinMPNN-DDG/proteinmpnn_ddg_recovery/recovered_v6v2.py", line 372, in build_residue_index_map
    raise ValueError(
ValueError: Duplicate residue labels in 2immA.pdb chain A: ['N31', 'N31']
[protein 111/132] 2lzmA n_mut=98
ok 2lzmA I3C
ok 2lzmA I3E
ok 2lzmA I3G
ok 2lzmA I3M
ok 2lzmA I3T
ok 2lzmA I3W
ok 2lzmA I3A
ok 2lzmA I3D
ok 2lzmA I3F
ok 2lzmA I3L
ok 2lzmA I3S
ok 2lzmA I3V
ok 2lzmA I3Y
ok 2lzmA M6I
ok 2lzmA E11F
ok 2lzmA E11A
ok 2lzmA E11M
ok 2lzmA K16E
ok 2lzmA Y25G
ok 2lzmA G30A
ok 2lzmA G30F
ok 2lzmA S38A
ok 2lzmA S38D
ok 2lzmA A41V
ok 2lzmA S44A
ok 2lzmA G51D
ok 2lzmA C54V
ok 2lzmA C54T
ok 2lzmA N55G
ok 2lzmA I58Y
ok 2lzmA K60H
ok 2lzmA N68A
ok 2lzmA G77A
ok 2lzmA K83H
ok 2lzmA S90H
ok 2lzmA R96H
ok 2lzmA A98V
ok 2lzmA A98T
ok 2lzmA M102V
ok 2lzmA V103A
ok 2lzmA Q105E
ok 2lzmA Q105A
ok 2lzmA Q105G
ok 2lzmA G113A
ok 2lzmA T115E
ok 2lzmA N116D
ok 2lzmA S117I
ok 2lzmA S117F
ok 2lzmA S117V
ok 2lzmA R119E
ok 2lzmA R119M
ok 2lzmA Q123E
ok 2lzmA K124G
ok 2lzmA E128A
ok 2lzmA E128K
ok 2lzmA A129V
ok 2lzmA V131D
ok 2lzmA V131G
ok 2lzmA V131L
ok 2lzmA V131S
ok 2lzmA V131A
ok 2lzmA V131E
ok 2lzmA V131I
ok 2lzmA V131M
ok 2lzmA V131T
ok 2lzmA N132F
ok 2lzmA N132M
ok 2lzmA N132I
ok 2lzmA L133F
ok 2lzmA L133A
ok 2lzmA K135E
ok 2lzmA W138Y
ok 2lzmA N144E
ok 2lzmA N144D
ok 2lzmA A146T
ok 2lzmA A146I
ok 2lzmA A146V
ok 2lzmA K147E
ok 2lzmA V149C
ok 2lzmA V149A
ok 2lzmA T152S
ok 2lzmA F153C
ok 2lzmA R154E
ok 2lzmA G156D
ok 2lzmA T157C
ok 2lzmA T157E
ok 2lzmA T157G
ok 2lzmA T157I
ok 2lzmA T157N
ok 2lzmA T157S
ok 2lzmA T157A
ok 2lzmA T157D
ok 2lzmA T157F
ok 2lzmA T157H
ok 2lzmA T157L
ok 2lzmA T157R
ok 2lzmA T157V
ok 2lzmA A160T
[protein 112/132] 2nvhA n_mut=14
ok 2nvhA R4Q
ok 2nvhA L6A
ok 2nvhA N7G
ok 2nvhA N7D
ok 2nvhA C8S
ok 2nvhA C8A
ok 2nvhA T9G
ok 2nvhA T9Q
ok 2nvhA T9A
ok 2nvhA T9L
ok 2nvhA L10A
ok 2nvhA K97G
ok 2nvhA K97V
ok 2nvhA K97R
[protein 113/132] 2ocjA n_mut=5
ok 2ocjA R175H
ok 2ocjA C242S
ok 2ocjA R248Q
ok 2ocjA R249S
ok 2ocjA R273H
[protein 114/132] 2rn2A n_mut=70
ok 2rn2A D10A
ok 2rn2A D10H
ok 2rn2A D10S
ok 2rn2A D10E
ok 2rn2A D10N
ok 2rn2A G23A
ok 2rn2A A24V
ok 2rn2A R41C
ok 2rn2A E48A
ok 2rn2A E48Q
ok 2rn2A E48D
ok 2rn2A A52D
ok 2rn2A A52F
ok 2rn2A A52H
ok 2rn2A A52L
ok 2rn2A A52N
ok 2rn2A A52S
ok 2rn2A A52V
ok 2rn2A A52C
ok 2rn2A A52E
ok 2rn2A A52G
ok 2rn2A A52I
ok 2rn2A A52M
ok 2rn2A A52Q
ok 2rn2A A52T
ok 2rn2A A52Y
ok 2rn2A I53D
ok 2rn2A I53L
ok 2rn2A I53F
ok 2rn2A I53V
ok 2rn2A H62A
ok 2rn2A H62R
ok 2rn2A H62D
ok 2rn2A S68G
ok 2rn2A S68T
ok 2rn2A S68A
ok 2rn2A S68L
ok 2rn2A S68V
ok 2rn2A D70A
ok 2rn2A D70N
ok 2rn2A D70E
ok 2rn2A V74I
ok 2rn2A V74A
ok 2rn2A V74L
ok 2rn2A Q76L
ok 2rn2A G77A
ok 2rn2A Q80L
ok 2rn2A H83A
ok 2rn2A K91R
ok 2rn2A D94E
ok 2rn2A K95A
ok 2rn2A K95N
ok 2rn2A K95G
ok 2rn2A H114A
ok 2rn2A K117R
ok 2rn2A E119V
ok 2rn2A H124A
ok 2rn2A A125T
ok 2rn2A H127A
ok 2rn2A D134E
ok 2rn2A D134I
ok 2rn2A D134N
ok 2rn2A D134S
ok 2rn2A D134V
ok 2rn2A D134A
ok 2rn2A D134H
ok 2rn2A D134L
ok 2rn2A D134Q
ok 2rn2A D134T
ok 2rn2A E135K
[protein 115/132] 2trxA n_mut=8
ok 2trxA D26I
ok 2trxA D26A
ok 2trxA C32A
ok 2trxA C35A
ok 2trxA T66L
ok 2trxA T77V
ok 2trxA L78R
ok 2trxA L78K
[protein 116/132] 2ts1A n_mut=2
ok 2ts1A I52L
ok 2ts1A L105V
[protein 117/132] 3ecaA n_mut=4
ok 3ecaA T12S
ok 3ecaA T12A
ok 3ecaA T119A
ok 3ecaA S122A
[protein 118/132] 3fvjA n_mut=3
ok 3fvjA H48N
ok 3fvjA H48K
ok 3fvjA H48Q
[protein 119/132] 3glyA n_mut=4
ok 3glyA G137A
ok 3glyA G139A
ok 3glyA G251A
ok 3glyA G383A
[protein 120/132] 3hhrA n_mut=10
ok 3hhrA S71Q
ok 3hhrA S71V
ok 3hhrA S71A
ok 3hhrA S71T
ok 3hhrA E74D
ok 3hhrA E74Q
ok 3hhrA E74T
ok 3hhrA E74A
ok 3hhrA E74L
ok 3hhrA E74S
[protein 121/132] 3mbpA n_mut=7
ok 3mbpA V8G
ok 3mbpA W10A
ok 3mbpA G19C
ok 3mbpA D55N
ok 3mbpA A276G
ok 3mbpA Y283D
ok 3mbpA T345I
[protein 122/132] 3olmD n_mut=10
ok 3olmD K11A
ok 3olmD I30F
ok 3olmD I30V
ok 3olmD I30L
ok 3olmD E34L
ok 3olmD E34D
ok 3olmD E34S
ok 3olmD I36F
ok 3olmD I36V
ok 3olmD I36L
[protein 123/132] 3pgkA n_mut=9
ok 3pgkA Y48W
ok 3pgkA Y122W
ok 3pgkA F194W
ok 3pgkA W308Y
ok 3pgkA W308F
ok 3pgkA W333Y
ok 3pgkA W333F
ok 3pgkA H388Q
ok 3pgkA L399W
[protein 124/132] 3silA n_mut=2
ok 3silA A53L
ok 3silA A69V
[protein 125/132] 3ssiA n_mut=19
ok 3ssiA V13F
ok 3ssiA V13I
ok 3ssiA V13M
ok 3ssiA V13A
ok 3ssiA V13G
ok 3ssiA V13L
ok 3ssiA M73D
ok 3ssiA M73G
ok 3ssiA M73K
ok 3ssiA M73V
ok 3ssiA M73A
ok 3ssiA M73E
ok 3ssiA M73I
ok 3ssiA M73L
ok 3ssiA M103G
ok 3ssiA M103L
ok 3ssiA M103A
ok 3ssiA M103I
ok 3ssiA M103V
[protein 126/132] 4br1A n_mut=4
ok 4br1A S105D
ok 4br1A Q179A
ok 4br1A Q179D
ok 4br1A K193A
[protein 127/132] 4lyzA n_mut=57
ok 4lyzA F3Y
ok 4lyzA M12L
ok 4lyzA M12F
ok 4lyzA H15L
ok 4lyzA N19K
ok 4lyzA R21Q
ok 4lyzA A31I
ok 4lyzA A31V
ok 4lyzA A31L
ok 4lyzA F34Y
ok 4lyzA E35A
ok 4lyzA E35Q
ok 4lyzA E35H
ok 4lyzA T40S
ok 4lyzA T40I
ok 4lyzA N46D
ok 4lyzA G49A
ok 4lyzA G49N
ok 4lyzA I55A
ok 4lyzA I55L
ok 4lyzA I55T
ok 4lyzA I55F
ok 4lyzA I55M
ok 4lyzA I55V
ok 4lyzA I58M
ok 4lyzA G67A
ok 4lyzA R68K
ok 4lyzA G71A
ok 4lyzA R73K
ok 4lyzA N77H
ok 4lyzA I78M
ok 4lyzA S91D
ok 4lyzA S91V
ok 4lyzA S91A
ok 4lyzA S91T
ok 4lyzA S91Y
ok 4lyzA C94A
ok 4lyzA I98M
ok 4lyzA D101A
ok 4lyzA D101F
ok 4lyzA D101K
ok 4lyzA D101Q
ok 4lyzA D101S
ok 4lyzA D101E
ok 4lyzA D101G
ok 4lyzA D101N
ok 4lyzA D101R
ok 4lyzA G102R
ok 4lyzA G102A
ok 4lyzA G102V
ok 4lyzA N103D
ok 4lyzA M105T
ok 4lyzA W108Q
ok 4lyzA W108Y
ok 4lyzA R114H
ok 4lyzA G117A
ok 4lyzA Q121H
[protein 128/132] 4rexA n_mut=3
ok 4rexA A180R
ok 4rexA L190Y
ok 4rexA D194T
[protein 129/132] 4v2fA n_mut=1
ok 4v2fA R128E
[protein 130/132] 5croA n_mut=10
ok 5croA Q16L
ok 5croA Y26C
ok 5croA Y26F
ok 5croA Y26L
ok 5croA Y26V
ok 5croA Y26D
ok 5croA Y26H
ok 5croA Y26Q
ok 5croA Y26W
ok 5croA A36S
[protein 131/132] 5dfrA n_mut=102
ok 5dfrA I2V
ok 5dfrA G15A
ok 5dfrA W22L
ok 5dfrA L24V
ok 5dfrA D27N
ok 5dfrA L28R
ok 5dfrA W30E
ok 5dfrA W30M
ok 5dfrA W30R
ok 5dfrA W30Y
ok 5dfrA W30A
ok 5dfrA W30H
ok 5dfrA W30N
ok 5dfrA W30S
ok 5dfrA F31V
ok 5dfrA F31A
ok 5dfrA T35A
ok 5dfrA V40A
ok 5dfrA V40H
ok 5dfrA V40L
ok 5dfrA V40N
ok 5dfrA V40S
ok 5dfrA V40F
ok 5dfrA V40I
ok 5dfrA V40M
ok 5dfrA V40R
ok 5dfrA G43A
ok 5dfrA R44A
ok 5dfrA R44L
ok 5dfrA L54V
ok 5dfrA N59E
ok 5dfrA N59H
ok 5dfrA N59K
ok 5dfrA N59M
ok 5dfrA N59S
ok 5dfrA N59V
ok 5dfrA N59C
ok 5dfrA N59G
ok 5dfrA N59I
ok 5dfrA N59L
ok 5dfrA N59Q
ok 5dfrA N59T
ok 5dfrA N59W
ok 5dfrA I61L
ok 5dfrA I61V
ok 5dfrA G67A
ok 5dfrA G67D
ok 5dfrA G67S
ok 5dfrA G67V
ok 5dfrA G67C
ok 5dfrA G67L
ok 5dfrA G67T
ok 5dfrA W74F
ok 5dfrA V75A
ok 5dfrA V75H
ok 5dfrA V75R
ok 5dfrA V75Y
ok 5dfrA V75C
ok 5dfrA V75I
ok 5dfrA V75S
ok 5dfrA C85S
ok 5dfrA V88A
ok 5dfrA V88I
ok 5dfrA I91L
ok 5dfrA I91V
ok 5dfrA I94L
ok 5dfrA I94V
ok 5dfrA G95A
ok 5dfrA L112V
ok 5dfrA L112I
ok 5dfrA T113V
ok 5dfrA G121A
ok 5dfrA G121D
ok 5dfrA G121L
ok 5dfrA G121V
ok 5dfrA G121C
ok 5dfrA G121H
ok 5dfrA G121S
ok 5dfrA G121Y
ok 5dfrA D122A
ok 5dfrA E139Q
ok 5dfrA E139K
ok 5dfrA S148E
ok 5dfrA S148N
ok 5dfrA S148T
ok 5dfrA S148A
ok 5dfrA S148K
ok 5dfrA S148R
ok 5dfrA S148V
ok 5dfrA C152E
ok 5dfrA I155D
ok 5dfrA I155K
ok 5dfrA I155Q
ok 5dfrA I155S
ok 5dfrA I155V
ok 5dfrA I155Y
ok 5dfrA I155A
ok 5dfrA I155E
ok 5dfrA I155L
ok 5dfrA I155R
ok 5dfrA I155T
ok 5dfrA I155W
[protein 132/132] 5ptiA n_mut=21
ok 5ptiA F4L
ok 5ptiA Y10L
ok 5ptiA G12V
ok 5ptiA G12D
ok 5ptiA A16V
ok 5ptiA A16T
ok 5ptiA Y21L
ok 5ptiA Y21A
ok 5ptiA F22A
ok 5ptiA F33I
ok 5ptiA F33L
ok 5ptiA Y35A
ok 5ptiA Y35F
ok 5ptiA Y35N
ok 5ptiA Y35D
ok 5ptiA Y35G
ok 5ptiA G36S
ok 5ptiA G36D
ok 5ptiA G37D
ok 5ptiA G37A
ok 5ptiA N44G
{
  "dataset": "S_2648",
  "n_jobs": 2648,
  "n_ok": 2619,
  "n_error": 29,
  "elapsed_seconds": 3479.9272532463074,
  "output_pickle": "reproduction_runs/2026-09-12/pdb_to_features_s2648/regenerated_v3_features.pickle"
}
