Dataset=Ssym jobs=342 pdb_dir=/workspace/ProteinMPNN-DDG/drive_evidence_copy/sajidahmedprotres_drive/ACCRE_PyRun_Setup/Ssym_PDB_Files seed_mode=per_entry seed=0 subprocess=True save_mode=full resume=True
[protein 1/15] 1amqA n_mut=4
ok 1amqA C191Y
ok 1amqA C191F
ok 1amqA C191W
ok 1amqA C191S
[protein 2/15] 1bniA n_mut=13
ok 1bniA F7L
ok 1bniA L14A
ok 1bniA T26A
ok 1bniA I51V
ok 1bniA I76A
ok 1bniA I76V
ok 1bniA Y78F
ok 1bniA I88A
ok 1bniA I88V
ok 1bniA L89V
ok 1bniA S91A
ok 1bniA I96A
ok 1bniA I96V
[protein 3/15] 1ceyA n_mut=3
ok 1ceyA D12A
ok 1ceyA D13A
ok 1ceyA D57A
[protein 4/15] 1ey0A n_mut=28
ok 1ey0A T22C
ok 1ey0A T22V
ok 1ey0A V23L
ok 1ey0A L25I
ok 1ey0A T33V
ok 1ey0A T41C
ok 1ey0A T41I
ok 1ey0A T41S
ok 1ey0A T41V
ok 1ey0A T44V
ok 1ey0A S59A
ok 1ey0A T62S
ok 1ey0A T62V
ok 1ey0A V66I
ok 1ey0A V66L
ok 1ey0A V66K
ok 1ey0A I72L
ok 1ey0A I72V
ok 1ey0A T82S
ok 1ey0A I92V
ok 1ey0A K116G
ok 1ey0A P117A
ok 1ey0A P117G
ok 1ey0A P117T
ok 1ey0A T120C
ok 1ey0A T120S
ok 1ey0A T120V
ok 1ey0A S128A
[protein 5/15] 1ihbA n_mut=3
ok 1ihbA F71N
ok 1ihbA F82Q
ok 1ihbA F92N
[protein 6/15] 1iobA n_mut=1
ok 1iobA T9G
[protein 7/15] 1l63A n_mut=118
ok 1l63A M6A
ok 1l63A M6L
ok 1l63A E11H
ok 1l63A E11N
ok 1l63A I17A
ok 1l63A D20A
ok 1l63A D20N
ok 1l63A D20S
ok 1l63A I27A
ok 1l63A I27M
ok 1l63A I29A
ok 1l63A S38N
ok 1l63A A41S
ok 1l63A A42V
ok 1l63A A42S
ok 1l63A K43A
ok 1l63A S44A
ok 1l63A S44I
ok 1l63A S44L
ok 1l63A S44K
ok 1l63A S44E
ok 1l63A S44G
ok 1l63A S44R
ok 1l63A S44N
ok 1l63A S44F
ok 1l63A S44P
ok 1l63A S44T
ok 1l63A S44V
ok 1l63A L46A
ok 1l63A D47A
ok 1l63A A49S
ok 1l63A I50A
ok 1l63A I50M
ok 1l63A I58A
ok 1l63A I58T
ok 1l63A T59A
ok 1l63A T59D
ok 1l63A T59G
ok 1l63A T59N
ok 1l63A T59S
ok 1l63A T59V
ok 1l63A L66M
ok 1l63A F67A
ok 1l63A D72P
ok 1l63A A73S
ok 1l63A V75T
ok 1l63A I78A
ok 1l63A I78M
ok 1l63A I78V
ok 1l63A A82S
ok 1l63A L84A
ok 1l63A L84M
ok 1l63A V87A
ok 1l63A V87M
ok 1l63A V87I
ok 1l63A V87T
ok 1l63A L91A
ok 1l63A L91M
ok 1l63A D92N
ok 1l63A A93S
ok 1l63A A98C
ok 1l63A A98L
ok 1l63A A98S
ok 1l63A A98V
ok 1l63A L99A
ok 1l63A L99F
ok 1l63A L99I
[protein 8/15] 1lz1A n_mut=61
ok 1lz1A V2A
ok 1lz1A V2G
ok 1lz1A V2S
ok 1lz1A V2Y
ok 1lz1A V2D
ok 1lz1A V2N
ok 1lz1A V2R
ok 1lz1A V2L
ok 1lz1A V2M
ok 1lz1A V2F
ok 1lz1A Y20F
ok 1lz1A I23A
ok 1lz1A I23V
ok 1lz1A Y38F
ok 1lz1A Y45F
ok 1lz1A A47P
ok 1lz1A Y54F
ok 1lz1A I56A
ok 1lz1A I56T
ok 1lz1A I56V
ok 1lz1A I59A
ok 1lz1A I59G
ok 1lz1A I59V
ok 1lz1A Y63F
ok 1lz1A P71G
ok 1lz1A V74A
ok 1lz1A V74G
ok 1lz1A V74I
ok 1lz1A V74L
ok 1lz1A V74M
ok 1lz1A V74F
ok 1lz1A V74Y
ok 1lz1A V74D
ok 1lz1A V74N
ok 1lz1A V74R
ok 1lz1A V74S
ok 1lz1A C77A
ok 1lz1A I89A
ok 1lz1A I89V
ok 1lz1A D91P
ok 1lz1A V93A
ok 1lz1A V99A
ok 1lz1A V100A
ok 1lz1A P103G
ok 1lz1A I106A
ok 1lz1A I106V
ok 1lz1A V110A
ok 1lz1A V110D
ok 1lz1A V110G
ok 1lz1A V110I
ok 1lz1A V110L
ok 1lz1A V110M
ok 1lz1A V110N
ok 1lz1A V110R
ok 1lz1A V110F
ok 1lz1A V110P
ok 1lz1A V110Y
ok 1lz1A V121A
ok 1lz1A Y124F
ok 1lz1A V125A
ok 1lz1A V130A
[protein 9/15] 1oh0A n_mut=2
ok 1oh0A Y32F
ok 1oh0A Y57F
[protein 10/15] 1rn1C n_mut=1
ok 1rn1C Q25K
[protein 11/15] 1vqbA n_mut=5
ok 1vqbA V35I
ok 1vqbA Y41F
ok 1vqbA I47L
ok 1vqbA I47M
ok 1vqbA I47V
[protein 12/15] 2lzmA n_mut=66
ok 2lzmA I3L
ok 2lzmA I3C
ok 2lzmA I3P
ok 2lzmA I3Y
ok 2lzmA I3V
ok 2lzmA M6I
ok 2lzmA K16E
ok 2lzmA S38D
ok 2lzmA N55G
ok 2lzmA K60P
ok 2lzmA G77A
ok 2lzmA A82P
ok 2lzmA K85A
ok 2lzmA D89A
ok 2lzmA R96A
ok 2lzmA R96D
ok 2lzmA R96M
ok 2lzmA R96E
ok 2lzmA R96G
ok 2lzmA R96Q
ok 2lzmA R96H
ok 2lzmA R96N
ok 2lzmA R96K
ok 2lzmA R96S
ok 2lzmA R96Y
ok 2lzmA R96V
ok 2lzmA R96W
ok 2lzmA A98V
ok 2lzmA Q105A
ok 2lzmA Q105E
ok 2lzmA Q105G
ok 2lzmA G113A
ok 2lzmA T115E
ok 2lzmA N116D
ok 2lzmA R119E
ok 2lzmA Q123E
ok 2lzmA K124G
ok 2lzmA V131A
ok 2lzmA V131D
ok 2lzmA V131G
ok 2lzmA V131I
ok 2lzmA V131L
ok 2lzmA V131S
ok 2lzmA V131M
ok 2lzmA V131E
ok 2lzmA L133A
ok 2lzmA K135E
ok 2lzmA N144D
ok 2lzmA K147E
ok 2lzmA V149C
ok 2lzmA T152S
ok 2lzmA R154E
ok 2lzmA G156D
ok 2lzmA T157A
ok 2lzmA T157C
ok 2lzmA T157D
ok 2lzmA T157E
ok 2lzmA T157F
ok 2lzmA T157G
ok 2lzmA T157H
ok 2lzmA T157I
ok 2lzmA T157L
ok 2lzmA T157N
ok 2lzmA T157R
ok 2lzmA T157S
ok 2lzmA T157V
[protein 13/15] 2rn2A n_mut=18
ok 2rn2A D10N
ok 2rn2A E48Q
ok 2rn2A A52F
ok 2rn2A A52I
ok 2rn2A A52L
ok 2rn2A A52V
ok 2rn2A H62A
ok 2rn2A H62P
ok 2rn2A D70N
ok 2rn2A V74L
ok 2rn2A V74I
ok 2rn2A G77A
ok 2rn2A K95A
ok 2rn2A K95G
ok 2rn2A K95N
ok 2rn2A D134A
ok 2rn2A D134H
ok 2rn2A D134N
[protein 14/15] 4lyzA n_mut=14
ok 4lyzA M12F
ok 4lyzA M12L
ok 4lyzA T40S
ok 4lyzA G49A
ok 4lyzA I55V
ok 4lyzA I58M
ok 4lyzA G67A
ok 4lyzA G71A
ok 4lyzA I78M
ok 4lyzA S91A
ok 4lyzA S91T
ok 4lyzA I98M
ok 4lyzA G102A
ok 4lyzA G117A
[protein 15/15] 5ptiA n_mut=5
ok 5ptiA F22A
ok 5ptiA Y23A
ok 5ptiA Y35G
ok 5ptiA N43G
ok 5ptiA F45A
{
  "dataset": "Ssym",
  "n_jobs": 342,
  "n_ok": 224,
  "n_error": 118,
  "elapsed_seconds": 2071.17351937294,
  "output_pickle": "reproduction_runs/2026-09-12/pdb_to_features_ssym_extraction_full/extraction_tensors.pickle"
}
Dataset=Ssym jobs=342 pdb_dir=/workspace/ProteinMPNN-DDG/drive_evidence_copy/sajidahmedprotres_drive/ACCRE_PyRun_Setup/Ssym_PDB_Files seed_mode=per_entry seed=0 subprocess=True save_mode=full resume=True
[protein 1/15] 1amqA n_mut=4
  resume skip 1amqA (shard exists)
[protein 2/15] 1bniA n_mut=13
  resume skip 1bniA (shard exists)
[protein 3/15] 1ceyA n_mut=3
  resume skip 1ceyA (shard exists)
[protein 4/15] 1ey0A n_mut=28
  resume skip 1ey0A (shard exists)
[protein 5/15] 1ihbA n_mut=3
  resume skip 1ihbA (shard exists)
[protein 6/15] 1iobA n_mut=1
  resume skip 1iobA (shard exists)
[protein 7/15] 1l63A n_mut=118
  resume skip 1l63A (shard exists)
[protein 8/15] 1lz1A n_mut=61
  resume skip 1lz1A (shard exists)
[protein 9/15] 1oh0A n_mut=2
  resume skip 1oh0A (shard exists)
[protein 10/15] 1rn1C n_mut=1
  resume skip 1rn1C (shard exists)
[protein 11/15] 1vqbA n_mut=5
  resume skip 1vqbA (shard exists)
[protein 12/15] 2lzmA n_mut=66
  resume skip 2lzmA (shard exists)
[protein 13/15] 2rn2A n_mut=18
  resume skip 2rn2A (shard exists)
[protein 14/15] 4lyzA n_mut=14
  resume skip 4lyzA (shard exists)
[protein 15/15] 5ptiA n_mut=5
  resume skip 5ptiA (shard exists)
{
  "dataset": "Ssym",
  "n_jobs": 342,
  "n_ok": 342,
  "n_error": 0,
  "elapsed_seconds": 1.8275346755981445,
  "output_pickle": "reproduction_runs/2026-09-12/pdb_to_features_ssym_extraction_full/extraction_tensors.pickle"
}
