Dataset=Ssym jobs=118 pdb_dir=/workspace/ProteinMPNN-DDG/drive_evidence_copy/sajidahmedprotres_drive/ACCRE_PyRun_Setup/Ssym_PDB_Files seed_mode=per_entry seed=0 subprocess=True save_mode=full resume=True
[protein 1/1] 1l63A n_mut=118
ok 1l63A M6A
ok 1l63A M6L
ok 1l63A E11H
ok 1l63A E11N
ok 1l63A I17A
ok 1l63A D20A
ok 1l63A D20N
ok 1l63A D20S
ok 1l63A I27A
ok 1l63A I27M
ok 1l63A I29A
ok 1l63A S38N
ok 1l63A A41S
ok 1l63A A42V
ok 1l63A A42S
ok 1l63A K43A
ok 1l63A S44A
ok 1l63A S44I
ok 1l63A S44L
ok 1l63A S44K
ok 1l63A S44E
ok 1l63A S44G
ok 1l63A S44R
ok 1l63A S44N
ok 1l63A S44F
ok 1l63A S44P
ok 1l63A S44T
ok 1l63A S44V
ok 1l63A L46A
ok 1l63A D47A
ok 1l63A A49S
ok 1l63A I50A
ok 1l63A I50M
ok 1l63A I58A
ok 1l63A I58T
ok 1l63A T59A
ok 1l63A T59D
ok 1l63A T59G
ok 1l63A T59N
ok 1l63A T59S
ok 1l63A T59V
ok 1l63A L66M
