Loading saved historical V3 pickles...
  S_2648: kept=2620 skipped=28
  S_921: kept=921 skipped=0
  S_669: kept=638 skipped=31
  Ssym: kept=342 skipped=0
Fitting PCA/KPCA on S_2648 raw vectors (seed=0, sample=10000)...
  embedding neighbors stacked shape=[39300, 128]; message stacked shape=[39300, 128]
Projecting instances and building forward+reverse matrices...
  S_2648: forward=2620 aug=(5240, 41) full_AH_dims=12
  S_921: forward=921 aug=(1842, 41) full_AH_dims=12
  Applied S_669 DDG sign flip (y *= -1) per notebook protocol
  S_669: forward=638 aug=(1276, 41) full_AH_dims=12
  Ssym: forward=342 aug=(684, 41) full_AH_dims=12
Training/evaluating config=manuscript_literal n_runs=10...
  [manuscript_literal] run 1/10 done (2.5s elapsed)
  [manuscript_literal] run 2/10 done (5.0s elapsed)
  [manuscript_literal] run 3/10 done (7.5s elapsed)
  [manuscript_literal] run 4/10 done (10.0s elapsed)
  [manuscript_literal] run 5/10 done (12.4s elapsed)
  [manuscript_literal] run 6/10 done (14.9s elapsed)
  [manuscript_literal] run 7/10 done (17.3s elapsed)
  [manuscript_literal] run 8/10 done (19.7s elapsed)
  [manuscript_literal] run 9/10 done (22.3s elapsed)
  [manuscript_literal] run 10/10 done (24.7s elapsed)
  S_669: rF+R ours=0.6375 (round 0.64) paper=0.64; RMSE ours=1.4627 (round 1.46) paper=1.45; rF-R ours=-0.9942 (round -0.99) paper=-0.99
  Ssym: rF+R ours=0.8037 (round 0.80) paper=0.81; RMSE ours=1.1078 (round 1.11) paper=1.10; rF-R ours=-0.9953 (round -1.00) paper=-0.99
  S_921: rF+R ours=0.7936 (round 0.79) paper=0.79; RMSE ours=1.4708 (round 1.47) paper=1.49; rF-R ours=-0.9965 (round -1.00) paper=-1.00
Training/evaluating config=notebook_table1 n_runs=10...
  [notebook_table1] run 1/10 done (1.1s elapsed)
  [notebook_table1] run 2/10 done (2.2s elapsed)
  [notebook_table1] run 3/10 done (3.3s elapsed)
  [notebook_table1] run 4/10 done (4.4s elapsed)
  [notebook_table1] run 5/10 done (5.4s elapsed)
  [notebook_table1] run 6/10 done (6.5s elapsed)
  [notebook_table1] run 7/10 done (7.7s elapsed)
  [notebook_table1] run 8/10 done (8.8s elapsed)
  [notebook_table1] run 9/10 done (9.9s elapsed)
  [notebook_table1] run 10/10 done (11.0s elapsed)
  S_669: rF+R ours=0.6443 (round 0.64) paper=0.64; RMSE ours=1.4517 (round 1.45) paper=1.45; rF-R ours=-0.9940 (round -0.99) paper=-0.99
  Ssym: rF+R ours=0.8108 (round 0.81) paper=0.81; RMSE ours=1.1039 (round 1.10) paper=1.10; rF-R ours=-0.9954 (round -1.00) paper=-0.99
  S_921: rF+R ours=0.7954 (round 0.80) paper=0.79; RMSE ours=1.4915 (round 1.49) paper=1.49; rF-R ours=-0.9962 (round -1.00) paper=-1.00
Wrote reproduction_runs/2026-09-12/rf_from_v3_features/ours_vs_paper_table1.tsv
Wrote reproduction_runs/2026-09-12/rf_from_v3_features/rf_train_eval_summary.json
Wrote reproduction_runs/2026-09-12/rf_from_v3_features/rf_per_run_metrics.json
