Loading saved historical V3 pickles...
  S_2648: kept=2620 skipped=28
  S_921: kept=921 skipped=0
  S_669: kept=638 skipped=31
  Ssym: kept=342 skipped=0
Fitting PCA/KPCA on S_2648 raw vectors (seed=0, sample=10000)...
  embedding neighbors stacked shape=[39300, 128]; message stacked shape=[39300, 128]
Projecting instances and building forward+reverse matrices...
  S_2648: forward=2620 aug=(5240, 41) full_AH_dims=12
  S_921: forward=921 aug=(1842, 41) full_AH_dims=12
  S_669: forward=638 aug=(1276, 41) full_AH_dims=12
  Ssym: forward=342 aug=(684, 41) full_AH_dims=12
Training/evaluating config=manuscript_literal n_runs=1...
  [manuscript_literal] run 1/1 done (2.5s elapsed)
  S_669: rF+R ours=-0.6361 (round -0.64) paper=0.64; RMSE ours=2.8619 (round 2.86) paper=1.45; rF-R ours=-0.9946 (round -0.99) paper=-0.99
  Ssym: rF+R ours=0.8039 (round 0.80) paper=0.81; RMSE ours=1.1069 (round 1.11) paper=1.10; rF-R ours=-0.9956 (round -1.00) paper=-0.99
  S_921: rF+R ours=0.7933 (round 0.79) paper=0.79; RMSE ours=1.4705 (round 1.47) paper=1.49; rF-R ours=-0.9964 (round -1.00) paper=-1.00
Training/evaluating config=notebook_table1 n_runs=1...
  [notebook_table1] run 1/1 done (1.1s elapsed)
  S_669: rF+R ours=-0.6451 (round -0.65) paper=0.64; RMSE ours=2.8071 (round 2.81) paper=1.45; rF-R ours=-0.9935 (round -0.99) paper=-0.99
  Ssym: rF+R ours=0.8118 (round 0.81) paper=0.81; RMSE ours=1.1015 (round 1.10) paper=1.10; rF-R ours=-0.9957 (round -1.00) paper=-0.99
  S_921: rF+R ours=0.7966 (round 0.80) paper=0.79; RMSE ours=1.4877 (round 1.49) paper=1.49; rF-R ours=-0.9964 (round -1.00) paper=-1.00
Wrote reproduction_runs/2026-09-12/rf_from_v3_features/ours_vs_paper_table1.tsv
Wrote reproduction_runs/2026-09-12/rf_from_v3_features/rf_train_eval_summary.json
Wrote reproduction_runs/2026-09-12/rf_from_v3_features/rf_per_run_metrics.json
