Feature B mode: historical_weighted
Loading saved historical V3 pickles...
  override S_2648 <- reproduction_runs/2026-09-12/pdb_to_features_s2648/regenerated_v3_features.pickle
  override Ssym <- reproduction_runs/2026-09-12/pdb_to_features_ssym/regenerated_v3_features.pickle
  override S_669 <- reproduction_runs/2026-09-12/pdb_to_features_s669/regenerated_v3_features.pickle
  S_2648: kept=2647 skipped=0
  S_921: kept=921 skipped=0
  S_669: kept=638 skipped=0
  Ssym: kept=342 skipped=0
Fitting PCA/KPCA on S_2648 raw vectors (seed=0, sample=10000)...
  embedding neighbors stacked shape=[39705, 128]; message stacked shape=[39705, 128]
Projecting instances and building forward+reverse matrices...
  S_2648: forward=2647 aug=(5294, 41) full_AH_dims=12
  S_921: forward=921 aug=(1842, 41) full_AH_dims=12
  Applied S_669 DDG sign flip (y *= -1) per notebook protocol
  S_669: forward=638 aug=(1276, 41) full_AH_dims=12
  Ssym: forward=342 aug=(684, 41) full_AH_dims=12
Training/evaluating config=notebook_table1 n_runs=10...
  [notebook_table1] run 1/10 done (1.7s elapsed)
  [notebook_table1] run 2/10 done (2.8s elapsed)
  [notebook_table1] run 3/10 done (3.9s elapsed)
  [notebook_table1] run 4/10 done (5.8s elapsed)
  [notebook_table1] run 5/10 done (7.6s elapsed)
  [notebook_table1] run 6/10 done (9.4s elapsed)
  [notebook_table1] run 7/10 done (11.1s elapsed)
  [notebook_table1] run 8/10 done (12.1s elapsed)
  [notebook_table1] run 9/10 done (13.0s elapsed)
  [notebook_table1] run 10/10 done (14.7s elapsed)
  S_669: rF+R ours=0.6371 (round 0.64) paper=0.64; RMSE ours=1.4629 (round 1.46) paper=1.45; rF-R ours=-0.9938 (round -0.99) paper=-0.99
  Ssym: rF+R ours=0.8148 (round 0.81) paper=0.81; RMSE ours=1.0953 (round 1.10) paper=1.10; rF-R ours=-0.9957 (round -1.00) paper=-0.99
  S_921: rF+R ours=0.7956 (round 0.80) paper=0.79; RMSE ours=1.4908 (round 1.49) paper=1.49; rF-R ours=-0.9960 (round -1.00) paper=-1.00
Training/evaluating config=manuscript_literal n_runs=10...
  [manuscript_literal] run 1/10 done (3.1s elapsed)
  [manuscript_literal] run 2/10 done (6.0s elapsed)
  [manuscript_literal] run 3/10 done (9.0s elapsed)
  [manuscript_literal] run 4/10 done (11.0s elapsed)
  [manuscript_literal] run 5/10 done (13.4s elapsed)
  [manuscript_literal] run 6/10 done (16.5s elapsed)
  [manuscript_literal] run 7/10 done (19.5s elapsed)
  [manuscript_literal] run 8/10 done (22.5s elapsed)
  [manuscript_literal] run 9/10 done (24.3s elapsed)
  [manuscript_literal] run 10/10 done (27.0s elapsed)
  S_669: rF+R ours=0.6307 (round 0.63) paper=0.64; RMSE ours=1.4732 (round 1.47) paper=1.45; rF-R ours=-0.9936 (round -0.99) paper=-0.99
  Ssym: rF+R ours=0.8089 (round 0.81) paper=0.81; RMSE ours=1.0970 (round 1.10) paper=1.10; rF-R ours=-0.9953 (round -1.00) paper=-0.99
  S_921: rF+R ours=0.7951 (round 0.80) paper=0.79; RMSE ours=1.4658 (round 1.47) paper=1.49; rF-R ours=-0.9962 (round -1.00) paper=-1.00
Wrote reproduction_runs/2026-09-12/rf_from_regenerated_s2648_ssym_post_recovery/ours_vs_paper_table1.tsv
Wrote reproduction_runs/2026-09-12/rf_from_regenerated_s2648_ssym_post_recovery/rf_train_eval_summary.json
Wrote reproduction_runs/2026-09-12/rf_from_regenerated_s2648_ssym_post_recovery/rf_per_run_metrics.json
