large proteins: [('1aj3A', 63), ('1bniA', 153), ('1bvcA', 41), ('1ey0A', 482), ('1lniA', 43), ('1lz1A', 110), ('1qlpA', 43), ('1uzcA', 45), ('1vqbA', 90), ('1wq5A', 44), ('2ci2I', 75), ('2lzmA', 98), ('2rn2A', 70), ('4lyzA', 57), ('5dfrA', 102)]
1aj3A batch0/2 n=25
ok 1aj3A H10A
ok 1aj3A H10G
ok 1aj3A F12A
ok 1aj3A F12L
ok 1aj3A R14A
ok 1aj3A R14G
ok 1aj3A M16A
ok 1aj3A D17G
ok 1aj3A D17A
ok 1aj3A S21G
ok 1aj3A S21A
ok 1aj3A W22F
ok 1aj3A I23A
ok 1aj3A I23V
ok 1aj3A E25A
ok 1aj3A E25G
ok 1aj3A K26A
ok 1aj3A V30A
ok 1aj3A T40A
ok 1aj3A T40G
ok 1aj3A V42A
ok 1aj3A N44G
ok 1aj3A N44A
ok 1aj3A L45A
ok 1aj3A K47A
1aj3A batch1/2 n=25
ok 1aj3A K47G
ok 1aj3A H49A
ok 1aj3A R51G
ok 1aj3A R51A
ok 1aj3A L52A
ok 1aj3A A54G
ok 1aj3A L56A
ok 1aj3A A58G
ok 1aj3A H59A
ok 1aj3A I63A
ok 1aj3A I63V
ok 1aj3A Q64A
ok 1aj3A Q64G
ok 1aj3A V66A
ok 1aj3A D68G
ok 1aj3A D68A
ok 1aj3A K72G
ok 1aj3A K72A
ok 1aj3A L73A
ok 1aj3A I84A
ok 1aj3A I84V
ok 1aj3A Q86A
ok 1aj3A Q86G
ok 1aj3A L88A
ok 1aj3A A89G
1aj3A batch2/2 n=13
ok 1aj3A F91A
ok 1aj3A F91L
ok 1aj3A D93A
ok 1aj3A D93G
ok 1aj3A W95F
ok 1aj3A K96G
ok 1aj3A K96A
ok 1aj3A L98A
ok 1aj3A Q100A
ok 1aj3A Q100G
ok 1aj3A A102G
ok 1aj3A A104G
ok 1aj3A R105A
WROTE /workspace/ProteinMPNN-DDG/reproduction_runs/2026-09-12/pdb_to_features_s2648_extraction_full/shards/1aj3A.out.pkl n=63 size=4936024
1bniA batch0/7 n=20
ok 1bniA I4V
ok 1bniA I4A
ok 1bniA N5A
ok 1bniA T6A
ok 1bniA T6E
ok 1bniA T6H
ok 1bniA T6Q
ok 1bniA T6D
ok 1bniA T6G
ok 1bniA T6N
ok 1bniA T6S
ok 1bniA F7L
ok 1bniA D8G
ok 1bniA D8A
ok 1bniA D8S
ok 1bniA V10A
ok 1bniA V10T
ok 1bniA D12A
ok 1bniA D12S
ok 1bniA D12G
1bniA batch1/7 n=20
ok 1bniA Y13F
ok 1bniA Y13A
ok 1bniA L14A
ok 1bniA Q15I
ok 1bniA T16G
ok 1bniA T16S
ok 1bniA T16A
ok 1bniA T16R
ok 1bniA Y17F
ok 1bniA Y17S
ok 1bniA Y17A
ok 1bniA Y17G
ok 1bniA H18D
ok 1bniA H18K
ok 1bniA H18Q
ok 1bniA H18S
ok 1bniA H18A
ok 1bniA H18G
ok 1bniA H18N
ok 1bniA H18R
1bniA batch2/7 n=20
ok 1bniA K19R
ok 1bniA D22M
ok 1bniA N23A
ok 1bniA Y24F
ok 1bniA I25V
ok 1bniA I25A
ok 1bniA T26D
ok 1bniA T26G
ok 1bniA T26Q
ok 1bniA T26V
ok 1bniA T26A
ok 1bniA T26E
ok 1bniA T26N
ok 1bniA T26S
ok 1bniA K27G
ok 1bniA K27A
ok 1bniA S28E
ok 1bniA S28A
ok 1bniA S28G
ok 1bniA E29A
1bniA batch3/7 n=20
ok 1bniA E29Q
ok 1bniA E29G
ok 1bniA E29S
ok 1bniA Q31A
ok 1bniA Q31S
ok 1bniA Q31G
ok 1bniA A32D
ok 1bniA A32F
ok 1bniA A32H
ok 1bniA A32K
ok 1bniA A32M
ok 1bniA A32Q
ok 1bniA A32S
ok 1bniA A32V
ok 1bniA A32Y
ok 1bniA A32C
ok 1bniA A32E
ok 1bniA A32G
ok 1bniA A32I
ok 1bniA A32L
1bniA batch4/7 n=20
ok 1bniA A32N
ok 1bniA A32R
ok 1bniA A32T
ok 1bniA A32W
ok 1bniA L33Q
ok 1bniA G34A
ok 1bniA G34H
ok 1bniA G34N
ok 1bniA G34S
ok 1bniA G34D
ok 1bniA G34K
ok 1bniA G34R
ok 1bniA G34T
ok 1bniA V36A
ok 1bniA V36T
ok 1bniA N41D
ok 1bniA D44E
ok 1bniA V45A
ok 1bniA V45T
ok 1bniA I51A
1bniA batch5/7 n=20
ok 1bniA I51V
ok 1bniA G53A
ok 1bniA D54N
ok 1bniA D54A
ok 1bniA I55T
ok 1bniA I55A
ok 1bniA I55V
ok 1bniA S57A
ok 1bniA N58D
ok 1bniA N58A
ok 1bniA R59A
ok 1bniA K62R
ok 1bniA G65S
ok 1bniA K66A
ok 1bniA R69M
ok 1bniA R69K
ok 1bniA R69S
ok 1bniA E73A
ok 1bniA E73Q
ok 1bniA E73F
1bniA batch6/7 n=20
ok 1bniA E73W
ok 1bniA I76A
ok 1bniA I76V
ok 1bniA I76T
ok 1bniA N77A
ok 1bniA Y78F
ok 1bniA T79V
ok 1bniA R83K
ok 1bniA R83Q
ok 1bniA N84A
ok 1bniA S85A
ok 1bniA I88A
ok 1bniA I88V
ok 1bniA I88L
ok 1bniA L89V
ok 1bniA L89T
ok 1bniA S91A
ok 1bniA S92A
ok 1bniA D93N
ok 1bniA W94F
1bniA batch7/7 n=13
ok 1bniA W94Y
ok 1bniA W94L
ok 1bniA I96V
ok 1bniA I96A
ok 1bniA T99V
ok 1bniA H102A
ok 1bniA Y103F
ok 1bniA Q104A
ok 1bniA T105V
ok 1bniA K108R
ok 1bniA I109V
ok 1bniA I109A
ok 1bniA R110A
WROTE /workspace/ProteinMPNN-DDG/reproduction_runs/2026-09-12/pdb_to_features_s2648_extraction_full/shards/1bniA.out.pkl n=153 size=12783080
1bvcA batch0/1 n=25
ok 1bvcA W7F
ok 1bvcA W14F
ok 1bvcA H24V
ok 1bvcA I28A
ok 1bvcA I28M
ok 1bvcA I28L
ok 1bvcA I28V
ok 1bvcA L29A
ok 1bvcA L29M
ok 1bvcA L29I
ok 1bvcA L29V
ok 1bvcA I30A
ok 1bvcA L32A
ok 1bvcA H36Q
ok 1bvcA H48Q
ok 1bvcA L49I
ok 1bvcA H64Q
ok 1bvcA V68T
ok 1bvcA L69I
ok 1bvcA L69V
ok 1bvcA L69A
ok 1bvcA L69M
ok 1bvcA H82Q
ok 1bvcA H93G
ok 1bvcA I111L
1bvcA batch1/1 n=16
ok 1bvcA I111A
ok 1bvcA I111M
ok 1bvcA H113Q
ok 1bvcA H119F
ok 1bvcA F123K
ok 1bvcA F123T
ok 1bvcA A130K
ok 1bvcA A130L
ok 1bvcA M131A
ok 1bvcA L135M
ok 1bvcA L135I
ok 1bvcA L135V
ok 1bvcA I142A
ok 1bvcA I142M
ok 1bvcA I142L
ok 1bvcA I142V
WROTE /workspace/ProteinMPNN-DDG/reproduction_runs/2026-09-12/pdb_to_features_s2648_extraction_full/shards/1bvcA.out.pkl n=41 size=3394913
1ey0A batch0/32 n=15
ok 1ey0A K6A
ok 1ey0A L7A
ok 1ey0A L7I
ok 1ey0A H8A
ok 1ey0A K9A
ok 1ey0A K9G
ok 1ey0A E10G
ok 1ey0A E10Q
ok 1ey0A A12V
ok 1ey0A T13C
ok 1ey0A T13I
ok 1ey0A T13V
ok 1ey0A L14G
ok 1ey0A L14V
ok 1ey0A I15G
1ey0A batch1/32 n=15
ok 1ey0A I15M
ok 1ey0A K16A
ok 1ey0A K16G
ok 1ey0A A17V
ok 1ey0A I18G
ok 1ey0A I18M
ok 1ey0A D19A
ok 1ey0A D19G
ok 1ey0A D19N
ok 1ey0A G20V
ok 1ey0A D21G
ok 1ey0A D21N
ok 1ey0A T22C
ok 1ey0A T22I
ok 1ey0A T22V
1ey0A batch2/32 n=15
ok 1ey0A V23F
ok 1ey0A V23L
ok 1ey0A V23T
ok 1ey0A K24F
ok 1ey0A L25A
ok 1ey0A L25I
ok 1ey0A M26A
ok 1ey0A M26I
ok 1ey0A Y27A
ok 1ey0A Y27F
ok 1ey0A Y27I
ok 1ey0A Y27L
ok 1ey0A Y27N
ok 1ey0A Y27R
ok 1ey0A Y27T
1ey0A batch3/32 n=15
ok 1ey0A Y27W
ok 1ey0A K28E
ok 1ey0A K28G
ok 1ey0A G29A
ok 1ey0A G29F
ok 1ey0A Q30A
ok 1ey0A M32A
ok 1ey0A M32I
ok 1ey0A T33A
ok 1ey0A T33G
ok 1ey0A T33S
ok 1ey0A F34A
ok 1ey0A R35G
ok 1ey0A L36I
ok 1ey0A L37A
1ey0A batch4/32 n=15
ok 1ey0A L37I
ok 1ey0A L38A
ok 1ey0A L38I
ok 1ey0A V39A
ok 1ey0A V39I
ok 1ey0A V39S
ok 1ey0A D40A
ok 1ey0A T41A
ok 1ey0A T41G
ok 1ey0A T41S
ok 1ey0A E43A
ok 1ey0A E43G
ok 1ey0A T44C
ok 1ey0A T44I
ok 1ey0A T44V
1ey0A batch5/32 n=15
ok 1ey0A K45G
ok 1ey0A H46G
ok 1ey0A K48A
ok 1ey0A K48F
ok 1ey0A K48Q
ok 1ey0A K49F
ok 1ey0A G50A
ok 1ey0A G50F
ok 1ey0A V51A
ok 1ey0A V51I
ok 1ey0A V51S
ok 1ey0A E52A
ok 1ey0A E52G
ok 1ey0A K53G
ok 1ey0A Y54F
1ey0A batch6/32 n=15
ok 1ey0A Y54L
ok 1ey0A G55V
ok 1ey0A E57C
ok 1ey0A E57G
ok 1ey0A E57Q
ok 1ey0A A58V
ok 1ey0A S59F
ok 1ey0A A60C
ok 1ey0A A60G
ok 1ey0A F61A
ok 1ey0A T62A
ok 1ey0A T62G
ok 1ey0A T62S
ok 1ey0A K63A
ok 1ey0A K63F
1ey0A batch7/32 n=15
ok 1ey0A K63Q
ok 1ey0A K64E
ok 1ey0A K64G
ok 1ey0A M65A
ok 1ey0A M65G
ok 1ey0A M65L
ok 1ey0A V66G
ok 1ey0A V66K
ok 1ey0A V66M
ok 1ey0A V66T
ok 1ey0A E67A
ok 1ey0A E67G
ok 1ey0A N68A
ok 1ey0A A69G
ok 1ey0A A69V
1ey0A batch8/32 n=15
ok 1ey0A K70C
ok 1ey0A K70F
ok 1ey0A K70Q
ok 1ey0A K71A
ok 1ey0A K71G
ok 1ey0A I72M
ok 1ey0A E73A
ok 1ey0A E73G
ok 1ey0A E73Q
ok 1ey0A V74I
ok 1ey0A V74T
ok 1ey0A E75G
ok 1ey0A E75Q
ok 1ey0A F76A
ok 1ey0A D77A
1ey0A batch9/32 n=15
ok 1ey0A D77K
ok 1ey0A K78A
ok 1ey0A K78E
ok 1ey0A K78G
ok 1ey0A G79A
ok 1ey0A G79S
ok 1ey0A Q80A
ok 1ey0A Q80G
ok 1ey0A R81G
ok 1ey0A T82C
ok 1ey0A T82I
ok 1ey0A T82V
ok 1ey0A D83G
ok 1ey0A K84E
ok 1ey0A K84G
1ey0A batch10/32 n=15
ok 1ey0A Y85A
ok 1ey0A Y85G
ok 1ey0A G86A
ok 1ey0A G86V
ok 1ey0A R87G
ok 1ey0A G88V
ok 1ey0A L89A
ok 1ey0A L89G
ok 1ey0A L89V
ok 1ey0A A90S
ok 1ey0A Y91F
ok 1ey0A I92A
ok 1ey0A I92M
ok 1ey0A Y93F
ok 1ey0A A94G
1ey0A batch11/32 n=15
ok 1ey0A D95A
ok 1ey0A G96A
ok 1ey0A G96V
ok 1ey0A K97E
ok 1ey0A K97G
ok 1ey0A M98A
ok 1ey0A M98I
ok 1ey0A V99A
ok 1ey0A V99L
ok 1ey0A N100G
ok 1ey0A E101F
ok 1ey0A A102F
ok 1ey0A A102V
ok 1ey0A L103I
ok 1ey0A V104A
1ey0A batch12/32 n=15
ok 1ey0A V104L
ok 1ey0A V104T
ok 1ey0A R105C
ok 1ey0A R105G
ok 1ey0A Q106G
ok 1ey0A L108I
ok 1ey0A A109G
ok 1ey0A K110A
ok 1ey0A V111A
ok 1ey0A V111I
ok 1ey0A V111S
ok 1ey0A A112C
ok 1ey0A A112G
ok 1ey0A Y113A
ok 1ey0A Y113G
1ey0A batch13/32 n=15
ok 1ey0A V114A
ok 1ey0A V114I
ok 1ey0A V114S
ok 1ey0A K6G
ok 1ey0A L7G
ok 1ey0A L7V
ok 1ey0A H8G
ok 1ey0A K9F
ok 1ey0A E10A
ok 1ey0A E10K
ok 1ey0A A12G
ok 1ey0A T13A
ok 1ey0A T13G
ok 1ey0A T13S
ok 1ey0A L14A
1ey0A batch14/32 n=15
ok 1ey0A L14I
ok 1ey0A I15A
ok 1ey0A I15L
ok 1ey0A I15V
ok 1ey0A K16F
ok 1ey0A A17G
ok 1ey0A I18A
ok 1ey0A I18L
ok 1ey0A I18V
ok 1ey0A D19F
ok 1ey0A D19K
ok 1ey0A G20A
ok 1ey0A D21A
ok 1ey0A D21K
ok 1ey0A T22A
1ey0A batch15/32 n=15
ok 1ey0A T22G
ok 1ey0A T22S
ok 1ey0A V23A
ok 1ey0A V23I
ok 1ey0A V23S
ok 1ey0A K24A
ok 1ey0A K24G
ok 1ey0A L25G
ok 1ey0A L25V
ok 1ey0A M26G
ok 1ey0A M26L
ok 1ey0A Y27C
ok 1ey0A Y27H
ok 1ey0A Y27K
ok 1ey0A Y27M
1ey0A batch16/32 n=15
ok 1ey0A Y27Q
ok 1ey0A Y27S
ok 1ey0A Y27V
ok 1ey0A K28A
ok 1ey0A K28F
ok 1ey0A K28Q
ok 1ey0A G29C
ok 1ey0A G29V
ok 1ey0A Q30G
ok 1ey0A M32G
ok 1ey0A M32L
ok 1ey0A T33C
ok 1ey0A T33I
ok 1ey0A T33V
ok 1ey0A Y115A
1ey0A batch17/32 n=15
ok 1ey0A Y115G
ok 1ey0A K116A
ok 1ey0A K116G
ok 1ey0A N118D
ok 1ey0A N119A
ok 1ey0A T120A
ok 1ey0A T120G
ok 1ey0A T120S
ok 1ey0A H121A
ok 1ey0A E122A
ok 1ey0A E122G
ok 1ey0A E122Q
ok 1ey0A Q123F
ok 1ey0A H124A
ok 1ey0A H124F
1ey0A batch18/32 n=15
ok 1ey0A H124L
ok 1ey0A L125A
ok 1ey0A L125V
ok 1ey0A R126G
ok 1ey0A K127E
ok 1ey0A K127G
ok 1ey0A S128A
ok 1ey0A S128G
ok 1ey0A E129F
ok 1ey0A A130G
ok 1ey0A Q131A
ok 1ey0A Q131G
ok 1ey0A A132V
ok 1ey0A K133F
ok 1ey0A K133Q
1ey0A batch19/32 n=15
ok 1ey0A K134C
ok 1ey0A K134G
ok 1ey0A E135F
ok 1ey0A E135K
ok 1ey0A K136A
ok 1ey0A K136G
ok 1ey0A L137G
ok 1ey0A L137V
ok 1ey0A N138G
ok 1ey0A I139G
ok 1ey0A I139M
ok 1ey0A S141A
ok 1ey0A R35A
ok 1ey0A L36A
ok 1ey0A L36V
1ey0A batch20/32 n=15
ok 1ey0A L37G
ok 1ey0A L37V
ok 1ey0A L38G
ok 1ey0A L38V
ok 1ey0A V39G
ok 1ey0A V39L
ok 1ey0A V39T
ok 1ey0A D40G
ok 1ey0A T41C
ok 1ey0A T41I
ok 1ey0A T41V
ok 1ey0A E43D
ok 1ey0A T44A
ok 1ey0A T44G
ok 1ey0A T44S
1ey0A batch21/32 n=15
ok 1ey0A K45A
ok 1ey0A H46A
ok 1ey0A H46Y
ok 1ey0A K48E
ok 1ey0A K48G
ok 1ey0A K49A
ok 1ey0A K49G
ok 1ey0A G50C
ok 1ey0A G50V
ok 1ey0A V51G
ok 1ey0A V51L
ok 1ey0A V51T
ok 1ey0A E52F
ok 1ey0A K53A
ok 1ey0A Y54A
1ey0A batch22/32 n=15
ok 1ey0A Y54G
ok 1ey0A G55A
ok 1ey0A E57A
ok 1ey0A E57F
ok 1ey0A E57K
ok 1ey0A A58G
ok 1ey0A S59A
ok 1ey0A S59G
ok 1ey0A A60F
ok 1ey0A A60V
ok 1ey0A F61G
ok 1ey0A T62C
ok 1ey0A T62I
ok 1ey0A T62V
ok 1ey0A K63E
1ey0A batch23/32 n=15
ok 1ey0A K63G
ok 1ey0A K64A
ok 1ey0A K64F
ok 1ey0A K64Q
ok 1ey0A M65F
ok 1ey0A M65I
ok 1ey0A V66A
ok 1ey0A V66I
ok 1ey0A V66L
ok 1ey0A V66S
ok 1ey0A V66W
ok 1ey0A E67F
ok 1ey0A E67Q
ok 1ey0A N68G
ok 1ey0A A69T
1ey0A batch24/32 n=15
ok 1ey0A K70A
ok 1ey0A K70E
ok 1ey0A K70G
ok 1ey0A K70W
ok 1ey0A K71F
ok 1ey0A I72L
ok 1ey0A I72V
ok 1ey0A E73F
ok 1ey0A E73K
ok 1ey0A V74A
ok 1ey0A V74L
ok 1ey0A E75A
ok 1ey0A E75K
ok 1ey0A E75V
ok 1ey0A F76G
1ey0A batch25/32 n=15
ok 1ey0A D77G
ok 1ey0A D77N
ok 1ey0A K78C
ok 1ey0A K78F
ok 1ey0A K78Q
ok 1ey0A G79D
ok 1ey0A G79V
ok 1ey0A Q80F
ok 1ey0A R81A
ok 1ey0A T82A
ok 1ey0A T82G
ok 1ey0A T82S
ok 1ey0A D83A
ok 1ey0A K84A
ok 1ey0A K84F
1ey0A batch26/32 n=15
ok 1ey0A K84Q
ok 1ey0A Y85F
ok 1ey0A Y85L
ok 1ey0A G86F
ok 1ey0A R87A
ok 1ey0A G88A
ok 1ey0A G88W
ok 1ey0A L89F
ok 1ey0A L89I
ok 1ey0A A90G
ok 1ey0A A90V
ok 1ey0A Y91L
ok 1ey0A I92L
ok 1ey0A I92V
ok 1ey0A Y93L
1ey0A batch27/32 n=15
ok 1ey0A A94V
ok 1ey0A D95G
ok 1ey0A G96F
ok 1ey0A K97A
ok 1ey0A K97F
ok 1ey0A K97Q
ok 1ey0A M98G
ok 1ey0A M98L
ok 1ey0A V99I
ok 1ey0A V99T
ok 1ey0A E101A
ok 1ey0A E101G
ok 1ey0A A102G
ok 1ey0A L103A
ok 1ey0A L103V
1ey0A batch28/32 n=15
ok 1ey0A V104I
ok 1ey0A V104S
ok 1ey0A R105A
ok 1ey0A R105F
ok 1ey0A Q106A
ok 1ey0A G107A
ok 1ey0A L108V
ok 1ey0A A109V
ok 1ey0A K110G
ok 1ey0A V111G
ok 1ey0A V111L
ok 1ey0A V111T
ok 1ey0A A112F
ok 1ey0A A112V
ok 1ey0A Y113F
1ey0A batch29/32 n=15
ok 1ey0A Y113L
ok 1ey0A V114G
ok 1ey0A V114L
ok 1ey0A V114T
ok 1ey0A Y115F
ok 1ey0A Y115L
ok 1ey0A K116F
ok 1ey0A N118A
ok 1ey0A N118G
ok 1ey0A N119G
ok 1ey0A T120C
ok 1ey0A T120I
ok 1ey0A T120V
ok 1ey0A H121G
ok 1ey0A E122F
1ey0A batch30/32 n=15
ok 1ey0A E122K
ok 1ey0A Q123A
ok 1ey0A Q123G
ok 1ey0A H124E
ok 1ey0A H124G
ok 1ey0A H124Q
ok 1ey0A L125I
ok 1ey0A R126A
ok 1ey0A K127A
ok 1ey0A K127F
ok 1ey0A K127Q
ok 1ey0A S128F
ok 1ey0A E129A
ok 1ey0A E129G
ok 1ey0A A130V
1ey0A batch31/32 n=15
ok 1ey0A Q131F
ok 1ey0A A132G
ok 1ey0A K133A
ok 1ey0A K133G
ok 1ey0A K134A
ok 1ey0A K134F
ok 1ey0A E135A
ok 1ey0A E135G
ok 1ey0A E135Q
ok 1ey0A K136F
ok 1ey0A L137A
ok 1ey0A L137I
ok 1ey0A N138A
ok 1ey0A I139A
ok 1ey0A I139L
1ey0A batch32/32 n=2
ok 1ey0A I139V
ok 1ey0A S141G
WROTE /workspace/ProteinMPNN-DDG/reproduction_runs/2026-09-12/pdb_to_features_s2648_extraction_full/shards/1ey0A.out.pkl n=482 size=40399697
1lniA batch0/1 n=25
ok 1lniA V2T
ok 1lniA T5V
ok 1lniA T16V
ok 1lniA D17K
ok 1lniA T18V
ok 1lniA D25K
ok 1lniA Y30F
ok 1lniA V36T
ok 1lniA Q38A
ok 1lniA N39D
ok 1lniA N39A
ok 1lniA N39S
ok 1lniA E41K
ok 1lniA V43T
ok 1lniA Y49F
ok 1lniA Y51F
ok 1lniA Y52F
ok 1lniA E54Q
ok 1lniA Y55F
ok 1lniA T56V
ok 1lniA V57T
ok 1lniA T59V
ok 1lniA R65A
ok 1lniA T67V
ok 1lniA T72V
1lniA batch1/1 n=18
ok 1lniA E74K
ok 1lniA D79A
ok 1lniA D79F
ok 1lniA D79I
ok 1lniA D79L
ok 1lniA D79R
ok 1lniA D79Y
ok 1lniA D79E
ok 1lniA D79H
ok 1lniA D79K
ok 1lniA D79N
ok 1lniA D79W
ok 1lniA Y80F
ok 1lniA Y81F
ok 1lniA T82V
ok 1lniA H85Q
ok 1lniA Y86F
ok 1lniA Q94K
WROTE /workspace/ProteinMPNN-DDG/reproduction_runs/2026-09-12/pdb_to_features_s2648_extraction_full/shards/1lniA.out.pkl n=43 size=3434634
1lz1A batch0/5 n=20
ok 1lz1A K1M
ok 1lz1A K1A
ok 1lz1A V2D
ok 1lz1A V2G
ok 1lz1A V2L
ok 1lz1A V2N
ok 1lz1A V2S
ok 1lz1A V2A
ok 1lz1A V2F
ok 1lz1A V2I
ok 1lz1A V2M
ok 1lz1A V2R
ok 1lz1A V2Y
ok 1lz1A E7Q
ok 1lz1A L8T
ok 1lz1A A9S
ok 1lz1A G16A
ok 1lz1A D18N
ok 1lz1A G19A
ok 1lz1A Y20F
1lz1A batch1/5 n=20
ok 1lz1A R21G
ok 1lz1A R21A
ok 1lz1A G22A
ok 1lz1A I23A
ok 1lz1A I23V
ok 1lz1A A32L
ok 1lz1A A32S
ok 1lz1A E35L
ok 1lz1A G37Q
ok 1lz1A G37A
ok 1lz1A Y38F
ok 1lz1A Y38A
ok 1lz1A Y38G
ok 1lz1A Y45F
ok 1lz1A G48A
ok 1lz1A D49N
ok 1lz1A R50G
ok 1lz1A R50A
ok 1lz1A Y54F
ok 1lz1A I56A
1lz1A batch2/5 n=20
ok 1lz1A I56L
ok 1lz1A I56T
ok 1lz1A I56F
ok 1lz1A I56M
ok 1lz1A I56V
ok 1lz1A Q58A
ok 1lz1A Q58G
ok 1lz1A I59A
ok 1lz1A I59G
ok 1lz1A I59M
ok 1lz1A I59T
ok 1lz1A I59Y
ok 1lz1A I59F
ok 1lz1A I59L
ok 1lz1A I59S
ok 1lz1A I59V
ok 1lz1A Y63F
ok 1lz1A D67H
ok 1lz1A D67N
ok 1lz1A G68A
1lz1A batch3/5 n=20
ok 1lz1A G72A
ok 1lz1A V74A
ok 1lz1A V74F
ok 1lz1A V74I
ok 1lz1A V74M
ok 1lz1A V74R
ok 1lz1A V74Y
ok 1lz1A V74D
ok 1lz1A V74G
ok 1lz1A V74L
ok 1lz1A V74N
ok 1lz1A V74S
ok 1lz1A C77A
ok 1lz1A H78A
ok 1lz1A H78G
ok 1lz1A I89A
ok 1lz1A I89V
ok 1lz1A A92S
ok 1lz1A V93T
ok 1lz1A V93A
1lz1A batch4/5 n=20
ok 1lz1A A96S
ok 1lz1A A96M
ok 1lz1A V99T
ok 1lz1A V99A
ok 1lz1A V100F
ok 1lz1A V100A
ok 1lz1A V100T
ok 1lz1A D102N
ok 1lz1A G105A
ok 1lz1A I106A
ok 1lz1A I106V
ok 1lz1A V110A
ok 1lz1A V110F
ok 1lz1A V110I
ok 1lz1A V110M
ok 1lz1A V110R
ok 1lz1A V110D
ok 1lz1A V110G
ok 1lz1A V110L
ok 1lz1A V110N
1lz1A batch5/5 n=10
ok 1lz1A V110Y
ok 1lz1A N118A
ok 1lz1A N118G
ok 1lz1A D120N
ok 1lz1A V121A
ok 1lz1A Y124F
ok 1lz1A V125A
ok 1lz1A G127A
ok 1lz1A G129A
ok 1lz1A V130A
WROTE /workspace/ProteinMPNN-DDG/reproduction_runs/2026-09-12/pdb_to_features_s2648_extraction_full/shards/1lz1A.out.pkl n=110 size=9346963
1qlpA batch0/1 n=25
ok 1qlpA A31L
ok 1qlpA A31I
ok 1qlpA A31V
ok 1qlpA F51C
ok 1qlpA F51L
ok 1qlpA V55I
ok 1qlpA V55L
ok 1qlpA T59A
ok 1qlpA T68A
ok 1qlpA A70G
ok 1qlpA V145L
ok 1qlpA V145I
ok 1qlpA Y160W
ok 1qlpA Y160A
ok 1qlpA V173L
ok 1qlpA V173I
ok 1qlpA A183I
ok 1qlpA A183V
ok 1qlpA A183F
ok 1qlpA A183L
ok 1qlpA W194F
ok 1qlpA W238F
ok 1qlpA A248I
ok 1qlpA A248V
ok 1qlpA A248F
1qlpA batch1/1 n=18
ok 1qlpA A248L
ok 1qlpA A250L
ok 1qlpA A250I
ok 1qlpA A250V
ok 1qlpA A284I
ok 1qlpA A284V
ok 1qlpA V321I
ok 1qlpA V321L
ok 1qlpA S330R
ok 1qlpA K331I
ok 1qlpA K331V
ok 1qlpA K331F
ok 1qlpA K331T
ok 1qlpA V364L
ok 1qlpA V364I
ok 1qlpA M374I
ok 1qlpA S381A
ok 1qlpA K387R
WROTE /workspace/ProteinMPNN-DDG/reproduction_runs/2026-09-12/pdb_to_features_s2648_extraction_full/shards/1qlpA.out.pkl n=43 size=4365198
1uzcA batch0/1 n=25
ok 1uzcA W11F
ok 1uzcA T13S
ok 1uzcA T13A
ok 1uzcA E15G
ok 1uzcA E15A
ok 1uzcA A17G
ok 1uzcA Q19A
ok 1uzcA Q19G
ok 1uzcA A20G
ok 1uzcA L24A
ok 1uzcA K26A
ok 1uzcA K26G
ok 1uzcA E27A
ok 1uzcA E27G
ok 1uzcA V30A
ok 1uzcA S32A
ok 1uzcA N33G
ok 1uzcA S35A
ok 1uzcA W36F
ok 1uzcA Q38G
ok 1uzcA Q38A
ok 1uzcA A39G
ok 1uzcA M42A
ok 1uzcA I43V
ok 1uzcA I44A
1uzcA batch1/1 n=20
ok 1uzcA I44V
ok 1uzcA I44G
ok 1uzcA D46N
ok 1uzcA Y49A
ok 1uzcA Y49F
ok 1uzcA S50A
ok 1uzcA S50G
ok 1uzcA A51G
ok 1uzcA L52A
ok 1uzcA A53G
ok 1uzcA S56G
ok 1uzcA S56A
ok 1uzcA K58A
ok 1uzcA Q60A
ok 1uzcA Q60G
ok 1uzcA A61G
ok 1uzcA A64G
ok 1uzcA Y65F
ok 1uzcA V67G
ok 1uzcA V67A
WROTE /workspace/ProteinMPNN-DDG/reproduction_runs/2026-09-12/pdb_to_features_s2648_extraction_full/shards/1uzcA.out.pkl n=45 size=3487301
1vqbA batch0/3 n=25
ok 1vqbA I6V
ok 1vqbA F13T
ok 1vqbA V19T
ok 1vqbA V19C
ok 1vqbA K24V
ok 1vqbA Y26R
ok 1vqbA L28V
ok 1vqbA E30F
ok 1vqbA E30N
ok 1vqbA E30M
ok 1vqbA L32W
ok 1vqbA L32R
ok 1vqbA L32Y
ok 1vqbA L32H
ok 1vqbA C33I
ok 1vqbA C33M
ok 1vqbA C33T
ok 1vqbA C33A
ok 1vqbA C33L
ok 1vqbA C33S
ok 1vqbA C33V
ok 1vqbA V35A
ok 1vqbA V35F
ok 1vqbA V35L
ok 1vqbA V35T
1vqbA batch1/3 n=25
ok 1vqbA V35C
ok 1vqbA V35I
ok 1vqbA V35M
ok 1vqbA D36N
ok 1vqbA D36C
ok 1vqbA L37C
ok 1vqbA L37T
ok 1vqbA L37A
ok 1vqbA L37I
ok 1vqbA L37V
ok 1vqbA E40C
ok 1vqbA E40T
ok 1vqbA Y41A
ok 1vqbA Y41F
ok 1vqbA V43C
ok 1vqbA V43T
ok 1vqbA V45A
ok 1vqbA V45L
ok 1vqbA V45C
ok 1vqbA V45T
ok 1vqbA I47A
ok 1vqbA I47F
ok 1vqbA I47M
ok 1vqbA I47V
ok 1vqbA I47C
1vqbA batch2/3 n=25
ok 1vqbA I47L
ok 1vqbA I47T
ok 1vqbA T48V
ok 1vqbA T48C
ok 1vqbA L49C
ok 1vqbA L49T
ok 1vqbA L49A
ok 1vqbA L49I
ok 1vqbA L49V
ok 1vqbA D50H
ok 1vqbA T62V
ok 1vqbA T62C
ok 1vqbA V63T
ok 1vqbA V63C
ok 1vqbA H64C
ok 1vqbA S67C
ok 1vqbA S67T
ok 1vqbA F68L
ok 1vqbA F68V
ok 1vqbA K69H
ok 1vqbA K69M
ok 1vqbA V70C
ok 1vqbA V70T
ok 1vqbA F73W
ok 1vqbA M77C
1vqbA batch3/3 n=15
ok 1vqbA M77I
ok 1vqbA M77T
ok 1vqbA M77A
ok 1vqbA M77F
ok 1vqbA M77L
ok 1vqbA M77V
ok 1vqbA I78C
ok 1vqbA I78V
ok 1vqbA I78T
ok 1vqbA L81T
ok 1vqbA L81C
ok 1vqbA L81V
ok 1vqbA R82C
ok 1vqbA A86V
ok 1vqbA A86T
WROTE /workspace/ProteinMPNN-DDG/reproduction_runs/2026-09-12/pdb_to_features_s2648_extraction_full/shards/1vqbA.out.pkl n=90 size=7221532
1wq5A batch0/1 n=25
ok 1wq5A F22L
ok 1wq5A I37A
ok 1wq5A E49A
ok 1wq5A E49D
ok 1wq5A E49G
ok 1wq5A E49I
ok 1wq5A E49L
ok 1wq5A E49N
ok 1wq5A E49S
ok 1wq5A E49V
ok 1wq5A E49Y
ok 1wq5A E49C
ok 1wq5A E49F
ok 1wq5A E49H
ok 1wq5A E49K
ok 1wq5A E49M
ok 1wq5A E49Q
ok 1wq5A E49T
ok 1wq5A E49W
ok 1wq5A L50A
ok 1wq5A C81A
ok 1wq5A C81S
ok 1wq5A C81G
ok 1wq5A C81V
ok 1wq5A L99A
1wq5A batch1/1 n=19
ok 1wq5A C118S
ok 1wq5A C118A
ok 1wq5A C118V
ok 1wq5A L127A
ok 1wq5A F139W
ok 1wq5A C154A
ok 1wq5A C154V
ok 1wq5A C154S
ok 1wq5A Y175C
ok 1wq5A L176A
ok 1wq5A G211E
ok 1wq5A G211S
ok 1wq5A G211W
ok 1wq5A G211D
ok 1wq5A G211R
ok 1wq5A G211V
ok 1wq5A G234K
ok 1wq5A G234D
ok 1wq5A F258W
WROTE /workspace/ProteinMPNN-DDG/reproduction_runs/2026-09-12/pdb_to_features_s2648_extraction_full/shards/1wq5A.out.pkl n=44 size=3981447
2ci2I batch0/2 n=25
ok 2ci2I K21A
ok 2ci2I K21M
ok 2ci2I T22A
ok 2ci2I T22V
ok 2ci2I T22G
ok 2ci2I E26Q
ok 2ci2I E26A
ok 2ci2I L27A
ok 2ci2I K30A
ok 2ci2I S31G
ok 2ci2I S31A
ok 2ci2I E33N
ok 2ci2I E33D
ok 2ci2I E33Q
ok 2ci2I E34D
ok 2ci2I E34Q
ok 2ci2I E34N
ok 2ci2I A35G
ok 2ci2I K36A
ok 2ci2I K36G
ok 2ci2I K37A
ok 2ci2I K37G
ok 2ci2I V38A
ok 2ci2I I39V
ok 2ci2I I39L
2ci2I batch1/2 n=25
ok 2ci2I L40G
ok 2ci2I L40A
ok 2ci2I Q41G
ok 2ci2I Q41A
ok 2ci2I D42A
ok 2ci2I K43A
ok 2ci2I K43G
ok 2ci2I E45A
ok 2ci2I I48V
ok 2ci2I I48A
ok 2ci2I I49G
ok 2ci2I I49V
ok 2ci2I I49A
ok 2ci2I I49T
ok 2ci2I L51I
ok 2ci2I L51A
ok 2ci2I L51V
ok 2ci2I V53A
ok 2ci2I V53T
ok 2ci2I V53G
ok 2ci2I T55S
ok 2ci2I T55A
ok 2ci2I T55V
ok 2ci2I I56A
ok 2ci2I V57A
2ci2I batch2/2 n=25
ok 2ci2I T58A
ok 2ci2I T58D
ok 2ci2I E60A
ok 2ci2I R62A
ok 2ci2I D64A
ok 2ci2I V66A
ok 2ci2I R67A
ok 2ci2I L68A
ok 2ci2I F69A
ok 2ci2I F69V
ok 2ci2I F69L
ok 2ci2I V70A
ok 2ci2I D71A
ok 2ci2I K72N
ok 2ci2I N75A
ok 2ci2I N75D
ok 2ci2I I76A
ok 2ci2I I76V
ok 2ci2I A77G
ok 2ci2I V79G
ok 2ci2I V79A
ok 2ci2I V79T
ok 2ci2I V82A
ok 2ci2I V82T
ok 2ci2I V82G
WROTE /workspace/ProteinMPNN-DDG/reproduction_runs/2026-09-12/pdb_to_features_s2648_extraction_full/shards/2ci2I.out.pkl n=75 size=5815263
2lzmA batch0/3 n=25
ok 2lzmA I3C
ok 2lzmA I3E
ok 2lzmA I3G
ok 2lzmA I3M
ok 2lzmA I3T
ok 2lzmA I3W
ok 2lzmA I3A
ok 2lzmA I3D
ok 2lzmA I3F
ok 2lzmA I3L
ok 2lzmA I3S
ok 2lzmA I3V
ok 2lzmA I3Y
ok 2lzmA M6I
ok 2lzmA E11F
ok 2lzmA E11A
ok 2lzmA E11M
ok 2lzmA K16E
ok 2lzmA Y25G
ok 2lzmA G30A
ok 2lzmA G30F
ok 2lzmA S38A
ok 2lzmA S38D
ok 2lzmA A41V
ok 2lzmA S44A
2lzmA batch1/3 n=25
ok 2lzmA G51D
ok 2lzmA C54V
ok 2lzmA C54T
ok 2lzmA N55G
ok 2lzmA I58Y
ok 2lzmA K60H
ok 2lzmA N68A
ok 2lzmA G77A
ok 2lzmA K83H
ok 2lzmA S90H
ok 2lzmA R96H
ok 2lzmA A98V
ok 2lzmA A98T
ok 2lzmA M102V
ok 2lzmA V103A
ok 2lzmA Q105E
ok 2lzmA Q105A
ok 2lzmA Q105G
ok 2lzmA G113A
ok 2lzmA T115E
ok 2lzmA N116D
ok 2lzmA S117I
ok 2lzmA S117F
ok 2lzmA S117V
ok 2lzmA R119E
2lzmA batch2/3 n=25
ok 2lzmA R119M
ok 2lzmA Q123E
ok 2lzmA K124G
ok 2lzmA E128A
ok 2lzmA E128K
ok 2lzmA A129V
ok 2lzmA V131D
ok 2lzmA V131G
ok 2lzmA V131L
ok 2lzmA V131S
ok 2lzmA V131A
ok 2lzmA V131E
ok 2lzmA V131I
ok 2lzmA V131M
ok 2lzmA V131T
ok 2lzmA N132F
ok 2lzmA N132M
ok 2lzmA N132I
ok 2lzmA L133F
ok 2lzmA L133A
ok 2lzmA K135E
ok 2lzmA W138Y
ok 2lzmA N144E
ok 2lzmA N144D
ok 2lzmA A146T
2lzmA batch3/3 n=23
ok 2lzmA A146I
ok 2lzmA A146V
ok 2lzmA K147E
ok 2lzmA V149C
ok 2lzmA V149A
ok 2lzmA T152S
ok 2lzmA F153C
ok 2lzmA R154E
ok 2lzmA G156D
ok 2lzmA T157C
ok 2lzmA T157E
ok 2lzmA T157G
ok 2lzmA T157I
ok 2lzmA T157N
ok 2lzmA T157S
ok 2lzmA T157A
ok 2lzmA T157D
ok 2lzmA T157F
ok 2lzmA T157H
ok 2lzmA T157L
ok 2lzmA T157R
ok 2lzmA T157V
ok 2lzmA A160T
WROTE /workspace/ProteinMPNN-DDG/reproduction_runs/2026-09-12/pdb_to_features_s2648_extraction_full/shards/2lzmA.out.pkl n=98 size=8320974
2rn2A batch0/2 n=25
ok 2rn2A D10A
ok 2rn2A D10H
ok 2rn2A D10S
ok 2rn2A D10E
ok 2rn2A D10N
ok 2rn2A G23A
ok 2rn2A A24V
ok 2rn2A R41C
ok 2rn2A E48A
ok 2rn2A E48Q
ok 2rn2A E48D
ok 2rn2A A52D
ok 2rn2A A52F
ok 2rn2A A52H
ok 2rn2A A52L
ok 2rn2A A52N
ok 2rn2A A52S
ok 2rn2A A52V
ok 2rn2A A52C
ok 2rn2A A52E
ok 2rn2A A52G
ok 2rn2A A52I
ok 2rn2A A52M
ok 2rn2A A52Q
ok 2rn2A A52T
2rn2A batch1/2 n=25
ok 2rn2A A52Y
ok 2rn2A I53D
ok 2rn2A I53L
ok 2rn2A I53F
ok 2rn2A I53V
ok 2rn2A H62A
ok 2rn2A H62R
ok 2rn2A H62D
ok 2rn2A S68G
ok 2rn2A S68T
ok 2rn2A S68A
ok 2rn2A S68L
ok 2rn2A S68V
ok 2rn2A D70A
ok 2rn2A D70N
ok 2rn2A D70E
ok 2rn2A V74I
ok 2rn2A V74A
ok 2rn2A V74L
ok 2rn2A Q76L
ok 2rn2A G77A
ok 2rn2A Q80L
ok 2rn2A H83A
ok 2rn2A K91R
ok 2rn2A D94E
2rn2A batch2/2 n=20
ok 2rn2A K95A
ok 2rn2A K95N
ok 2rn2A K95G
ok 2rn2A H114A
ok 2rn2A K117R
ok 2rn2A E119V
ok 2rn2A H124A
ok 2rn2A A125T
ok 2rn2A H127A
ok 2rn2A D134E
ok 2rn2A D134I
ok 2rn2A D134N
ok 2rn2A D134S
ok 2rn2A D134V
ok 2rn2A D134A
ok 2rn2A D134H
ok 2rn2A D134L
ok 2rn2A D134Q
ok 2rn2A D134T
ok 2rn2A E135K
WROTE /workspace/ProteinMPNN-DDG/reproduction_runs/2026-09-12/pdb_to_features_s2648_extraction_full/shards/2rn2A.out.pkl n=70 size=5855460
4lyzA batch0/2 n=25
ok 4lyzA F3Y
ok 4lyzA M12L
ok 4lyzA M12F
ok 4lyzA H15L
ok 4lyzA N19K
ok 4lyzA R21Q
ok 4lyzA A31I
ok 4lyzA A31V
ok 4lyzA A31L
ok 4lyzA F34Y
ok 4lyzA E35A
ok 4lyzA E35Q
ok 4lyzA E35H
ok 4lyzA T40S
ok 4lyzA T40I
ok 4lyzA N46D
ok 4lyzA G49A
ok 4lyzA G49N
ok 4lyzA I55A
ok 4lyzA I55L
ok 4lyzA I55T
ok 4lyzA I55F
ok 4lyzA I55M
ok 4lyzA I55V
ok 4lyzA I58M
4lyzA batch1/2 n=25
ok 4lyzA G67A
ok 4lyzA R68K
ok 4lyzA G71A
ok 4lyzA R73K
ok 4lyzA N77H
ok 4lyzA I78M
ok 4lyzA S91D
ok 4lyzA S91V
ok 4lyzA S91A
ok 4lyzA S91T
ok 4lyzA S91Y
ok 4lyzA C94A
ok 4lyzA I98M
ok 4lyzA D101A
ok 4lyzA D101F
ok 4lyzA D101K
ok 4lyzA D101Q
ok 4lyzA D101S
ok 4lyzA D101E
ok 4lyzA D101G
ok 4lyzA D101N
ok 4lyzA D101R
ok 4lyzA G102R
ok 4lyzA G102A
ok 4lyzA G102V
4lyzA batch2/2 n=7
ok 4lyzA N103D
ok 4lyzA M105T
ok 4lyzA W108Q
ok 4lyzA W108Y
ok 4lyzA R114H
ok 4lyzA G117A
ok 4lyzA Q121H
WROTE /workspace/ProteinMPNN-DDG/reproduction_runs/2026-09-12/pdb_to_features_s2648_extraction_full/shards/4lyzA.out.pkl n=57 size=4774983
5dfrA batch0/5 n=20
ok 5dfrA I2V
ok 5dfrA G15A
ok 5dfrA W22L
ok 5dfrA L24V
ok 5dfrA D27N
ok 5dfrA L28R
ok 5dfrA W30E
ok 5dfrA W30M
ok 5dfrA W30R
ok 5dfrA W30Y
ok 5dfrA W30A
ok 5dfrA W30H
ok 5dfrA W30N
ok 5dfrA W30S
ok 5dfrA F31V
ok 5dfrA F31A
ok 5dfrA T35A
ok 5dfrA V40A
ok 5dfrA V40H
ok 5dfrA V40L
5dfrA batch1/5 n=20
ok 5dfrA V40N
ok 5dfrA V40S
ok 5dfrA V40F
ok 5dfrA V40I
ok 5dfrA V40M
ok 5dfrA V40R
ok 5dfrA G43A
ok 5dfrA R44A
ok 5dfrA R44L
ok 5dfrA L54V
ok 5dfrA N59E
ok 5dfrA N59H
ok 5dfrA N59K
ok 5dfrA N59M
ok 5dfrA N59S
ok 5dfrA N59V
ok 5dfrA N59C
ok 5dfrA N59G
ok 5dfrA N59I
ok 5dfrA N59L
5dfrA batch2/5 n=20
ok 5dfrA N59Q
ok 5dfrA N59T
ok 5dfrA N59W
ok 5dfrA I61L
ok 5dfrA I61V
ok 5dfrA G67A
ok 5dfrA G67D
ok 5dfrA G67S
ok 5dfrA G67V
ok 5dfrA G67C
ok 5dfrA G67L
ok 5dfrA G67T
ok 5dfrA W74F
ok 5dfrA V75A
ok 5dfrA V75H
ok 5dfrA V75R
ok 5dfrA V75Y
ok 5dfrA V75C
ok 5dfrA V75I
ok 5dfrA V75S
5dfrA batch3/5 n=20
ok 5dfrA C85S
ok 5dfrA V88A
ok 5dfrA V88I
ok 5dfrA I91L
ok 5dfrA I91V
ok 5dfrA I94L
ok 5dfrA I94V
ok 5dfrA G95A
ok 5dfrA L112V
ok 5dfrA L112I
ok 5dfrA T113V
ok 5dfrA G121A
ok 5dfrA G121D
ok 5dfrA G121L
ok 5dfrA G121V
ok 5dfrA G121C
ok 5dfrA G121H
ok 5dfrA G121S
ok 5dfrA G121Y
ok 5dfrA D122A
5dfrA batch4/5 n=20
ok 5dfrA E139Q
ok 5dfrA E139K
ok 5dfrA S148E
ok 5dfrA S148N
ok 5dfrA S148T
ok 5dfrA S148A
ok 5dfrA S148K
ok 5dfrA S148R
ok 5dfrA S148V
ok 5dfrA C152E
ok 5dfrA I155D
ok 5dfrA I155K
ok 5dfrA I155Q
ok 5dfrA I155S
ok 5dfrA I155V
ok 5dfrA I155Y
ok 5dfrA I155A
ok 5dfrA I155E
ok 5dfrA I155L
ok 5dfrA I155R
5dfrA batch5/5 n=2
ok 5dfrA I155T
ok 5dfrA I155W
WROTE /workspace/ProteinMPNN-DDG/reproduction_runs/2026-09-12/pdb_to_features_s2648_extraction_full/shards/5dfrA.out.pkl n=102 size=8660340
ALL LARGE PREBATCHED
