large [('2lzmA', 153), ('1u7sA', 68), ('1hz6A', 58), ('1stnA', 45), ('1bpiA', 43)]
2lzmA batch0/7 n=20
ok 2lzmA A129L
ok 2lzmA A129M
ok 2lzmA A130G
ok 2lzmA A134S
ok 2lzmA A41D
ok 2lzmA A41S
ok 2lzmA A42G
ok 2lzmA A42K
ok 2lzmA A42S
ok 2lzmA A49S
ok 2lzmA A73S
ok 2lzmA A82S
ok 2lzmA A93S
ok 2lzmA A93T
ok 2lzmA A98S
ok 2lzmA C54Y
ok 2lzmA D20A
ok 2lzmA D20N
ok 2lzmA D20S
ok 2lzmA D20T
2lzmA batch1/7 n=20
ok 2lzmA D47A
ok 2lzmA D72P
ok 2lzmA D89A
ok 2lzmA E108V
ok 2lzmA E11H
ok 2lzmA E11N
ok 2lzmA E22K
ok 2lzmA E45A
ok 2lzmA F104A
ok 2lzmA F153A
ok 2lzmA F153I
ok 2lzmA F153L
ok 2lzmA F153M
ok 2lzmA F153V
ok 2lzmA F67A
ok 2lzmA G113E
ok 2lzmA H31N
ok 2lzmA I100A
ok 2lzmA I100M
ok 2lzmA I150V
2lzmA batch2/7 n=20
ok 2lzmA I17A
ok 2lzmA I27A
ok 2lzmA I29A
ok 2lzmA I3P
ok 2lzmA I50A
ok 2lzmA I58A
ok 2lzmA I58T
ok 2lzmA I78A
ok 2lzmA I78M
ok 2lzmA K43A
ok 2lzmA K48A
ok 2lzmA K60P
ok 2lzmA K85A
ok 2lzmA L118A
ok 2lzmA L118M
ok 2lzmA L121M
ok 2lzmA L133D
ok 2lzmA L133M
ok 2lzmA L33A
ok 2lzmA L39A
2lzmA batch3/7 n=20
ok 2lzmA L46A
ok 2lzmA L66A
ok 2lzmA L66P
ok 2lzmA L84M
ok 2lzmA L91A
ok 2lzmA L91M
ok 2lzmA L91P
ok 2lzmA L99F
ok 2lzmA L99I
ok 2lzmA L99M
ok 2lzmA L99V
ok 2lzmA M102L
ok 2lzmA M106A
ok 2lzmA M106K
ok 2lzmA M106L
ok 2lzmA M120A
ok 2lzmA M120K
ok 2lzmA M120L
ok 2lzmA M6A
ok 2lzmA M6L
2lzmA batch4/7 n=20
ok 2lzmA N101A
ok 2lzmA N116A
ok 2lzmA N144H
ok 2lzmA N40A
ok 2lzmA N40D
ok 2lzmA P37A
ok 2lzmA P86G
ok 2lzmA Q105M
ok 2lzmA Q122A
ok 2lzmA Q123A
ok 2lzmA Q69P
ok 2lzmA R119A
ok 2lzmA R119H
ok 2lzmA R14K
ok 2lzmA R80K
ok 2lzmA R96A
ok 2lzmA R96D
ok 2lzmA R96E
ok 2lzmA R96G
ok 2lzmA R96K
2lzmA batch5/7 n=20
ok 2lzmA R96M
ok 2lzmA R96N
ok 2lzmA R96Q
ok 2lzmA R96S
ok 2lzmA R96V
ok 2lzmA R96W
ok 2lzmA R96Y
ok 2lzmA S117A
ok 2lzmA S38N
ok 2lzmA S44C
ok 2lzmA S44D
ok 2lzmA S44E
ok 2lzmA S44F
ok 2lzmA S44G
ok 2lzmA S44H
ok 2lzmA S44I
ok 2lzmA S44K
ok 2lzmA S44L
ok 2lzmA S44M
ok 2lzmA S44N
2lzmA batch6/7 n=20
ok 2lzmA S44P
ok 2lzmA S44Q
ok 2lzmA S44R
ok 2lzmA S44T
ok 2lzmA S44V
ok 2lzmA S44W
ok 2lzmA S44Y
ok 2lzmA T109D
ok 2lzmA T109N
ok 2lzmA T115A
ok 2lzmA T151S
ok 2lzmA T152A
ok 2lzmA T152C
ok 2lzmA T152I
ok 2lzmA T152V
ok 2lzmA T26S
ok 2lzmA T59D
ok 2lzmA T59G
ok 2lzmA T59N
ok 2lzmA T59S
2lzmA batch7/7 n=13
ok 2lzmA V103M
ok 2lzmA V111A
ok 2lzmA V111F
ok 2lzmA V111I
ok 2lzmA V149G
ok 2lzmA V149I
ok 2lzmA V149S
ok 2lzmA V149T
ok 2lzmA V71A
ok 2lzmA V75T
ok 2lzmA V87T
ok 2lzmA V94A
ok 2lzmA W126R
PREBATCHED 2lzmA 153
1u7sA batch0/2 n=25
ok 1u7sA A125L
ok 1u7sA A144L
ok 1u7sA A15L
ok 1u7sA D122A
ok 1u7sA D20A
ok 1u7sA D44A
ok 1u7sA D60A
ok 1u7sA E109A
ok 1u7sA E18A
ok 1u7sA E4A
ok 1u7sA F106A
ok 1u7sA F123A
ok 1u7sA F43I
ok 1u7sA F43V
ok 1u7sA G129A
ok 1u7sA G23A
ok 1u7sA H116A
ok 1u7sA H64A
ok 1u7sA H64F
ok 1u7sA H64G
ok 1u7sA H64I
ok 1u7sA H64L
ok 1u7sA H64N
ok 1u7sA H64R
ok 1u7sA H64T
1u7sA batch1/2 n=25
ok 1u7sA H64V
ok 1u7sA H64W
ok 1u7sA H64Y
ok 1u7sA H97Q
ok 1u7sA I107A
ok 1u7sA I107F
ok 1u7sA I107T
ok 1u7sA I107V
ok 1u7sA I28F
ok 1u7sA K133A
ok 1u7sA K140A
ok 1u7sA K56A
ok 1u7sA K77A
ok 1u7sA L115A
ok 1u7sA L11A
ok 1u7sA L135A
ok 1u7sA L149A
ok 1u7sA L29F
ok 1u7sA L29N
ok 1u7sA L32F
ok 1u7sA L32W
ok 1u7sA L9A
ok 1u7sA P88A
ok 1u7sA R118A
ok 1u7sA R139A
1u7sA batch2/2 n=18
ok 1u7sA S117A
ok 1u7sA T51A
ok 1u7sA T67A
ok 1u7sA T67F
ok 1u7sA T67P
ok 1u7sA T67Q
ok 1u7sA V114A
ok 1u7sA V13A
ok 1u7sA V66A
ok 1u7sA V68A
ok 1u7sA V68F
ok 1u7sA V68I
ok 1u7sA V68L
ok 1u7sA V68N
ok 1u7sA V68Q
ok 1u7sA V68S
ok 1u7sA V68W
ok 1u7sA V68Y
PREBATCHED 1u7sA 68
1hz6A batch0/2 n=25
ok 1hz6A A13P
ok 1hz6A A13V
ok 1hz6A A20G
ok 1hz6A A20V
ok 1hz6A A29G
ok 1hz6A A33G
ok 1hz6A A35G
ok 1hz6A A37G
ok 1hz6A A52G
ok 1hz6A A8G
ok 1hz6A D38A
ok 1hz6A D38G
ok 1hz6A D50A
ok 1hz6A E21A
ok 1hz6A E32G
ok 1hz6A E32I
ok 1hz6A E46A
ok 1hz6A F12A
ok 1hz6A F12L
ok 1hz6A F22A
ok 1hz6A F22L
ok 1hz6A F26G
ok 1hz6A F26L
ok 1hz6A G15A
ok 1hz6A G15V
1hz6A batch1/2 n=25
ok 1hz6A G24A
ok 1hz6A G45A
ok 1hz6A G55A
ok 1hz6A I11A
ok 1hz6A I11V
ok 1hz6A I6A
ok 1hz6A K23A
ok 1hz6A K28G
ok 1hz6A K41A
ok 1hz6A K42A
ok 1hz6A K54A
ok 1hz6A K7A
ok 1hz6A L10A
ok 1hz6A L40A
ok 1hz6A N14A
ok 1hz6A N44A
ok 1hz6A N9A
ok 1hz6A S16A
ok 1hz6A S31A
ok 1hz6A S31G
ok 1hz6A T17A
ok 1hz6A T19A
ok 1hz6A T25A
ok 1hz6A T30A
ok 1hz6A T39G
1hz6A batch2/2 n=8
ok 1hz6A T48A
ok 1hz6A T5A
ok 1hz6A V49A
ok 1hz6A V4A
ok 1hz6A V51A
ok 1hz6A Y34A
ok 1hz6A Y36A
ok 1hz6A Y56A
PREBATCHED 1hz6A 58
1stnA batch0/1 n=25
ok 1stnA D83F
ok 1stnA D95F
ok 1stnA F34G
ok 1stnA I72A
ok 1stnA I72G
ok 1stnA I92G
ok 1stnA L103G
ok 1stnA L108A
ok 1stnA L108G
ok 1stnA L125G
ok 1stnA L36G
ok 1stnA N100A
ok 1stnA P117F
ok 1stnA P117L
ok 1stnA P11A
ok 1stnA P11F
ok 1stnA P11G
ok 1stnA P31A
ok 1stnA P31G
ok 1stnA P42A
ok 1stnA P42G
ok 1stnA P47A
ok 1stnA P47F
ok 1stnA P47G
ok 1stnA P56A
1stnA batch1/1 n=20
ok 1stnA P56G
ok 1stnA V104G
ok 1stnA V23G
ok 1stnA V74G
ok 1stnA V74S
ok 1stnA V99G
ok 1stnA V99S
ok 1stnA W140F
ok 1stnA W140H
ok 1stnA W140L
ok 1stnA W140Y
ok 1stnA Y27D
ok 1stnA Y27E
ok 1stnA Y27G
ok 1stnA Y27P
ok 1stnA Y91A
ok 1stnA Y91G
ok 1stnA Y91S
ok 1stnA Y93A
ok 1stnA Y93G
PREBATCHED 1stnA 45
1bpiA batch0/1 n=25
ok 1bpiA D3A
ok 1bpiA D50A
ok 1bpiA E49A
ok 1bpiA E7A
ok 1bpiA F45A
ok 1bpiA F4A
ok 1bpiA G12A
ok 1bpiA G28A
ok 1bpiA G36A
ok 1bpiA G56A
ok 1bpiA G57A
ok 1bpiA I18A
ok 1bpiA I19A
ok 1bpiA K15A
ok 1bpiA K26A
ok 1bpiA K41A
ok 1bpiA K46A
ok 1bpiA L29A
ok 1bpiA L6A
ok 1bpiA M52A
ok 1bpiA N24A
ok 1bpiA N43G
ok 1bpiA N44A
ok 1bpiA P13A
ok 1bpiA P13S
1bpiA batch1/1 n=18
ok 1bpiA P2A
ok 1bpiA P8A
ok 1bpiA P9A
ok 1bpiA Q31A
ok 1bpiA R17A
ok 1bpiA R1A
ok 1bpiA R20A
ok 1bpiA R39A
ok 1bpiA R42A
ok 1bpiA R53A
ok 1bpiA S47A
ok 1bpiA T11A
ok 1bpiA T32A
ok 1bpiA T54A
ok 1bpiA V34A
ok 1bpiA Y10A
ok 1bpiA Y23A
ok 1bpiA Y35L
PREBATCHED 1bpiA 43
ALL LARGE PREBATCHED S_921
