{
  "all_entries_passed": true,
  "allclose_field_match_count": 8208,
  "error_entry_count": 0,
  "exact_field_match_count": 6621,
  "field_comparison_count": 8208,
  "field_order": [
    "center_mut_wild_energy",
    "center_mut_max_energy",
    "center_entropy",
    "weighted_neighbor_entropies",
    "weighted_neighbor_energy_changes",
    "backward_weighted_neighbor_energy_changes",
    "V2_backward_weighted_neighbor_energy_changes",
    "weighted_neighbor_forward_KL",
    "weighted_neighbor_backward_KL",
    "backward_weighted_neighbor_backward_KL",
    "V2_backward_weighted_neighbor_backward_KL",
    "weighted_neighbor_entropy_changes",
    "backward_weighted_neighbor_entropy_changes",
    "V2_backward_weighted_neighbor_entropy_changes",
    "center_neighbor_weight_check_m_w",
    "center_neighbor_weight_check_w_m",
    "neighbor_embedding_change_m_w",
    "neighbor_embedding_change_m_w_raw",
    "neighbor_message_change_m_w",
    "neighbor_message_change_m_w_raw",
    "unweighted_backward_KL",
    "unweighted_forward_KL",
    "wild_pssm",
    "alternate_pssm"
  ],
  "max_abs_diff": 5.32375236162e-06,
  "mismatch_entry_count": 0,
  "mismatched_field_counts": {},
  "ok_entry_count": 342,
  "pdb_dir": "drive_evidence_copy/sajidahmedprotres_drive/ACCRE_PyRun_Setup/Ssym_PDB_Files",
  "processed_entry_count": 342,
  "pssm_dir": "drive_evidence_copy/sajidahmedprotres_drive/ACCRE_PyRun_Setup/Ssym_pssm_dir",
  "target_entry_count": 342,
  "target_pickle": "drive_evidence_copy/sajidahmedprotres_drive/Protein_MPNN_Digging/Ssym_pmppn_info_dict_V3.pickle"
}
