[2026-09-12T18:48:21Z] Waiting for S2648 full pipeline to finish
[2026-09-12T18:48:21Z] still running outs=84
[2026-09-12T18:50:21Z] still running outs=87
[2026-09-12T18:52:21Z] still running outs=89
[2026-09-12T18:54:21Z] still running outs=91
[2026-09-12T18:56:21Z] still running outs=95
[2026-09-12T18:58:21Z] still running outs=97
[2026-09-12T19:00:21Z] still running outs=100
[2026-09-12T19:02:21Z] still running outs=103
[2026-09-12T19:04:21Z] still running outs=105
[2026-09-12T19:06:21Z] still running outs=110
[2026-09-12T19:08:21Z] still running outs=114
[2026-09-12T19:10:21Z] still running outs=118
[2026-09-12T19:12:21Z] still running outs=121
[2026-09-12T19:14:21Z] still running outs=124
[2026-09-12T19:16:21Z] still running outs=126
[2026-09-12T19:18:21Z] still running outs=130
[2026-09-12T19:20:21Z] still running outs=132
[2026-09-12T19:22:21Z] Pipeline idle; waiting for run-dir extraction_tensors.pickle
verified_ok_entries=2647 missing=[] size=219235986
-rw-r--r-- 1 box box 210M Sep 12 19:23 reproduction_inputs/pmpnn_ddg_extraction_tensors_2026-09-12/S2648_extraction_tensors.pickle
-rw-r--r-- 1 box box 210M Sep 12 19:23 reproduction_inputs/pmpnn_ddg_features_2026-09-12/S2648_features_from_full_tensors.pickle
[2026-09-12T19:23:24Z] POST S2648 already staged/committed
  "pearson_signed": {
    "message_NR_vs_ddg": -0.15358394888382315,
    "message_CN_vs_ddg": 0.037262655217490774,
    "neighbor_embedding_NR_vs_ddg": 0.2751865048247673,
    "neighbor_embedding_CN_vs_ddg": 0.31858958931478776
  },
  "pearson_abs": {
    "message_NR": 0.15358394888382315,
    "message_CN": 0.037262655217490774,
    "neighbor_embedding_NR": 0.2751865048247673,
    "neighbor_embedding_CN": 0.31858958931478776
  },
  "notebook_printed_abs": {
    "neighbor_embedding_pair_abs": [
      0.26,
      0.31
    ],
    "message_pair_abs": [
      0.15,
      0.03
    ]
  },
  "vs_notebook": {
    "neighbor_embedding_NR": "mismatch",
    "neighbor_embedding_CN": "near",
    "message_NR": "match",
    "message_CN": "near"
  }
}
wrote reproduction_runs/2026-09-12/s2648_train_feature_figures/figure3_norm_ratio_vs_change_norm.png
[2026-09-12T19:23:27Z] POST S2648 done post-promote S2648
[2026-09-12T19:23:27Z] Prebatch S669 larges (>=45)
[2026-09-12T19:24:12Z] S921 prebatch warn
[2026-09-12T19:24:12Z] Waiting for S669 extraction_tensors
