Starting RF with regenerated S_2648 train + Ssym eval Sat Sep 12 14:39:34 UTC 2026
Feature B mode: historical_weighted
Loading saved historical V3 pickles...
  override S_2648 <- reproduction_runs/2026-09-12/pdb_to_features_s2648/regenerated_v3_features.pickle
  override Ssym <- reproduction_runs/2026-09-12/pdb_to_features_ssym/regenerated_v3_features.pickle
  S_2648: kept=2619 skipped=0
  S_921: kept=921 skipped=0
  S_669: kept=638 skipped=31
  Ssym: kept=342 skipped=0
Fitting PCA/KPCA on S_2648 raw vectors (seed=0, sample=10000)...
  embedding neighbors stacked shape=[39285, 128]; message stacked shape=[39285, 128]
Projecting instances and building forward+reverse matrices...
  S_2648: forward=2619 aug=(5238, 41) full_AH_dims=12
  S_921: forward=921 aug=(1842, 41) full_AH_dims=12
  Applied S_669 DDG sign flip (y *= -1) per notebook protocol
  S_669: forward=638 aug=(1276, 41) full_AH_dims=12
  Ssym: forward=342 aug=(684, 41) full_AH_dims=12
Training/evaluating config=notebook_table1 n_runs=10...
  [notebook_table1] run 1/10 done (0.9s elapsed)
  [notebook_table1] run 2/10 done (1.8s elapsed)
  [notebook_table1] run 3/10 done (2.6s elapsed)
  [notebook_table1] run 4/10 done (3.5s elapsed)
  [notebook_table1] run 5/10 done (4.4s elapsed)
  [notebook_table1] run 6/10 done (5.2s elapsed)
  [notebook_table1] run 7/10 done (6.1s elapsed)
  [notebook_table1] run 8/10 done (6.9s elapsed)
  [notebook_table1] run 9/10 done (7.7s elapsed)
  [notebook_table1] run 10/10 done (8.6s elapsed)
  S_669: rF+R ours=0.6421 (round 0.64) paper=0.64; RMSE ours=1.4551 (round 1.46) paper=1.45; rF-R ours=-0.9937 (round -0.99) paper=-0.99
  Ssym: rF+R ours=0.8141 (round 0.81) paper=0.81; RMSE ours=1.0972 (round 1.10) paper=1.10; rF-R ours=-0.9955 (round -1.00) paper=-0.99
  S_921: rF+R ours=0.7950 (round 0.79) paper=0.79; RMSE ours=1.4925 (round 1.49) paper=1.49; rF-R ours=-0.9960 (round -1.00) paper=-1.00
Training/evaluating config=manuscript_literal n_runs=10...
  [manuscript_literal] run 1/10 done (1.5s elapsed)
  [manuscript_literal] run 2/10 done (3.1s elapsed)
  [manuscript_literal] run 3/10 done (4.6s elapsed)
  [manuscript_literal] run 4/10 done (6.1s elapsed)
  [manuscript_literal] run 5/10 done (7.6s elapsed)
  [manuscript_literal] run 6/10 done (9.1s elapsed)
  [manuscript_literal] run 7/10 done (10.8s elapsed)
  [manuscript_literal] run 8/10 done (12.4s elapsed)
  [manuscript_literal] run 9/10 done (13.9s elapsed)
  [manuscript_literal] run 10/10 done (15.5s elapsed)
  S_669: rF+R ours=0.6376 (round 0.64) paper=0.64; RMSE ours=1.4625 (round 1.46) paper=1.45; rF-R ours=-0.9937 (round -0.99) paper=-0.99
  Ssym: rF+R ours=0.8086 (round 0.81) paper=0.81; RMSE ours=1.0981 (round 1.10) paper=1.10; rF-R ours=-0.9947 (round -0.99) paper=-0.99
  S_921: rF+R ours=0.7935 (round 0.79) paper=0.79; RMSE ours=1.4700 (round 1.47) paper=1.49; rF-R ours=-0.9959 (round -1.00) paper=-1.00
Wrote reproduction_runs/2026-09-12/rf_from_regenerated_s2648_ssym/ours_vs_paper_table1.tsv
Wrote reproduction_runs/2026-09-12/rf_from_regenerated_s2648_ssym/rf_train_eval_summary.json
Wrote reproduction_runs/2026-09-12/rf_from_regenerated_s2648_ssym/rf_per_run_metrics.json
RF done Sat Sep 12 14:41:30 UTC 2026
