[2026-09-12T19:24:34Z] wait S669
verified_ok_entries=587 missing=[] size=48184611
-rw-r--r-- 1 box box 46M Sep 12 20:04 reproduction_inputs/pmpnn_ddg_extraction_tensors_2026-09-12/S669_extraction_tensors.pickle
-rw-r--r-- 1 box box 46M Sep 12 20:04 reproduction_inputs/pmpnn_ddg_features_2026-09-12/S669_features_from_full_tensors.pickle
[reproduce-paper-results e481389] Promote S669 full extraction tensors + features-from-full to Git LFS (public bar)
 1 file changed, 3 insertions(+)
 create mode 100644 reproduction_inputs/pmpnn_ddg_features_2026-09-12/S669_features_from_full_tensors.pickle
To https://github.com/DRanger666/ProteinMPNN-DDG.git
   f933879..e481389  HEAD -> reproduce-paper-results
[2026-09-12T20:04:39Z] POST S669 pushed e481389
[2026-09-12T20:04:39Z] POST S669 done post-promote S669
[2026-09-12T20:04:39Z] wait S921
verified_ok_entries=921 missing=[] size=77104669
-rw-r--r-- 1 box box 74M Sep 12 20:48 reproduction_inputs/pmpnn_ddg_extraction_tensors_2026-09-12/S921_extraction_tensors.pickle
-rw-r--r-- 1 box box 74M Sep 12 20:48 reproduction_inputs/pmpnn_ddg_features_2026-09-12/S921_features_from_full_tensors.pickle
[reproduce-paper-results 40c1f6c] Promote S921 full extraction tensors + features-from-full to Git LFS (public bar)
 1 file changed, 3 insertions(+)
 create mode 100644 reproduction_inputs/pmpnn_ddg_features_2026-09-12/S921_features_from_full_tensors.pickle
To https://github.com/DRanger666/ProteinMPNN-DDG.git
   51cbc44..40c1f6c  HEAD -> reproduce-paper-results
[2026-09-12T20:48:44Z] POST S921 pushed 40c1f6c
[2026-09-12T20:48:44Z] POST S921 done post-promote S921
[2026-09-12T20:48:44Z] done
